Archive member included to satisfy reference by file (symbol)

C:/ST/STM32CubeIDE_2.1.1/STM32CubeIDE/plugins/com.st.stm32cube.ide.mcu.externaltools.gnu-tools-for-stm32.14.3.rel1.win32_1.0.100.202602081740/tools/bin/../lib/gcc/arm-none-eabi/14.3.1/../../../../arm-none-eabi/lib/thumb/v8-m.main+fp/hard\libc_nano.a(libc_a-exit.o)
                              C:/ST/STM32CubeIDE_2.1.1/STM32CubeIDE/plugins/com.st.stm32cube.ide.mcu.externaltools.gnu-tools-for-stm32.14.3.rel1.win32_1.0.100.202602081740/tools/bin/../lib/gcc/arm-none-eabi/14.3.1/../../../../arm-none-eabi/lib/thumb/v8-m.main+fp/hard/crt0.o (exit)
C:/ST/STM32CubeIDE_2.1.1/STM32CubeIDE/plugins/com.st.stm32cube.ide.mcu.externaltools.gnu-tools-for-stm32.14.3.rel1.win32_1.0.100.202602081740/tools/bin/../lib/gcc/arm-none-eabi/14.3.1/../../../../arm-none-eabi/lib/thumb/v8-m.main+fp/hard\libc_nano.a(libc_a-findfp.o)
                              C:/ST/STM32CubeIDE_2.1.1/STM32CubeIDE/plugins/com.st.stm32cube.ide.mcu.externaltools.gnu-tools-for-stm32.14.3.rel1.win32_1.0.100.202602081740/tools/bin/../lib/gcc/arm-none-eabi/14.3.1/../../../../arm-none-eabi/lib/thumb/v8-m.main+fp/hard\libc_nano.a(libc_a-exit.o) (__stdio_exit_handler)
C:/ST/STM32CubeIDE_2.1.1/STM32CubeIDE/plugins/com.st.stm32cube.ide.mcu.externaltools.gnu-tools-for-stm32.14.3.rel1.win32_1.0.100.202602081740/tools/bin/../lib/gcc/arm-none-eabi/14.3.1/../../../../arm-none-eabi/lib/thumb/v8-m.main+fp/hard\libc_nano.a(libc_a-fwalk.o)
                              C:/ST/STM32CubeIDE_2.1.1/STM32CubeIDE/plugins/com.st.stm32cube.ide.mcu.externaltools.gnu-tools-for-stm32.14.3.rel1.win32_1.0.100.202602081740/tools/bin/../lib/gcc/arm-none-eabi/14.3.1/../../../../arm-none-eabi/lib/thumb/v8-m.main+fp/hard\libc_nano.a(libc_a-findfp.o) (_fwalk_sglue)
C:/ST/STM32CubeIDE_2.1.1/STM32CubeIDE/plugins/com.st.stm32cube.ide.mcu.externaltools.gnu-tools-for-stm32.14.3.rel1.win32_1.0.100.202602081740/tools/bin/../lib/gcc/arm-none-eabi/14.3.1/../../../../arm-none-eabi/lib/thumb/v8-m.main+fp/hard\libc_nano.a(libc_a-stdio.o)
                              C:/ST/STM32CubeIDE_2.1.1/STM32CubeIDE/plugins/com.st.stm32cube.ide.mcu.externaltools.gnu-tools-for-stm32.14.3.rel1.win32_1.0.100.202602081740/tools/bin/../lib/gcc/arm-none-eabi/14.3.1/../../../../arm-none-eabi/lib/thumb/v8-m.main+fp/hard\libc_nano.a(libc_a-findfp.o) (__sread)
C:/ST/STM32CubeIDE_2.1.1/STM32CubeIDE/plugins/com.st.stm32cube.ide.mcu.externaltools.gnu-tools-for-stm32.14.3.rel1.win32_1.0.100.202602081740/tools/bin/../lib/gcc/arm-none-eabi/14.3.1/../../../../arm-none-eabi/lib/thumb/v8-m.main+fp/hard\libc_nano.a(libc_a-memset.o)
                              C:/ST/STM32CubeIDE_2.1.1/STM32CubeIDE/plugins/com.st.stm32cube.ide.mcu.externaltools.gnu-tools-for-stm32.14.3.rel1.win32_1.0.100.202602081740/tools/bin/../lib/gcc/arm-none-eabi/14.3.1/../../../../arm-none-eabi/lib/thumb/v8-m.main+fp/hard/crt0.o (memset)
C:/ST/STM32CubeIDE_2.1.1/STM32CubeIDE/plugins/com.st.stm32cube.ide.mcu.externaltools.gnu-tools-for-stm32.14.3.rel1.win32_1.0.100.202602081740/tools/bin/../lib/gcc/arm-none-eabi/14.3.1/../../../../arm-none-eabi/lib/thumb/v8-m.main+fp/hard\libc_nano.a(libc_a-closer.o)
                              C:/ST/STM32CubeIDE_2.1.1/STM32CubeIDE/plugins/com.st.stm32cube.ide.mcu.externaltools.gnu-tools-for-stm32.14.3.rel1.win32_1.0.100.202602081740/tools/bin/../lib/gcc/arm-none-eabi/14.3.1/../../../../arm-none-eabi/lib/thumb/v8-m.main+fp/hard\libc_nano.a(libc_a-stdio.o) (_close_r)
C:/ST/STM32CubeIDE_2.1.1/STM32CubeIDE/plugins/com.st.stm32cube.ide.mcu.externaltools.gnu-tools-for-stm32.14.3.rel1.win32_1.0.100.202602081740/tools/bin/../lib/gcc/arm-none-eabi/14.3.1/../../../../arm-none-eabi/lib/thumb/v8-m.main+fp/hard\libc_nano.a(libc_a-reent.o)
                              C:/ST/STM32CubeIDE_2.1.1/STM32CubeIDE/plugins/com.st.stm32cube.ide.mcu.externaltools.gnu-tools-for-stm32.14.3.rel1.win32_1.0.100.202602081740/tools/bin/../lib/gcc/arm-none-eabi/14.3.1/../../../../arm-none-eabi/lib/thumb/v8-m.main+fp/hard\libc_nano.a(libc_a-closer.o) (errno)
C:/ST/STM32CubeIDE_2.1.1/STM32CubeIDE/plugins/com.st.stm32cube.ide.mcu.externaltools.gnu-tools-for-stm32.14.3.rel1.win32_1.0.100.202602081740/tools/bin/../lib/gcc/arm-none-eabi/14.3.1/../../../../arm-none-eabi/lib/thumb/v8-m.main+fp/hard\libc_nano.a(libc_a-impure.o)
                              C:/ST/STM32CubeIDE_2.1.1/STM32CubeIDE/plugins/com.st.stm32cube.ide.mcu.externaltools.gnu-tools-for-stm32.14.3.rel1.win32_1.0.100.202602081740/tools/bin/../lib/gcc/arm-none-eabi/14.3.1/../../../../arm-none-eabi/lib/thumb/v8-m.main+fp/hard\libc_nano.a(libc_a-reent.o) (_impure_ptr)
C:/ST/STM32CubeIDE_2.1.1/STM32CubeIDE/plugins/com.st.stm32cube.ide.mcu.externaltools.gnu-tools-for-stm32.14.3.rel1.win32_1.0.100.202602081740/tools/bin/../lib/gcc/arm-none-eabi/14.3.1/../../../../arm-none-eabi/lib/thumb/v8-m.main+fp/hard\libc_nano.a(libc_a-lseekr.o)
[...]
Memory Configuration

Name             Origin             Length             Attributes
RAM              0x20000000         0x00040000         xrw
SRAM4            0x28000000         0x00004000         xrw
FLASH            0x08000000         0x00080000         xr
*default*        0x00000000         0xffffffff

Linker script and memory map

LOAD C:/ST/STM32CubeIDE_2.1.1/STM32CubeIDE/plugins/com.st.stm32cube.ide.mcu.externaltools.gnu-tools-for-stm32.14.3.rel1.win32_1.0.100.202602081740/tools/bin/../lib/gcc/arm-none-eabi/14.3.1/thumb/v8-m.main+fp/hard/crti.o
LOAD C:/ST/STM32CubeIDE_2.1.1/STM32CubeIDE/plugins/com.st.stm32cube.ide.mcu.externaltools.gnu-tools-for-stm32.14.3.rel1.win32_1.0.100.202602081740/tools/bin/../lib/gcc/arm-none-eabi/14.3.1/thumb/v8-m.main+fp/hard/crtbegin.o
LOAD C:/ST/STM32CubeIDE_2.1.1/STM32CubeIDE/plugins/com.st.stm32cube.ide.mcu.externaltools.gnu-tools-for-stm32.14.3.rel1.win32_1.0.100.202602081740/tools/bin/../lib/gcc/arm-none-eabi/14.3.1/../../../../arm-none-eabi/lib/thumb/v8-m.main+fp/hard/crt0.o
LOAD ./Application/User/Core/main.o
LOAD ./Application/User/Core/stm32u5xx_hal_msp.o
LOAD ./Application/User/Core/stm32u5xx_it.o
LOAD ./Application/User/Core/syscalls.o
LOAD ./Application/User/Core/sysmem.o
LOAD ./Application/User/Startup/startup_stm32u545cetx.o
LOAD ./Drivers/CMSIS/system_stm32u5xx.o
LOAD ./Drivers/STM32U5xx_HAL_Driver/stm32u5xx_hal.o
LOAD ./Drivers/STM32U5xx_HAL_Driver/stm32u5xx_hal_cortex.o
LOAD ./Drivers/STM32U5xx_HAL_Driver/stm32u5xx_hal_dma.o
LOAD ./Drivers/STM32U5xx_HAL_Driver/stm32u5xx_hal_dma_ex.o
LOAD ./Drivers/STM32U5xx_HAL_Driver/stm32u5xx_hal_exti.o
LOAD ./Drivers/STM32U5xx_HAL_Driver/stm32u5xx_hal_fdcan.o
LOAD ./Drivers/STM32U5xx_HAL_Driver/stm32u5xx_hal_flash.o
LOAD ./Drivers/STM32U5xx_HAL_Driver/stm32u5xx_hal_flash_ex.o
LOAD ./Drivers/STM32U5xx_HAL_Driver/stm32u5xx_hal_gpio.o
LOAD ./Drivers/STM32U5xx_HAL_Driver/stm32u5xx_hal_gtzc.o
LOAD ./Drivers/STM32U5xx_HAL_Driver/stm32u5xx_hal_i2c.o
LOAD ./Drivers/STM32U5xx_HAL_Driver/stm32u5xx_hal_i2c_ex.o
LOAD ./Drivers/STM32U5xx_HAL_Driver/stm32u5xx_hal_icache.o
LOAD ./Drivers/STM32U5xx_HAL_Driver/stm32u5xx_hal_ospi.o
LOAD ./Drivers/STM32U5xx_HAL_Driver/stm32u5xx_hal_pwr.o
LOAD ./Drivers/STM32U5xx_HAL_Driver/stm32u5xx_hal_pwr_ex.o
LOAD ./Drivers/STM32U5xx_HAL_Driver/stm32u5xx_hal_rcc.o
LOAD ./Drivers/STM32U5xx_HAL_Driver/stm32u5xx_hal_rcc_ex.o
LOAD ./Drivers/STM32U5xx_HAL_Driver/stm32u5xx_hal_spi.o
LOAD ./Drivers/STM32U5xx_HAL_Driver/stm32u5xx_hal_spi_ex.o
LOAD ./Drivers/STM32U5xx_HAL_Driver/stm32u5xx_ll_dlyb.o
START GROUP
LOAD C:/ST/STM32CubeIDE_2.1.1/STM32CubeIDE/plugins/com.st.stm32cube.ide.mcu.externaltools.gnu-tools-for-stm32.14.3.rel1.win32_1.0.100.202602081740/tools/bin/../lib/gcc/arm-none-eabi/14.3.1/../../../../arm-none-eabi/lib/thumb/v8-m.main+fp/hard\libc_nano.a
LOAD C:/ST/STM32CubeIDE_2.1.1/STM32CubeIDE/plugins/com.st.stm32cube.ide.mcu.externaltools.gnu-tools-for-stm32.14.3.rel1.win32_1.0.100.202602081740/tools/bin/../lib/gcc/arm-none-eabi/14.3.1/../../../../arm-none-eabi/lib/thumb/v8-m.main+fp/hard\libm.a
END GROUP
START GROUP
LOAD C:/ST/STM32CubeIDE_2.1.1/STM32CubeIDE/plugins/com.st.stm32cube.ide.mcu.externaltools.gnu-tools-for-stm32.14.3.rel1.win32_1.0.100.202602081740/tools/bin/../lib/gcc/arm-none-eabi/14.3.1/thumb/v8-m.main+fp/hard\libgcc.a
LOAD C:/ST/STM32CubeIDE_2.1.1/STM32CubeIDE/plugins/com.st.stm32cube.ide.mcu.externaltools.gnu-tools-for-stm32.14.3.rel1.win32_1.0.100.202602081740/tools/bin/../lib/gcc/arm-none-eabi/14.3.1/../../../../arm-none-eabi/lib/thumb/v8-m.main+fp/hard\libc_nano.a
END GROUP
START GROUP
LOAD C:/ST/STM32CubeIDE_2.1.1/STM32CubeIDE/plugins/com.st.stm32cube.ide.mcu.externaltools.gnu-tools-for-stm32.14.3.rel1.win32_1.0.100.202602081740/tools/bin/../lib/gcc/arm-none-eabi/14.3.1/thumb/v8-m.main+fp/hard\libgcc.a
LOAD C:/ST/STM32CubeIDE_2.1.1/STM32CubeIDE/plugins/com.st.stm32cube.ide.mcu.externaltools.gnu-tools-for-stm32.14.3.rel1.win32_1.0.100.202602081740/tools/bin/../lib/gcc/arm-none-eabi/14.3.1/../../../../arm-none-eabi/lib/thumb/v8-m.main+fp/hard\libc_nano.a
LOAD C:/ST/STM32CubeIDE_2.1.1/STM32CubeIDE/plugins/com.st.stm32cube.ide.mcu.externaltools.gnu-tools-for-stm32.14.3.rel1.win32_1.0.100.202602081740/tools/bin/../lib/gcc/arm-none-eabi/14.3.1/../../../../arm-none-eabi/lib/thumb/v8-m.main+fp/hard\libnosys.a
END GROUP
START GROUP
LOAD C:/ST/STM32CubeIDE_2.1.1/STM32CubeIDE/plugins/com.st.stm32cube.ide.mcu.externaltools.gnu-tools-for-stm32.14.3.rel1.win32_1.0.100.202602081740/tools/bin/../lib/gcc/arm-none-eabi/14.3.1/thumb/v8-m.main+fp/hard\libgcc.a
LOAD C:/ST/STM32CubeIDE_2.1.1/STM32CubeIDE/plugins/com.st.stm32cube.ide.mcu.externaltools.gnu-tools-for-stm32.14.3.rel1.win32_1.0.100.202602081740/tools/bin/../lib/gcc/arm-none-eabi/14.3.1/../../../../arm-none-eabi/lib/thumb/v8-m.main+fp/hard\libc_nano.a
LOAD C:/ST/STM32CubeIDE_2.1.1/STM32CubeIDE/plugins/com.st.stm32cube.ide.mcu.externaltools.gnu-tools-for-stm32.14.3.rel1.win32_1.0.100.202602081740/tools/bin/../lib/gcc/arm-none-eabi/14.3.1/../../../../arm-none-eabi/lib/thumb/v8-m.main+fp/hard\libnosys.a
END GROUP
LOAD C:/ST/STM32CubeIDE_2.1.1/STM32CubeIDE/plugins/com.st.stm32cube.ide.mcu.externaltools.gnu-tools-for-stm32.14.3.rel1.win32_1.0.100.202602081740/tools/bin/../lib/gcc/arm-none-eabi/14.3.1/thumb/v8-m.main+fp/hard/crtend.o
LOAD C:/ST/STM32CubeIDE_2.1.1/STM32CubeIDE/plugins/com.st.stm32cube.ide.mcu.externaltools.gnu-tools-for-stm32.14.3.rel1.win32_1.0.100.202602081740/tools/bin/../lib/gcc/arm-none-eabi/14.3.1/thumb/v8-m.main+fp/hard/crtn.o
                0x20040000                        _estack = (ORIGIN (RAM) + LENGTH (RAM))
                0x2003fc00                        _sstack = (_estack - _Min_Stack_Size)
                0x00000200                        _Min_Heap_Size = 0x200
                0x00000400                        _Min_Stack_Size = 0x400

.isr_vector     0x08000000      0x238
 *(.isr_vector)
 .isr_vector    0x08000000      0x238 ./Application/User/Startup/startup_stm32u545cetx.o
                0x08000000                g_pfnVectors

.text           0x08000238     0x47c0
 *(.text)
 .text          0x08000238       0x40 C:/ST/STM32CubeIDE_2.1.1/STM32CubeIDE/plugins/com.st.stm32cube.ide.mcu.externaltools.gnu-tools-for-stm32.14.3.rel1.win32_1.0.100.202602081740/tools/bin/../lib/gcc/arm-none-eabi/14.3.1/thumb/v8-m.main+fp/hard/crtbegin.o
 *(.text*)
 .text.FDCAN1_StartReception
                0x08000278       0x64 ./Application/User/Core/main.o
 .text.HAL_FDCAN_RxFifo0Callback
                0x080002dc       0x5c ./Application/User/Core/main.o
                0x080002dc                HAL_FDCAN_RxFifo0Callback
 .text.main     0x08000338       0xac ./Application/User/Core/main.o
                0x08000338                main
 .text.SystemClock_Config
                0x080003e4       0xb0 ./Application/User/Core/main.o
                0x080003e4                SystemClock_Config
 .text.MX_FDCAN1_Init
                0x08000494       0x8c ./Application/User/Core/main.o
 .text.MX_OCTOSPI1_Init
                0x08000520       0x7c ./Application/User/Core/main.o
 .text.MX_SPI2_Init
                0x0800059c       0xdc ./Application/User/Core/main.o
 .text.MX_GPIO_Init
                0x08000678       0xd4 ./Application/User/Core/main.o
 .text.Error_Handler
                0x0800074c        0xc ./Application/User/Core/main.o
                0x0800074c                Error_Handler
 .text.HAL_MspInit
                0x08000758       0x34 ./Application/User/Core/stm32u5xx_hal_msp.o
                0x08000758                HAL_MspInit
 .text.HAL_FDCAN_MspInit
                0x0800078c       0xe4 ./Application/User/Core/stm32u5xx_hal_msp.o
                0x0800078c                HAL_FDCAN_MspInit
 .text.HAL_OSPI_MspInit
                0x08000870      0x11c ./Application/User/Core/stm32u5xx_hal_msp.o
                0x08000870                HAL_OSPI_MspInit
 .text.HAL_SPI_MspInit
                0x0800098c       0xd4 ./Application/User/Core/stm32u5xx_hal_msp.o
                0x0800098c                HAL_SPI_MspInit
 .text.HardFault_CaptureState
                0x08000a60       0x8c ./Application/User/Core/stm32u5xx_it.o
 .text.NMI_Handler
                0x08000aec        0x8 ./Application/User/Core/stm32u5xx_it.o
                0x08000aec                NMI_Handler
 .text.HardFault_Handler
                0x08000af4       0x20 ./Application/User/Core/stm32u5xx_it.o
                0x08000af4                HardFault_Handler
 .text.MemManage_Handler
                0x08000b14        0x8 ./Application/User/Core/stm32u5xx_it.o
                0x08000b14                MemManage_Handler
 .text.BusFault_Handler
                0x08000b1c        0x8 ./Application/User/Core/stm32u5xx_it.o
                0x08000b1c                BusFault_Handler
 .text.UsageFault_Handler
                0x08000b24        0x8 ./Application/User/Core/stm32u5xx_it.o
                0x08000b24                UsageFault_Handler
 .text.SVC_Handler
                0x08000b2c        0xe ./Application/User/Core/stm32u5xx_it.o
                0x08000b2c                SVC_Handler
 .text.DebugMon_Handler
                0x08000b3a        0xe ./Application/User/Core/stm32u5xx_it.o
                0x08000b3a                DebugMon_Handler
 .text.PendSV_Handler
                0x08000b48        0xe ./Application/User/Core/stm32u5xx_it.o
                0x08000b48                PendSV_Handler
 .text.SysTick_Handler
                0x08000b56        0xc ./Application/User/Core/stm32u5xx_it.o
                0x08000b56                SysTick_Handler
 *fill*         0x08000b62        0x2 
 .text.FDCAN1_IT0_IRQHandler
                0x08000b64       0x14 ./Application/User/Core/stm32u5xx_it.o
                0x08000b64                FDCAN1_IT0_IRQHandler
 .text.Reset_Handler
                0x08000b78       0x50 ./Application/User/Startup/startup_stm32u545cetx.o
                0x08000b78                Reset_Handler
 .text.Default_Handler
                0x08000bc8        0x2 ./Application/User/Startup/startup_stm32u545cetx.o
                0x08000bc8                EXTI2_IRQHandler
                0x08000bc8                TIM8_TRG_COM_IRQHandler
                0x08000bc8                TIM8_CC_IRQHandler
                0x08000bc8                EXTI5_IRQHandler
                0x08000bc8                FLASH_S_IRQHandler
                0x08000bc8                EXTI13_IRQHandler
                0x08000bc8                TIM1_CC_IRQHandler
                0x08000bc8                TSC_IRQHandler
                0x08000bc8                TAMP_IRQHandler
                0x08000bc8                TIM6_IRQHandler
                0x08000bc8                EXTI12_IRQHandler
                0x08000bc8                CORDIC_IRQHandler
                0x08000bc8                EXTI3_IRQHandler
                0x08000bc8                LPTIM4_IRQHandler
                0x08000bc8                GPDMA1_Channel5_IRQHandler
                0x08000bc8                EXTI8_IRQHandler
                0x08000bc8                LPTIM2_IRQHandler
                0x08000bc8                I2C3_ER_IRQHandler
                0x08000bc8                PWR_S3WU_IRQHandler
                0x08000bc8                LPDMA1_Channel3_IRQHandler
                0x08000bc8                LPTIM3_IRQHandler
                0x08000bc8                EXTI0_IRQHandler
                0x08000bc8                I2C2_EV_IRQHandler
                0x08000bc8                FPU_IRQHandler
                0x08000bc8                GPDMA1_Channel3_IRQHandler
                0x08000bc8                GPDMA1_Channel7_IRQHandler
                0x08000bc8                FDCAN1_IT1_IRQHandler
                0x08000bc8                RAMCFG_IRQHandler
                0x08000bc8                GPDMA1_Channel9_IRQHandler
                0x08000bc8                DCACHE1_IRQHandler
                0x08000bc8                SPI1_IRQHandler
                0x08000bc8                OCTOSPI1_IRQHandler
                0x08000bc8                GPDMA1_Channel2_IRQHandler
                0x08000bc8                TIM8_UP_IRQHandler
                0x08000bc8                RCC_S_IRQHandler
                0x08000bc8                MDF1_FLT1_IRQHandler
                0x08000bc8                ADC1_IRQHandler
                0x08000bc8                PKA_IRQHandler
                0x08000bc8                EXTI15_IRQHandler
                0x08000bc8                TIM17_IRQHandler
                0x08000bc8                USART3_IRQHandler
                0x08000bc8                RTC_IRQHandler
                0x08000bc8                EXTI9_IRQHandler
                0x08000bc8                UART5_IRQHandler
                0x08000bc8                TIM4_IRQHandler
                0x08000bc8                I2C1_EV_IRQHandler
                0x08000bc8                GPDMA1_Channel12_IRQHandler
                0x08000bc8                GPDMA1_Channel1_IRQHandler
                0x08000bc8                TIM16_IRQHandler
                0x08000bc8                GPDMA1_Channel15_IRQHandler
                0x08000bc8                UART4_IRQHandler
                0x08000bc8                SecureFault_Handler
                0x08000bc8                TIM3_IRQHandler
                0x08000bc8                RCC_IRQHandler
                0x08000bc8                TIM1_TRG_COM_IRQHandler
                0x08000bc8                Default_Handler
                0x08000bc8                GPDMA1_Channel8_IRQHandler
                0x08000bc8                FMAC_IRQHandler
                0x08000bc8                OTFDEC1_IRQHandler
                0x08000bc8                GPDMA1_Channel11_IRQHandler
                0x08000bc8                TIM7_IRQHandler
                0x08000bc8                SDMMC1_IRQHandler
                0x08000bc8                SAES_IRQHandler
                0x08000bc8                TIM5_IRQHandler
                0x08000bc8                GPDMA1_Channel0_IRQHandler
                0x08000bc8                TIM15_IRQHandler
                0x08000bc8                I2C3_EV_IRQHandler
                0x08000bc8                USB_IRQHandler
                0x08000bc8                LPDMA1_Channel0_IRQHandler
                0x08000bc8                PVD_PVM_IRQHandler
                0x08000bc8                SPI2_IRQHandler
                0x08000bc8                LPDMA1_Channel1_IRQHandler
                0x08000bc8                EXTI14_IRQHandler
                0x08000bc8                EXTI11_IRQHandler
                0x08000bc8                CRS_IRQHandler
                0x08000bc8                GPDMA1_Channel14_IRQHandler
                0x08000bc8                LSECSSD_IRQHandler
                0x08000bc8                EXTI4_IRQHandler
                0x08000bc8                RTC_S_IRQHandler
                0x08000bc8                GPDMA1_Channel13_IRQHandler
                0x08000bc8                RNG_IRQHandler
                0x08000bc8                COMP_IRQHandler
                0x08000bc8                TIM1_UP_IRQHandler
                0x08000bc8                ADC4_IRQHandler
                0x08000bc8                WWDG_IRQHandler
                0x08000bc8                I2C4_EV_IRQHandler
                0x08000bc8                ADF1_IRQHandler
                0x08000bc8                IWDG_IRQHandler
                0x08000bc8                LPUART1_IRQHandler
                0x08000bc8                MDF1_FLT0_IRQHandler
                0x08000bc8                TIM2_IRQHandler
                0x08000bc8                GPDMA1_Channel4_IRQHandler
                0x08000bc8                EXTI7_IRQHandler
                0x08000bc8                TIM1_BRK_IRQHandler
                0x08000bc8                EXTI1_IRQHandler
                0x08000bc8                AES_IRQHandler
                0x08000bc8                DAC1_IRQHandler
                0x08000bc8                GTZC_IRQHandler
                0x08000bc8                GPDMA1_Channel6_IRQHandler
                0x08000bc8                I2C2_ER_IRQHandler
                0x08000bc8                TIM8_BRK_IRQHandler
                0x08000bc8                FLASH_IRQHandler
                0x08000bc8                USART1_IRQHandler
                0x08000bc8                EXTI10_IRQHandler
                0x08000bc8                SPI3_IRQHandler
                0x08000bc8                LPDMA1_Channel2_IRQHandler
                0x08000bc8                I2C1_ER_IRQHandler
                0x08000bc8                EXTI6_IRQHandler
                0x08000bc8                LPTIM1_IRQHandler
                0x08000bc8                DCMI_PSSI_IRQHandler
                0x08000bc8                I2C4_ER_IRQHandler
                0x08000bc8                GPDMA1_Channel10_IRQHandler
                0x08000bc8                ICACHE_IRQHandler
                0x08000bc8                SAI1_IRQHandler
                0x08000bc8                HASH_IRQHandler
 *fill*         0x08000bca        0x2 
 .text.SystemInit
                0x08000bcc       0x70 ./Drivers/CMSIS/system_stm32u5xx.o
                0x08000bcc                SystemInit
 .text.HAL_Init
                0x08000c3c       0x60 ./Drivers/STM32U5xx_HAL_Driver/stm32u5xx_hal.o
                0x08000c3c                HAL_Init
 .text.HAL_InitTick
                0x08000c9c       0xec ./Drivers/STM32U5xx_HAL_Driver/stm32u5xx_hal.o
                0x08000c9c                HAL_InitTick
 .text.HAL_IncTick
                0x08000d88       0x28 ./Drivers/STM32U5xx_HAL_Driver/stm32u5xx_hal.o
                0x08000d88                HAL_IncTick
 .text.HAL_GetTick
                0x08000db0       0x18 ./Drivers/STM32U5xx_HAL_Driver/stm32u5xx_hal.o
                0x08000db0                HAL_GetTick
 .text.__NVIC_SetPriorityGrouping
                0x08000dc8       0x48 ./Drivers/STM32U5xx_HAL_Driver/stm32u5xx_hal_cortex.o
 .text.__NVIC_GetPriorityGrouping
                0x08000e10       0x1c ./Drivers/STM32U5xx_HAL_Driver/stm32u5xx_hal_cortex.o
 .text.__NVIC_EnableIRQ
                0x08000e2c       0x3c ./Drivers/STM32U5xx_HAL_Driver/stm32u5xx_hal_cortex.o
 .text.__NVIC_SetPriority
                0x08000e68       0x54 ./Drivers/STM32U5xx_HAL_Driver/stm32u5xx_hal_cortex.o
 .text.NVIC_EncodePriority
                0x08000ebc       0x66 ./Drivers/STM32U5xx_HAL_Driver/stm32u5xx_hal_cortex.o
 .text.HAL_NVIC_SetPriorityGrouping
                0x08000f22       0x16 ./Drivers/STM32U5xx_HAL_Driver/stm32u5xx_hal_cortex.o
                0x08000f22                HAL_NVIC_SetPriorityGrouping
 .text.HAL_NVIC_SetPriority
                0x08000f38       0x34 ./Drivers/STM32U5xx_HAL_Driver/stm32u5xx_hal_cortex.o
                0x08000f38                HAL_NVIC_SetPriority
 .text.HAL_NVIC_EnableIRQ
                0x08000f6c       0x1c ./Drivers/STM32U5xx_HAL_Driver/stm32u5xx_hal_cortex.o
                0x08000f6c                HAL_NVIC_EnableIRQ
 .text.HAL_SYSTICK_Config
                0x08000f88       0x44 ./Drivers/STM32U5xx_HAL_Driver/stm32u5xx_hal_cortex.o
                0x08000f88                HAL_SYSTICK_Config
 .text.HAL_SYSTICK_CLKSourceConfig
                0x08000fcc       0xb0 ./Drivers/STM32U5xx_HAL_Driver/stm32u5xx_hal_cortex.o
                0x08000fcc                HAL_SYSTICK_CLKSourceConfig
 .text.HAL_SYSTICK_GetCLKSourceConfig
                0x0800107c       0x74 ./Drivers/STM32U5xx_HAL_Driver/stm32u5xx_hal_cortex.o
                0x0800107c                HAL_SYSTICK_GetCLKSourceConfig
 .text.HAL_FDCAN_Init
                0x080010f0      0x2a4 ./Drivers/STM32U5xx_HAL_Driver/stm32u5xx_hal_fdcan.o
                0x080010f0                HAL_FDCAN_Init
 .text.HAL_FDCAN_ConfigGlobalFilter
                0x08001394       0x62 ./Drivers/STM32U5xx_HAL_Driver/stm32u5xx_hal_fdcan.o
                0x08001394                HAL_FDCAN_ConfigGlobalFilter
 .text.HAL_FDCAN_Start
                0x080013f6       0x50 ./Drivers/STM32U5xx_HAL_Driver/stm32u5xx_hal_fdcan.o
                0x080013f6                HAL_FDCAN_Start
 *fill*         0x08001446        0x2 
 .text.HAL_FDCAN_GetRxMessage
                0x08001448      0x210 ./Drivers/STM32U5xx_HAL_Driver/stm32u5xx_hal_fdcan.o
                0x08001448                HAL_FDCAN_GetRxMessage
 .text.HAL_FDCAN_GetProtocolStatus
                0x08001658       0xa0 ./Drivers/STM32U5xx_HAL_Driver/stm32u5xx_hal_fdcan.o
                0x08001658                HAL_FDCAN_GetProtocolStatus
 .text.HAL_FDCAN_GetErrorCounters
                0x080016f8       0x4a ./Drivers/STM32U5xx_HAL_Driver/stm32u5xx_hal_fdcan.o
                0x080016f8                HAL_FDCAN_GetErrorCounters
 .text.HAL_FDCAN_GetRxFifoFillLevel
                0x08001742       0x3c ./Drivers/STM32U5xx_HAL_Driver/stm32u5xx_hal_fdcan.o
                0x08001742                HAL_FDCAN_GetRxFifoFillLevel
 .text.HAL_FDCAN_ConfigInterruptLines
                0x0800177e       0x68 ./Drivers/STM32U5xx_HAL_Driver/stm32u5xx_hal_fdcan.o
                0x0800177e                HAL_FDCAN_ConfigInterruptLines
 .text.HAL_FDCAN_ActivateNotification
                0x080017e6      0x1cc ./Drivers/STM32U5xx_HAL_Driver/stm32u5xx_hal_fdcan.o
                0x080017e6                HAL_FDCAN_ActivateNotification
 .text.HAL_FDCAN_IRQHandler
                0x080019b2      0x266 ./Drivers/STM32U5xx_HAL_Driver/stm32u5xx_hal_fdcan.o
                0x080019b2                HAL_FDCAN_IRQHandler
 .text.HAL_FDCAN_TxEventFifoCallback
                0x08001c18       0x16 ./Drivers/STM32U5xx_HAL_Driver/stm32u5xx_hal_fdcan.o
                0x08001c18                HAL_FDCAN_TxEventFifoCallback
 .text.HAL_FDCAN_RxFifo1Callback
                0x08001c2e       0x16 ./Drivers/STM32U5xx_HAL_Driver/stm32u5xx_hal_fdcan.o
                0x08001c2e                HAL_FDCAN_RxFifo1Callback
 .text.HAL_FDCAN_TxFifoEmptyCallback
                0x08001c44       0x14 ./Drivers/STM32U5xx_HAL_Driver/stm32u5xx_hal_fdcan.o
                0x08001c44                HAL_FDCAN_TxFifoEmptyCallback
 .text.HAL_FDCAN_TxBufferCompleteCallback
                0x08001c58       0x16 ./Drivers/STM32U5xx_HAL_Driver/stm32u5xx_hal_fdcan.o
                0x08001c58                HAL_FDCAN_TxBufferCompleteCallback
 .text.HAL_FDCAN_TxBufferAbortCallback
                0x08001c6e       0x16 ./Drivers/STM32U5xx_HAL_Driver/stm32u5xx_hal_fdcan.o
                0x08001c6e                HAL_FDCAN_TxBufferAbortCallback
 .text.HAL_FDCAN_TimestampWraparoundCallback
                0x08001c84       0x14 ./Drivers/STM32U5xx_HAL_Driver/stm32u5xx_hal_fdcan.o
                0x08001c84                HAL_FDCAN_TimestampWraparoundCallback
 .text.HAL_FDCAN_TimeoutOccurredCallback
                0x08001c98       0x14 ./Drivers/STM32U5xx_HAL_Driver/stm32u5xx_hal_fdcan.o
                0x08001c98                HAL_FDCAN_TimeoutOccurredCallback
 .text.HAL_FDCAN_HighPriorityMessageCallback
                0x08001cac       0x14 ./Drivers/STM32U5xx_HAL_Driver/stm32u5xx_hal_fdcan.o
                0x08001cac                HAL_FDCAN_HighPriorityMessageCallback
 .text.HAL_FDCAN_ErrorCallback
                0x08001cc0       0x14 ./Drivers/STM32U5xx_HAL_Driver/stm32u5xx_hal_fdcan.o
                0x08001cc0                HAL_FDCAN_ErrorCallback
 .text.HAL_FDCAN_ErrorStatusCallback
                0x08001cd4       0x16 ./Drivers/STM32U5xx_HAL_Driver/stm32u5xx_hal_fdcan.o
                0x08001cd4                HAL_FDCAN_ErrorStatusCallback
 *fill*         0x08001cea        0x2 
 .text.FDCAN_CalcultateRamBlockAddresses
                0x08001cec       0xac ./Drivers/STM32U5xx_HAL_Driver/stm32u5xx_hal_fdcan.o
 .text.HAL_GPIO_Init
                0x08001d98      0x3c0 ./Drivers/STM32U5xx_HAL_Driver/stm32u5xx_hal_gpio.o
                0x08001d98                HAL_GPIO_Init
 .text.HAL_GPIO_WritePin
                0x08002158       0x30 ./Drivers/STM32U5xx_HAL_Driver/stm32u5xx_hal_gpio.o
                0x08002158                HAL_GPIO_WritePin
 .text.HAL_GPIO_TogglePin
                0x08002188       0x34 ./Drivers/STM32U5xx_HAL_Driver/stm32u5xx_hal_gpio.o
                0x08002188                HAL_GPIO_TogglePin
 .text.HAL_OSPI_Init
                0x080021bc      0x178 ./Drivers/STM32U5xx_HAL_Driver/stm32u5xx_hal_ospi.o
                0x080021bc                HAL_OSPI_Init
 .text.HAL_OSPI_SetTimeout
                0x08002334       0x1e ./Drivers/STM32U5xx_HAL_Driver/stm32u5xx_hal_ospi.o
                0x08002334                HAL_OSPI_SetTimeout
 .text.OSPI_WaitFlagStateUntilTimeout
                0x08002352       0x7e ./Drivers/STM32U5xx_HAL_Driver/stm32u5xx_hal_ospi.o
 .text.HAL_PWREx_ControlVoltageScaling
                0x080023d0       0xfc ./Drivers/STM32U5xx_HAL_Driver/stm32u5xx_hal_pwr_ex.o
                0x080023d0                HAL_PWREx_ControlVoltageScaling
 .text.HAL_PWREx_GetVoltageRange
                0x080024cc       0x1c ./Drivers/STM32U5xx_HAL_Driver/stm32u5xx_hal_pwr_ex.o
                0x080024cc                HAL_PWREx_GetVoltageRange
 .text.HAL_RCC_OscConfig
                0x080024e8      0xdb8 ./Drivers/STM32U5xx_HAL_Driver/stm32u5xx_hal_rcc.o
                0x080024e8                HAL_RCC_OscConfig
 .text.HAL_RCC_ClockConfig
                0x080032a0      0x3e4 ./Drivers/STM32U5xx_HAL_Driver/stm32u5xx_hal_rcc.o
                0x080032a0                HAL_RCC_ClockConfig
 .text.HAL_RCC_GetSysClockFreq
                0x08003684      0x204 ./Drivers/STM32U5xx_HAL_Driver/stm32u5xx_hal_rcc.o
                0x08003684                HAL_RCC_GetSysClockFreq
 .text.HAL_RCC_GetHCLKFreq
                0x08003888       0x34 ./Drivers/STM32U5xx_HAL_Driver/stm32u5xx_hal_rcc.o
                0x08003888                HAL_RCC_GetHCLKFreq
 .text.RCC_SetFlashLatencyFromMSIRange
                0x080038bc      0x10c ./Drivers/STM32U5xx_HAL_Driver/stm32u5xx_hal_rcc.o
 .text.HAL_RCCEx_PeriphCLKConfig
                0x080039c8      0xa7c ./Drivers/STM32U5xx_HAL_Driver/stm32u5xx_hal_rcc_ex.o
                0x080039c8                HAL_RCCEx_PeriphCLKConfig
 .text.RCCEx_PLL2_Config
                0x08004444      0x130 ./Drivers/STM32U5xx_HAL_Driver/stm32u5xx_hal_rcc_ex.o
 .text.RCCEx_PLL3_Config
                0x08004574      0x130 ./Drivers/STM32U5xx_HAL_Driver/stm32u5xx_hal_rcc_ex.o
 .text.HAL_SPI_Init
                0x080046a4      0x22c ./Drivers/STM32U5xx_HAL_Driver/stm32u5xx_hal_spi.o
                0x080046a4                HAL_SPI_Init
 .text.SPI_GetPacketSize
                0x080048d0       0x36 ./Drivers/STM32U5xx_HAL_Driver/stm32u5xx_hal_spi.o
 .text.HAL_SPIEx_SetConfigAutonomousMode
                0x08004906       0x82 ./Drivers/STM32U5xx_HAL_Driver/stm32u5xx_hal_spi_ex.o
                0x08004906                HAL_SPIEx_SetConfigAutonomousMode
 .text.memset   0x08004988       0x10 C:/ST/STM32CubeIDE_2.1.1/STM32CubeIDE/plugins/com.st.stm32cube.ide.mcu.externaltools.gnu-tools-for-stm32.14.3.rel1.win32_1.0.100.202602081740/tools/bin/../lib/gcc/arm-none-eabi/14.3.1/../../../../arm-none-eabi/lib/thumb/v8-m.main+fp/hard\libc_nano.a(libc_a-memset.o)
                0x08004988                memset
 .text.__libc_init_array
                0x08004998       0x48 C:/ST/STM32CubeIDE_2.1.1/STM32CubeIDE/plugins/com.st.stm32cube.ide.mcu.externaltools.gnu-tools-for-stm32.14.3.rel1.win32_1.0.100.202602081740/tools/bin/../lib/gcc/arm-none-eabi/14.3.1/../../../../arm-none-eabi/lib/thumb/v8-m.main+fp/hard\libc_nano.a(libc_a-init.o)
                0x08004998                __libc_init_array
 *(.glue_7)
 .glue_7        0x080049e0        0x0 linker stubs
 *(.glue_7t)
 .glue_7t       0x080049e0        0x0 linker stubs
 *(.eh_frame)
 .eh_frame      0x080049e0        0x0 C:/ST/STM32CubeIDE_2.1.1/STM32CubeIDE/plugins/com.st.stm32cube.ide.mcu.externaltools.gnu-tools-for-stm32.14.3.rel1.win32_1.0.100.202602081740/tools/bin/../lib/gcc/arm-none-eabi/14.3.1/thumb/v8-m.main+fp/hard/crtbegin.o
 *(.init)
 .init          0x080049e0        0x4 C:/ST/STM32CubeIDE_2.1.1/STM32CubeIDE/plugins/com.st.stm32cube.ide.mcu.externaltools.gnu-tools-for-stm32.14.3.rel1.win32_1.0.100.202602081740/tools/bin/../lib/gcc/arm-none-eabi/14.3.1/thumb/v8-m.main+fp/hard/crti.o
                0x080049e0                _init
 .init          0x080049e4        0x8 C:/ST/STM32CubeIDE_2.1.1/STM32CubeIDE/plugins/com.st.stm32cube.ide.mcu.externaltools.gnu-tools-for-stm32.14.3.rel1.win32_1.0.100.202602081740/tools/bin/../lib/gcc/arm-none-eabi/14.3.1/thumb/v8-m.main+fp/hard/crtn.o
 *(.fini)
 .fini          0x080049ec        0x4 C:/ST/STM32CubeIDE_2.1.1/STM32CubeIDE/plugins/com.st.stm32cube.ide.mcu.externaltools.gnu-tools-for-stm32.14.3.rel1.win32_1.0.100.202602081740/tools/bin/../lib/gcc/arm-none-eabi/14.3.1/thumb/v8-m.main+fp/hard/crti.o
                0x080049ec                _fini
 .fini          0x080049f0        0x8 C:/ST/STM32CubeIDE_2.1.1/STM32CubeIDE/plugins/com.st.stm32cube.ide.mcu.externaltools.gnu-tools-for-stm32.14.3.rel1.win32_1.0.100.202602081740/tools/bin/../lib/gcc/arm-none-eabi/14.3.1/thumb/v8-m.main+fp/hard/crtn.o
                0x080049f8                        _etext = .

.vfp11_veneer   0x080049f8        0x0
 .vfp11_veneer  0x080049f8        0x0 linker stubs

.v4_bx          0x080049f8        0x0
 .v4_bx         0x080049f8        0x0 linker stubs

.iplt           0x080049f8        0x0
 .iplt          0x080049f8        0x0 C:/ST/STM32CubeIDE_2.1.1/STM32CubeIDE/plugins/com.st.stm32cube.ide.mcu.externaltools.gnu-tools-for-stm32.14.3.rel1.win32_1.0.100.202602081740/tools/bin/../lib/gcc/arm-none-eabi/14.3.1/thumb/v8-m.main+fp/hard/crtbegin.o

.rodata         0x080049f8       0xe0
 *(.rodata)
 *(.rodata*)
 .rodata.AHBPrescTable
                0x080049f8       0x10 ./Drivers/CMSIS/system_stm32u5xx.o
                0x080049f8                AHBPrescTable
 .rodata.MSIRangeTable
                0x08004a08       0x40 ./Drivers/CMSIS/system_stm32u5xx.o
                0x08004a08                MSIRangeTable
 .rodata.DLCtoBytes
                0x08004a48       0x10 ./Drivers/STM32U5xx_HAL_Driver/stm32u5xx_hal_fdcan.o
 .rodata.LPGPIO_Map
                0x08004a58       0x80 ./Drivers/STM32U5xx_HAL_Driver/stm32u5xx_hal_gpio.o

.ARM.extab
 *(.ARM.extab* .gnu.linkonce.armextab.*)

.ARM            0x08004ad8        0x0
                0x08004ad8                        __exidx_start = .
 *(.ARM.exidx*)
                0x08004ad8                        __exidx_end = .

.preinit_array  0x08004ad8        0x0
                0x08004ad8                        PROVIDE (__preinit_array_start = .)
 *(.preinit_array*)
                0x08004ad8                        PROVIDE (__preinit_array_end = .)

.init_array     0x08004ad8        0x4
                0x08004ad8                        PROVIDE (__init_array_start = .)
 *(SORT_BY_NAME(.init_array.*))
 *(.init_array*)
 .init_array    0x08004ad8        0x4 C:/ST/STM32CubeIDE_2.1.1/STM32CubeIDE/plugins/com.st.stm32cube.ide.mcu.externaltools.gnu-tools-for-stm32.14.3.rel1.win32_1.0.100.202602081740/tools/bin/../lib/gcc/arm-none-eabi/14.3.1/thumb/v8-m.main+fp/hard/crtbegin.o
                0x08004adc                        PROVIDE (__init_array_end = .)

.fini_array     0x08004adc        0x4
                [!provide]                        PROVIDE (__fini_array_start = .)
 *(SORT_BY_NAME(.fini_array.*))
 *(.fini_array*)
 .fini_array    0x08004adc        0x4 C:/ST/STM32CubeIDE_2.1.1/STM32CubeIDE/plugins/com.st.stm32cube.ide.mcu.externaltools.gnu-tools-for-stm32.14.3.rel1.win32_1.0.100.202602081740/tools/bin/../lib/gcc/arm-none-eabi/14.3.1/thumb/v8-m.main+fp/hard/crtbegin.o
                [!provide]                        PROVIDE (__fini_array_end = .)
                0x08004ae0                        _sidata = LOADADDR (.data)

.rel.dyn        0x08004ae0        0x0
 .rel.iplt      0x08004ae0        0x0 C:/ST/STM32CubeIDE_2.1.1/STM32CubeIDE/plugins/com.st.stm32cube.ide.mcu.externaltools.gnu-tools-for-stm32.14.3.rel1.win32_1.0.100.202602081740/tools/bin/../lib/gcc/arm-none-eabi/14.3.1/thumb/v8-m.main+fp/hard/crtbegin.o

.data           0x20000000        0x9 load address 0x08004ae0
                0x20000000                        _sdata = .
 *(.data)
 *(.data*)
 .data.SystemCoreClock
                0x20000000        0x4 ./Drivers/CMSIS/system_stm32u5xx.o
                0x20000000                SystemCoreClock
 .data.uwTickPrio
                0x20000004        0x4 ./Drivers/STM32U5xx_HAL_Driver/stm32u5xx_hal.o
                0x20000004                uwTickPrio
 .data.uwTickFreq
                0x20000008        0x1 ./Drivers/STM32U5xx_HAL_Driver/stm32u5xx_hal.o
                0x20000008                uwTickFreq
 *(.RamFunc)
 *(.RamFunc*)
                0x20000009                        _edata = .

.igot.plt       0x2000000c        0x0 load address 0x08004ae9
 .igot.plt      0x2000000c        0x0 C:/ST/STM32CubeIDE_2.1.1/STM32CubeIDE/plugins/com.st.stm32cube.ide.mcu.externaltools.gnu-tools-for-stm32.14.3.rel1.win32_1.0.100.202602081740/tools/bin/../lib/gcc/arm-none-eabi/14.3.1/thumb/v8-m.main+fp/hard/crtbegin.o

.bss            0x2000000c      0x20c load address 0x08004ae9
                0x2000000c                        _sbss = .
                0x2000000c                        __bss_start__ = _sbss
 *(.bss)
 .bss           0x2000000c       0x1c C:/ST/STM32CubeIDE_2.1.1/STM32CubeIDE/plugins/com.st.stm32cube.ide.mcu.externaltools.gnu-tools-for-stm32.14.3.rel1.win32_1.0.100.202602081740/tools/bin/../lib/gcc/arm-none-eabi/14.3.1/thumb/v8-m.main+fp/hard/crtbegin.o
 *(.bss*)
 .bss.hfdcan1   0x20000028       0x64 ./Application/User/Core/main.o
                0x20000028                hfdcan1
 .bss.hospi1    0x2000008c       0x5c ./Application/User/Core/main.o
                0x2000008c                hospi1
 .bss.hspi2     0x200000e8       0x90 ./Application/User/Core/main.o
                0x200000e8                hspi2
 .bss.fdcan1RxPending
                0x20000178        0x1 ./Application/User/Core/main.o
                0x20000178                fdcan1RxPending
 *fill*         0x20000179        0x3 
 .bss.fdcan1RxCount
                0x2000017c        0x4 ./Application/User/Core/main.o
                0x2000017c                fdcan1RxCount
 .bss.fdcan1RxFifo0FillLevel
                0x20000180        0x4 ./Application/User/Core/main.o
                0x20000180                fdcan1RxFifo0FillLevel
 .bss.fdcan1RxHeader
                0x20000184       0x28 ./Application/User/Core/main.o
                0x20000184                fdcan1RxHeader
 .bss.fdcan1RxData
                0x200001ac        0x8 ./Application/User/Core/main.o
                0x200001ac                fdcan1RxData
 .bss.fdcan1ProtocolStatus
                0x200001b4       0x2c ./Application/User/Core/main.o
                0x200001b4                fdcan1ProtocolStatus
 .bss.fdcan1ErrorCounters
                0x200001e0       0x10 ./Application/User/Core/main.o
                0x200001e0                fdcan1ErrorCounters
 .bss.hardfault_cfsr
                0x200001f0        0x4 ./Application/User/Core/stm32u5xx_it.o
                0x200001f0                hardfault_cfsr
 .bss.hardfault_hfsr
                0x200001f4        0x4 ./Application/User/Core/stm32u5xx_it.o
                0x200001f4                hardfault_hfsr
 .bss.hardfault_dfsr
                0x200001f8        0x4 ./Application/User/Core/stm32u5xx_it.o
                0x200001f8                hardfault_dfsr
 .bss.hardfault_afsr
                0x200001fc        0x4 ./Application/User/Core/stm32u5xx_it.o
                0x200001fc                hardfault_afsr
 .bss.hardfault_bfar
                0x20000200        0x4 ./Application/User/Core/stm32u5xx_it.o
                0x20000200                hardfault_bfar
 .bss.hardfault_mmfar
                0x20000204        0x4 ./Application/User/Core/stm32u5xx_it.o
                0x20000204                hardfault_mmfar
 .bss.hardfault_icsr
                0x20000208        0x4 ./Application/User/Core/stm32u5xx_it.o
                0x20000208                hardfault_icsr
 .bss.hardfault_msp
                0x2000020c        0x4 ./Application/User/Core/stm32u5xx_it.o
                0x2000020c                hardfault_msp
 .bss.hardfault_psp
                0x20000210        0x4 ./Application/User/Core/stm32u5xx_it.o
                0x20000210                hardfault_psp
 .bss.uwTick    0x20000214        0x4 ./Drivers/STM32U5xx_HAL_Driver/stm32u5xx_hal.o
                0x20000214                uwTick
 *(COMMON)
                0x20000218                        _ebss = .
                0x20000218                        __bss_end__ = _ebss

._user_heap_stack
                0x20000218      0x600 load address 0x08004ae9
                0x20000218                        . = ALIGN (0x8)
                [!provide]                        PROVIDE (end = .)
                0x20000218                        PROVIDE (_end = .)
                0x20000418                        . = (. + _Min_Heap_Size)
 *fill*         0x20000218      0x200 
                0x20000818                        . = (. + _Min_Stack_Size)
 *fill*         0x20000418      0x400 
                0x20000818                        . = ALIGN (0x8)

/DISCARD/
 libc.a(*)
 libm.a(*)
 libgcc.a(*)

.ARM.attributes
                0x00000000       0x36
 *(.ARM.attributes)
 .ARM.attributes
                0x00000000       0x26 C:/ST/STM32CubeIDE_2.1.1/STM32CubeIDE/plugins/com.st.stm32cube.ide.mcu.externaltools.gnu-tools-for-stm32.14.3.rel1.win32_1.0.100.202602081740/tools/bin/../lib/gcc/arm-none-eabi/14.3.1/thumb/v8-m.main+fp/hard/crti.o
 .ARM.attributes
                0x00000026       0x38 C:/ST/STM32CubeIDE_2.1.1/STM32CubeIDE/plugins/com.st.stm32cube.ide.mcu.externaltools.gnu-tools-for-stm32.14.3.rel1.win32_1.0.100.202602081740/tools/bin/../lib/gcc/arm-none-eabi/14.3.1/thumb/v8-m.main+fp/hard/crtbegin.o
 .ARM.attributes
                0x0000005e       0x3a ./Application/User/Core/main.o
 .ARM.attributes
                0x00000098       0x3a ./Application/User/Core/stm32u5xx_hal_msp.o
 .ARM.attributes
                0x000000d2       0x3a ./Application/User/Core/stm32u5xx_it.o
 .ARM.attributes
                0x0000010c       0x24 ./Application/User/Startup/startup_stm32u545cetx.o
 .ARM.attributes
                0x00000130       0x3a ./Drivers/CMSIS/system_stm32u5xx.o
 .ARM.attributes
                0x0000016a       0x3a ./Drivers/STM32U5xx_HAL_Driver/stm32u5xx_hal.o
 .ARM.attributes
                0x000001a4       0x3a ./Drivers/STM32U5xx_HAL_Driver/stm32u5xx_hal_cortex.o
 .ARM.attributes
                0x000001de       0x3a ./Drivers/STM32U5xx_HAL_Driver/stm32u5xx_hal_fdcan.o
 .ARM.attributes
                0x00000218       0x3a ./Drivers/STM32U5xx_HAL_Driver/stm32u5xx_hal_gpio.o
 .ARM.attributes
                0x00000252       0x3a ./Drivers/STM32U5xx_HAL_Driver/stm32u5xx_hal_ospi.o
 .ARM.attributes
                0x0000028c       0x3a ./Drivers/STM32U5xx_HAL_Driver/stm32u5xx_hal_pwr_ex.o
 .ARM.attributes
                0x000002c6       0x3a ./Drivers/STM32U5xx_HAL_Driver/stm32u5xx_hal_rcc.o
 .ARM.attributes
                0x00000300       0x3a ./Drivers/STM32U5xx_HAL_Driver/stm32u5xx_hal_rcc_ex.o
 .ARM.attributes
                0x0000033a       0x3a ./Drivers/STM32U5xx_HAL_Driver/stm32u5xx_hal_spi.o
 .ARM.attributes
                0x00000374       0x3a ./Drivers/STM32U5xx_HAL_Driver/stm32u5xx_hal_spi_ex.o
 .ARM.attributes
                0x000003ae       0x38 C:/ST/STM32CubeIDE_2.1.1/STM32CubeIDE/plugins/com.st.stm32cube.ide.mcu.externaltools.gnu-tools-for-stm32.14.3.rel1.win32_1.0.100.202602081740/tools/bin/../lib/gcc/arm-none-eabi/14.3.1/../../../../arm-none-eabi/lib/thumb/v8-m.main+fp/hard\libc_nano.a(libc_a-memset.o)
 .ARM.attributes
                0x000003e6       0x38 C:/ST/STM32CubeIDE_2.1.1/STM32CubeIDE/plugins/com.st.stm32cube.ide.mcu.externaltools.gnu-tools-for-stm32.14.3.rel1.win32_1.0.100.202602081740/tools/bin/../lib/gcc/arm-none-eabi/14.3.1/../../../../arm-none-eabi/lib/thumb/v8-m.main+fp/hard\libc_nano.a(libc_a-init.o)
 .ARM.attributes
                0x0000041e       0x26 C:/ST/STM32CubeIDE_2.1.1/STM32CubeIDE/plugins/com.st.stm32cube.ide.mcu.externaltools.gnu-tools-for-stm32.14.3.rel1.win32_1.0.100.202602081740/tools/bin/../lib/gcc/arm-none-eabi/14.3.1/thumb/v8-m.main+fp/hard/crtn.o
OUTPUT(MX proj stm32u545cet.elf elf32-littlearm)
LOAD linker stubs
LOAD C:/ST/STM32CubeIDE_2.1.1/STM32CubeIDE/plugins/com.st.stm32cube.ide.mcu.externaltools.gnu-tools-for-stm32.14.3.rel1.win32_1.0.100.202602081740/tools/bin/../lib/gcc/arm-none-eabi/14.3.1/../../../../arm-none-eabi/lib/thumb/v8-m.main+fp/hard\libc.a
LOAD C:/ST/STM32CubeIDE_2.1.1/STM32CubeIDE/plugins/com.st.stm32cube.ide.mcu.externaltools.gnu-tools-for-stm32.14.3.rel1.win32_1.0.100.202602081740/tools/bin/../lib/gcc/arm-none-eabi/14.3.1/../../../../arm-none-eabi/lib/thumb/v8-m.main+fp/hard\libm.a
LOAD C:/ST/STM32CubeIDE_2.1.1/STM32CubeIDE/plugins/com.st.stm32cube.ide.mcu.externaltools.gnu-tools-for-stm32.14.3.rel1.win32_1.0.100.202602081740/tools/bin/../lib/gcc/arm-none-eabi/14.3.1/thumb/v8-m.main+fp/hard\libgcc.a

.debug_info     0x00000000    0x10af4
 .debug_info    0x00000000     0x1f32 ./Application/User/Core/main.o
 .debug_info    0x00001f32     0x1f74 ./Application/User/Core/stm32u5xx_hal_msp.o
 .debug_info    0x00003ea6      0xb1a ./Application/User/Core/stm32u5xx_it.o
 .debug_info    0x000049c0       0x30 ./Application/User/Startup/startup_stm32u545cetx.o
 .debug_info    0x000049f0      0x929 ./Drivers/CMSIS/system_stm32u5xx.o
 .debug_info    0x00005319     0x111c ./Drivers/STM32U5xx_HAL_Driver/stm32u5xx_hal.o
 .debug_info    0x00006435     0x160f ./Drivers/STM32U5xx_HAL_Driver/stm32u5xx_hal_cortex.o
 .debug_info    0x00007a44     0x1920 ./Drivers/STM32U5xx_HAL_Driver/stm32u5xx_hal_fdcan.o
 .debug_info    0x00009364      0x859 ./Drivers/STM32U5xx_HAL_Driver/stm32u5xx_hal_gpio.o
 .debug_info    0x00009bbd     0x1a47 ./Drivers/STM32U5xx_HAL_Driver/stm32u5xx_hal_ospi.o
 .debug_info    0x0000b604      0xddc ./Drivers/STM32U5xx_HAL_Driver/stm32u5xx_hal_pwr_ex.o
 .debug_info    0x0000c3e0     0x114d ./Drivers/STM32U5xx_HAL_Driver/stm32u5xx_hal_rcc.o
 .debug_info    0x0000d52d     0x1569 ./Drivers/STM32U5xx_HAL_Driver/stm32u5xx_hal_rcc_ex.o
 .debug_info    0x0000ea96     0x15c7 ./Drivers/STM32U5xx_HAL_Driver/stm32u5xx_hal_spi.o
 .debug_info    0x0001005d      0xa97 ./Drivers/STM32U5xx_HAL_Driver/stm32u5xx_hal_spi_ex.o

.debug_abbrev   0x00000000     0x2153
 .debug_abbrev  0x00000000      0x2d2 ./Application/User/Core/main.o
 .debug_abbrev  0x000002d2      0x24f ./Application/User/Core/stm32u5xx_hal_msp.o
 .debug_abbrev  0x00000521      0x215 ./Application/User/Core/stm32u5xx_it.o
 .debug_abbrev  0x00000736       0x24 ./Application/User/Startup/startup_stm32u545cetx.o
 .debug_abbrev  0x0000075a      0x129 ./Drivers/CMSIS/system_stm32u5xx.o
 .debug_abbrev  0x00000883      0x2a3 ./Drivers/STM32U5xx_HAL_Driver/stm32u5xx_hal.o
 .debug_abbrev  0x00000b26      0x327 ./Drivers/STM32U5xx_HAL_Driver/stm32u5xx_hal_cortex.o
 .debug_abbrev  0x00000e4d      0x20b ./Drivers/STM32U5xx_HAL_Driver/stm32u5xx_hal_fdcan.o
 .debug_abbrev  0x00001058      0x25a ./Drivers/STM32U5xx_HAL_Driver/stm32u5xx_hal_gpio.o
 .debug_abbrev  0x000012b2      0x303 ./Drivers/STM32U5xx_HAL_Driver/stm32u5xx_hal_ospi.o
 .debug_abbrev  0x000015b5      0x215 ./Drivers/STM32U5xx_HAL_Driver/stm32u5xx_hal_pwr_ex.o
 .debug_abbrev  0x000017ca      0x2c9 ./Drivers/STM32U5xx_HAL_Driver/stm32u5xx_hal_rcc.o
 .debug_abbrev  0x00001a93      0x23d ./Drivers/STM32U5xx_HAL_Driver/stm32u5xx_hal_rcc_ex.o
 .debug_abbrev  0x00001cd0      0x2bc ./Drivers/STM32U5xx_HAL_Driver/stm32u5xx_hal_spi.o
 .debug_abbrev  0x00001f8c      0x1c7 ./Drivers/STM32U5xx_HAL_Driver/stm32u5xx_hal_spi_ex.o

.debug_aranges  0x00000000      0xdd8
 .debug_aranges
                0x00000000       0x60 ./Application/User/Core/main.o
 .debug_aranges
                0x00000060       0x50 ./Application/User/Core/stm32u5xx_hal_msp.o
 .debug_aranges
                0x000000b0       0x70 ./Application/User/Core/stm32u5xx_it.o
 .debug_aranges
                0x00000120       0x28 ./Application/User/Startup/startup_stm32u545cetx.o
 .debug_aranges
                0x00000148       0x28 ./Drivers/CMSIS/system_stm32u5xx.o
 .debug_aranges
                0x00000170      0x148 ./Drivers/STM32U5xx_HAL_Driver/stm32u5xx_hal.o
 .debug_aranges
                0x000002b8      0x140 ./Drivers/STM32U5xx_HAL_Driver/stm32u5xx_hal_cortex.o
 .debug_aranges
                0x000003f8      0x208 ./Drivers/STM32U5xx_HAL_Driver/stm32u5xx_hal_fdcan.o
 .debug_aranges
                0x00000600       0x78 ./Drivers/STM32U5xx_HAL_Driver/stm32u5xx_hal_gpio.o
 .debug_aranges
                0x00000678      0x188 ./Drivers/STM32U5xx_HAL_Driver/stm32u5xx_hal_ospi.o
 .debug_aranges
                0x00000800      0x1e0 ./Drivers/STM32U5xx_HAL_Driver/stm32u5xx_hal_pwr_ex.o
 .debug_aranges
                0x000009e0       0xa8 ./Drivers/STM32U5xx_HAL_Driver/stm32u5xx_hal_rcc.o
 .debug_aranges
                0x00000a88      0x160 ./Drivers/STM32U5xx_HAL_Driver/stm32u5xx_hal_rcc_ex.o
 .debug_aranges
                0x00000be8      0x1a8 ./Drivers/STM32U5xx_HAL_Driver/stm32u5xx_hal_spi.o
 .debug_aranges
                0x00000d90       0x48 ./Drivers/STM32U5xx_HAL_Driver/stm32u5xx_hal_spi_ex.o

.debug_rnglists
                0x00000000      0xa7a
 .debug_rnglists
                0x00000000       0x48 ./Application/User/Core/main.o
 .debug_rnglists
                0x00000048       0x3a ./Application/User/Core/stm32u5xx_hal_msp.o
 .debug_rnglists
                0x00000082       0x50 ./Application/User/Core/stm32u5xx_it.o
 .debug_rnglists
                0x000000d2       0x19 ./Application/User/Startup/startup_stm32u545cetx.o
 .debug_rnglists
                0x000000eb       0x1a ./Drivers/CMSIS/system_stm32u5xx.o
 .debug_rnglists
                0x00000105       0xf3 ./Drivers/STM32U5xx_HAL_Driver/stm32u5xx_hal.o
 .debug_rnglists
                0x000001f8       0xec ./Drivers/STM32U5xx_HAL_Driver/stm32u5xx_hal_cortex.o
 .debug_rnglists
                0x000002e4      0x18d ./Drivers/STM32U5xx_HAL_Driver/stm32u5xx_hal_fdcan.o
 .debug_rnglists
                0x00000471       0x5a ./Drivers/STM32U5xx_HAL_Driver/stm32u5xx_hal_gpio.o
 .debug_rnglists
                0x000004cb      0x132 ./Drivers/STM32U5xx_HAL_Driver/stm32u5xx_hal_ospi.o
 .debug_rnglists
                0x000005fd      0x16e ./Drivers/STM32U5xx_HAL_Driver/stm32u5xx_hal_pwr_ex.o
 .debug_rnglists
                0x0000076b       0x7f ./Drivers/STM32U5xx_HAL_Driver/stm32u5xx_hal_rcc.o
 .debug_rnglists
                0x000007ea      0x113 ./Drivers/STM32U5xx_HAL_Driver/stm32u5xx_hal_rcc_ex.o
 .debug_rnglists
                0x000008fd      0x148 ./Drivers/STM32U5xx_HAL_Driver/stm32u5xx_hal_spi.o
 .debug_rnglists
                0x00000a45       0x35 ./Drivers/STM32U5xx_HAL_Driver/stm32u5xx_hal_spi_ex.o

.debug_macro    0x00000000    0x2d57e
 .debug_macro   0x00000000      0x291 ./Application/User/Core/main.o
 .debug_macro   0x00000291      0xade ./Application/User/Core/main.o
 .debug_macro   0x00000d6f      0x201 ./Application/User/Core/main.o
 .debug_macro   0x00000f70       0x2e ./Application/User/Core/main.o
 .debug_macro   0x00000f9e       0x42 ./Application/User/Core/main.o
 .debug_macro   0x00000fe0       0x22 ./Application/User/Core/main.o
 .debug_macro   0x00001002       0x8e ./Application/User/Core/main.o
 .debug_macro   0x00001090       0x51 ./Application/User/Core/main.o
 .debug_macro   0x000010e1      0x103 ./Application/User/Core/main.o
 .debug_macro   0x000011e4       0x6a ./Application/User/Core/main.o
 .debug_macro   0x0000124e      0x1df ./Application/User/Core/main.o
 .debug_macro   0x0000142d       0x1c ./Application/User/Core/main.o
 .debug_macro   0x00001449       0x29 ./Application/User/Core/main.o
 .debug_macro   0x00001472       0xfb ./Application/User/Core/main.o
 .debug_macro   0x0000156d     0x1685 ./Application/User/Core/main.o
 .debug_macro   0x00002bf2       0x5e ./Application/User/Core/main.o
 .debug_macro   0x00002c50    0x1e737 ./Application/User/Core/main.o
 .debug_macro   0x00021387       0x6d ./Application/User/Core/main.o
 .debug_macro   0x000213f4     0x393e ./Application/User/Core/main.o
 .debug_macro   0x00024d32      0x190 ./Application/User/Core/main.o
 .debug_macro   0x00024ec2       0x61 ./Application/User/Core/main.o
 .debug_macro   0x00024f23       0x2a ./Application/User/Core/main.o
 .debug_macro   0x00024f4d       0x43 ./Application/User/Core/main.o
 .debug_macro   0x00024f90       0x34 ./Application/User/Core/main.o
 .debug_macro   0x00024fc4      0x364 ./Application/User/Core/main.o
 .debug_macro   0x00025328       0x16 ./Application/User/Core/main.o
 .debug_macro   0x0002533e       0x4a ./Application/User/Core/main.o
 .debug_macro   0x00025388       0x34 ./Application/User/Core/main.o
 .debug_macro   0x000253bc       0x10 ./Application/User/Core/main.o
 .debug_macro   0x000253cc       0x58 ./Application/User/Core/main.o
 .debug_macro   0x00025424       0x8e ./Application/User/Core/main.o
 .debug_macro   0x000254b2       0x1c ./Application/User/Core/main.o
 .debug_macro   0x000254ce      0x17e ./Application/User/Core/main.o
 .debug_macro   0x0002564c      0x19b ./Application/User/Core/main.o
 .debug_macro   0x000257e7       0x5d ./Application/User/Core/main.o
 .debug_macro   0x00025844     0x1933 ./Application/User/Core/main.o
 .debug_macro   0x00027177      0x796 ./Application/User/Core/main.o
 .debug_macro   0x0002790d      0x166 ./Application/User/Core/main.o
 .debug_macro   0x00027a73      0x250 ./Application/User/Core/main.o
 .debug_macro   0x00027cc3      0x574 ./Application/User/Core/main.o
 .debug_macro   0x00028237      0x440 ./Application/User/Core/main.o
 .debug_macro   0x00028677       0xd6 ./Application/User/Core/main.o
 .debug_macro   0x0002874d      0x1cd ./Application/User/Core/main.o
 .debug_macro   0x0002891a      0x42b ./Application/User/Core/main.o
 .debug_macro   0x00028d45       0x95 ./Application/User/Core/main.o
 .debug_macro   0x00028dda      0x11c ./Application/User/Core/main.o
 .debug_macro   0x00028ef6      0x525 ./Application/User/Core/main.o
 .debug_macro   0x0002941b      0x448 ./Application/User/Core/main.o
 .debug_macro   0x00029863       0x1c ./Application/User/Core/main.o
 .debug_macro   0x0002987f      0x48d ./Application/User/Core/main.o
 .debug_macro   0x00029d0c      0x5cf ./Application/User/Core/main.o
 .debug_macro   0x0002a2db       0xee ./Application/User/Core/main.o
 .debug_macro   0x0002a3c9       0xeb ./Application/User/Core/main.o
 .debug_macro   0x0002a4b4      0x1b8 ./Application/User/Core/main.o
 .debug_macro   0x0002a66c      0x6bd ./Application/User/Core/main.o
 .debug_macro   0x0002ad29      0x361 ./Application/User/Core/main.o
 .debug_macro   0x0002b08a       0x1c ./Application/User/Core/main.o
 .debug_macro   0x0002b0a6      0x291 ./Application/User/Core/stm32u5xx_hal_msp.o
 .debug_macro   0x0002b337      0x29b ./Application/User/Core/stm32u5xx_it.o
 .debug_macro   0x0002b5d2      0x289 ./Drivers/CMSIS/system_stm32u5xx.o
 .debug_macro   0x0002b85b      0x2a6 ./Drivers/STM32U5xx_HAL_Driver/stm32u5xx_hal.o
 .debug_macro   0x0002bb01      0x282 ./Drivers/STM32U5xx_HAL_Driver/stm32u5xx_hal_cortex.o
 .debug_macro   0x0002bd83      0x394 ./Drivers/STM32U5xx_HAL_Driver/stm32u5xx_hal_fdcan.o
 .debug_macro   0x0002c117      0x2b7 ./Drivers/STM32U5xx_HAL_Driver/stm32u5xx_hal_gpio.o
 .debug_macro   0x0002c3ce      0x2c9 ./Drivers/STM32U5xx_HAL_Driver/stm32u5xx_hal_ospi.o
 .debug_macro   0x0002c697      0x2ad ./Drivers/STM32U5xx_HAL_Driver/stm32u5xx_hal_pwr_ex.o
 .debug_macro   0x0002c944      0x388 ./Drivers/STM32U5xx_HAL_Driver/stm32u5xx_hal_rcc.o
 .debug_macro   0x0002cccc      0x3a6 ./Drivers/STM32U5xx_HAL_Driver/stm32u5xx_hal_rcc_ex.o
 .debug_macro   0x0002d072      0x28a ./Drivers/STM32U5xx_HAL_Driver/stm32u5xx_hal_spi.o
 .debug_macro   0x0002d2fc      0x282 ./Drivers/STM32U5xx_HAL_Driver/stm32u5xx_hal_spi_ex.o

.debug_line     0x00000000    0x106c5
 .debug_line    0x00000000      0xb86 ./Application/User/Core/main.o
 .debug_line    0x00000b86      0xa37 ./Application/User/Core/stm32u5xx_hal_msp.o
 .debug_line    0x000015bd      0xa35 ./Application/User/Core/stm32u5xx_it.o
 .debug_line    0x00001ff2       0x7b ./Application/User/Startup/startup_stm32u545cetx.o
 .debug_line    0x0000206d      0x9f6 ./Drivers/CMSIS/system_stm32u5xx.o
 .debug_line    0x00002a63      0xd9b ./Drivers/STM32U5xx_HAL_Driver/stm32u5xx_hal.o
 .debug_line    0x000037fe      0xf45 ./Drivers/STM32U5xx_HAL_Driver/stm32u5xx_hal_cortex.o
 .debug_line    0x00004743     0x1a64 ./Drivers/STM32U5xx_HAL_Driver/stm32u5xx_hal_fdcan.o
 .debug_line    0x000061a7      0xea4 ./Drivers/STM32U5xx_HAL_Driver/stm32u5xx_hal_gpio.o
 .debug_line    0x0000704b     0x18d3 ./Drivers/STM32U5xx_HAL_Driver/stm32u5xx_hal_ospi.o
 .debug_line    0x0000891e     0x11ee ./Drivers/STM32U5xx_HAL_Driver/stm32u5xx_hal_pwr_ex.o
 .debug_line    0x00009b0c     0x1782 ./Drivers/STM32U5xx_HAL_Driver/stm32u5xx_hal_rcc.o
 .debug_line    0x0000b28e     0x232e ./Drivers/STM32U5xx_HAL_Driver/stm32u5xx_hal_rcc_ex.o
 .debug_line    0x0000d5bc     0x2634 ./Drivers/STM32U5xx_HAL_Driver/stm32u5xx_hal_spi.o
 .debug_line    0x0000fbf0      0xad5 ./Drivers/STM32U5xx_HAL_Driver/stm32u5xx_hal_spi_ex.o

.debug_str      0x00000000   0x1212a9
 .debug_str     0x00000000   0x1212a9 ./Application/User/Core/main.o
                             0x119fad (size before relaxing)
 .debug_str     0x001212a9   0x11a404 ./Application/User/Core/stm32u5xx_hal_msp.o
 .debug_str     0x001212a9   0x119157 ./Application/User/Core/stm32u5xx_it.o
 .debug_str     0x001212a9       0xb5 ./Application/User/Startup/startup_stm32u545cetx.o
 .debug_str     0x001212a9   0x118e83 ./Drivers/CMSIS/system_stm32u5xx.o
 .debug_str     0x001212a9   0x119c22 ./Drivers/STM32U5xx_HAL_Driver/stm32u5xx_hal.o
 .debug_str     0x001212a9   0x119a63 ./Drivers/STM32U5xx_HAL_Driver/stm32u5xx_hal_cortex.o
 .debug_str     0x001212a9   0x11a277 ./Drivers/STM32U5xx_HAL_Driver/stm32u5xx_hal_fdcan.o
 .debug_str     0x001212a9   0x118ea8 ./Drivers/STM32U5xx_HAL_Driver/stm32u5xx_hal_gpio.o
 .debug_str     0x001212a9   0x119ac9 ./Drivers/STM32U5xx_HAL_Driver/stm32u5xx_hal_ospi.o
 .debug_str     0x001212a9   0x119523 ./Drivers/STM32U5xx_HAL_Driver/stm32u5xx_hal_pwr_ex.o
 .debug_str     0x001212a9   0x11a4e8 ./Drivers/STM32U5xx_HAL_Driver/stm32u5xx_hal_rcc.o
 .debug_str     0x001212a9   0x11b656 ./Drivers/STM32U5xx_HAL_Driver/stm32u5xx_hal_rcc_ex.o
 .debug_str     0x001212a9   0x119777 ./Drivers/STM32U5xx_HAL_Driver/stm32u5xx_hal_spi.o
 .debug_str     0x001212a9   0x1192e7 ./Drivers/STM32U5xx_HAL_Driver/stm32u5xx_hal_spi_ex.o

.comment        0x00000000       0x43
 .comment       0x00000000       0x43 ./Application/User/Core/main.o
                                 0x44 (size before relaxing)
 .comment       0x00000043       0x44 ./Application/User/Core/stm32u5xx_hal_msp.o
 .comment       0x00000043       0x44 ./Application/User/Core/stm32u5xx_it.o
 .comment       0x00000043       0x44 ./Drivers/CMSIS/system_stm32u5xx.o
 .comment       0x00000043       0x44 ./Drivers/STM32U5xx_HAL_Driver/stm32u5xx_hal.o
 .comment       0x00000043       0x44 ./Drivers/STM32U5xx_HAL_Driver/stm32u5xx_hal_cortex.o
 .comment       0x00000043       0x44 ./Drivers/STM32U5xx_HAL_Driver/stm32u5xx_hal_fdcan.o
 .comment       0x00000043       0x44 ./Drivers/STM32U5xx_HAL_Driver/stm32u5xx_hal_gpio.o
 .comment       0x00000043       0x44 ./Drivers/STM32U5xx_HAL_Driver/stm32u5xx_hal_ospi.o
 .comment       0x00000043       0x44 ./Drivers/STM32U5xx_HAL_Driver/stm32u5xx_hal_pwr_ex.o
 .comment       0x00000043       0x44 ./Drivers/STM32U5xx_HAL_Driver/stm32u5xx_hal_rcc.o
 .comment       0x00000043       0x44 ./Drivers/STM32U5xx_HAL_Driver/stm32u5xx_hal_rcc_ex.o
 .comment       0x00000043       0x44 ./Drivers/STM32U5xx_HAL_Driver/stm32u5xx_hal_spi.o
 .comment       0x00000043       0x44 ./Drivers/STM32U5xx_HAL_Driver/stm32u5xx_hal_spi_ex.o

.debug_frame    0x00000000     0x360c
 .debug_frame   0x00000000      0x138 ./Application/User/Core/main.o
 .debug_frame   0x00000138      0x118 ./Application/User/Core/stm32u5xx_hal_msp.o
 .debug_frame   0x00000250      0x13c ./Application/User/Core/stm32u5xx_it.o
 .debug_frame   0x0000038c       0x50 ./Drivers/CMSIS/system_stm32u5xx.o
 .debug_frame   0x000003dc      0x480 ./Drivers/STM32U5xx_HAL_Driver/stm32u5xx_hal.o
 .debug_frame   0x0000085c      0x508 ./Drivers/STM32U5xx_HAL_Driver/stm32u5xx_hal_cortex.o
 .debug_frame   0x00000d64      0x8d0 ./Drivers/STM32U5xx_HAL_Driver/stm32u5xx_hal_fdcan.o
 .debug_frame   0x00001634      0x1c0 ./Drivers/STM32U5xx_HAL_Driver/stm32u5xx_hal_gpio.o
 .debug_frame   0x000017f4      0x6bc ./Drivers/STM32U5xx_HAL_Driver/stm32u5xx_hal_ospi.o
 .debug_frame   0x00001eb0      0x6f4 ./Drivers/STM32U5xx_HAL_Driver/stm32u5xx_hal_pwr_ex.o
 .debug_frame   0x000025a4      0x268 ./Drivers/STM32U5xx_HAL_Driver/stm32u5xx_hal_rcc.o
 .debug_frame   0x0000280c      0x590 ./Drivers/STM32U5xx_HAL_Driver/stm32u5xx_hal_rcc_ex.o
 .debug_frame   0x00002d9c      0x73c ./Drivers/STM32U5xx_HAL_Driver/stm32u5xx_hal_spi.o
 .debug_frame   0x000034d8       0xe8 ./Drivers/STM32U5xx_HAL_Driver/stm32u5xx_hal_spi_ex.o
 .debug_frame   0x000035c0       0x20 C:/ST/STM32CubeIDE_2.1.1/STM32CubeIDE/plugins/com.st.stm32cube.ide.mcu.externaltools.gnu-tools-for-stm32.14.3.rel1.win32_1.0.100.202602081740/tools/bin/../lib/gcc/arm-none-eabi/14.3.1/../../../../arm-none-eabi/lib/thumb/v8-m.main+fp/hard\libc_nano.a(libc_a-memset.o)
 .debug_frame   0x000035e0       0x2c C:/ST/STM32CubeIDE_2.1.1/STM32CubeIDE/plugins/com.st.stm32cube.ide.mcu.externaltools.gnu-tools-for-stm32.14.3.rel1.win32_1.0.100.202602081740/tools/bin/../lib/gcc/arm-none-eabi/14.3.1/../../../../arm-none-eabi/lib/thumb/v8-m.main+fp/hard\libc_nano.a(libc_a-init.o)

.debug_line_str
                0x00000000       0x99
 .debug_line_str
                0x00000000       0x99 ./Application/User/Startup/startup_stm32u545cetx.o
