Archive member included to satisfy reference by file (symbol)

C:/ST/STM32CubeIDE_2.1.1/STM32CubeIDE/plugins/com.st.stm32cube.ide.mcu.externaltools.gnu-tools-for-stm32.14.3.rel1.win32_1.0.100.202602081740/tools/bin/../lib/gcc/arm-none-eabi/14.3.1/../../../../arm-none-eabi/lib/thumb/v8-m.main+fp/hard\libc_nano.a(libc_a-exit.o)
                              C:/ST/STM32CubeIDE_2.1.1/STM32CubeIDE/plugins/com.st.stm32cube.ide.mcu.externaltools.gnu-tools-for-stm32.14.3.rel1.win32_1.0.100.202602081740/tools/bin/../lib/gcc/arm-none-eabi/14.3.1/../../../../arm-none-eabi/lib/thumb/v8-m.main+fp/hard/crt0.o (exit)
C:/ST/STM32CubeIDE_2.1.1/STM32CubeIDE/plugins/com.st.stm32cube.ide.mcu.externaltools.gnu-tools-for-stm32.14.3.rel1.win32_1.0.100.202602081740/tools/bin/../lib/gcc/arm-none-eabi/14.3.1/../../../../arm-none-eabi/lib/thumb/v8-m.main+fp/hard\libc_nano.a(libc_a-findfp.o)
                              C:/ST/STM32CubeIDE_2.1.1/STM32CubeIDE/plugins/com.st.stm32cube.ide.mcu.externaltools.gnu-tools-for-stm32.14.3.rel1.win32_1.0.100.202602081740/tools/bin/../lib/gcc/arm-none-eabi/14.3.1/../../../../arm-none-eabi/lib/thumb/v8-m.main+fp/hard\libc_nano.a(libc_a-exit.o) (__stdio_exit_handler)
C:/ST/STM32CubeIDE_2.1.1/STM32CubeIDE/plugins/com.st.stm32cube.ide.mcu.externaltools.gnu-tools-for-stm32.14.3.rel1.win32_1.0.100.202602081740/tools/bin/../lib/gcc/arm-none-eabi/14.3.1/../../../../arm-none-eabi/lib/thumb/v8-m.main+fp/hard\libc_nano.a(libc_a-fwalk.o)
                              C:/ST/STM32CubeIDE_2.1.1/STM32CubeIDE/plugins/com.st.stm32cube.ide.mcu.externaltools.gnu-tools-for-stm32.14.3.rel1.win32_1.0.100.202602081740/tools/bin/../lib/gcc/arm-none-eabi/14.3.1/../../../../arm-none-eabi/lib/thumb/v8-m.main+fp/hard\libc_nano.a(libc_a-findfp.o) (_fwalk_sglue)
C:/ST/STM32CubeIDE_2.1.1/STM32CubeIDE/plugins/com.st.stm32cube.ide.mcu.externaltools.gnu-tools-for-stm32.14.3.rel1.win32_1.0.100.202602081740/tools/bin/../lib/gcc/arm-none-eabi/14.3.1/../../../../arm-none-eabi/lib/thumb/v8-m.main+fp/hard\libc_nano.a(libc_a-printf.o)
                              ./Application/User/Core/main.o (printf)
C:/ST/STM32CubeIDE_2.1.1/STM32CubeIDE/plugins/com.st.stm32cube.ide.mcu.externaltools.gnu-tools-for-stm32.14.3.rel1.win32_1.0.100.202602081740/tools/bin/../lib/gcc/arm-none-eabi/14.3.1/../../../../arm-none-eabi/lib/thumb/v8-m.main+fp/hard\libc_nano.a(libc_a-putchar.o)
                              ./Application/User/Core/main.o (putchar)
C:/ST/STM32CubeIDE_2.1.1/STM32CubeIDE/plugins/com.st.stm32cube.ide.mcu.externaltools.gnu-tools-for-stm32.14.3.rel1.win32_1.0.100.202602081740/tools/bin/../lib/gcc/arm-none-eabi/14.3.1/../../../../arm-none-eabi/lib/thumb/v8-m.main+fp/hard\libc_nano.a(libc_a-puts.o)
                              ./Application/User/Core/main.o (puts)
C:/ST/STM32CubeIDE_2.1.1/STM32CubeIDE/plugins/com.st.stm32cube.ide.mcu.externaltools.gnu-tools-for-stm32.14.3.rel1.win32_1.0.100.202602081740/tools/bin/../lib/gcc/arm-none-eabi/14.3.1/../../../../arm-none-eabi/lib/thumb/v8-m.main+fp/hard\libc_nano.a(libc_a-stdio.o)
                              C:/ST/STM32CubeIDE_2.1.1/STM32CubeIDE/plugins/com.st.stm32cube.ide.mcu.externaltools.gnu-tools-for-stm32.14.3.rel1.win32_1.0.100.202602081740/tools/bin/../lib/gcc/arm-none-eabi/14.3.1/../../../../arm-none-eabi/lib/thumb/v8-m.main+fp/hard\libc_nano.a(libc_a-findfp.o) (__sread)
C:/ST/STM32CubeIDE_2.1.1/STM32CubeIDE/plugins/com.st.stm32cube.ide.mcu.externaltools.gnu-tools-for-stm32.14.3.rel1.win32_1.0.100.202602081740/tools/bin/../lib/gcc/arm-none-eabi/14.3.1/../../../../arm-none-eabi/lib/thumb/v8-m.main+fp/hard\libc_nano.a(libc_a-wbuf.o)
                              C:/ST/STM32CubeIDE_2.1.1/STM32CubeIDE/plugins/com.st.stm32cube.ide.mcu.externaltools.gnu-tools-for-stm32.14.3.rel1.win32_1.0.100.202602081740/tools/bin/../lib/gcc/arm-none-eabi/14.3.1/../../../../arm-none-eabi/lib/thumb/v8-m.main+fp/hard\libc_nano.a(libc_a-puts.o) (__swbuf_r)
C:/ST/STM32CubeIDE_2.1.1/STM32CubeIDE/plugins/com.st.stm32cube.ide.mcu.externaltools.gnu-tools-for-stm32.14.3.rel1.win32_1.0.100.202602081740/tools/bin/../lib/gcc/arm-none-eabi/14.3.1/../../../../arm-none-eabi/lib/thumb/v8-m.main+fp/hard\libc_nano.a(libc_a-wsetup.o)
                              C:/ST/STM32CubeIDE_2.1.1/STM32CubeIDE/plugins/com.st.stm32cube.ide.mcu.externaltools.gnu-tools-for-stm32.14.3.rel1.win32_1.0.100.202602081740/tools/bin/../lib/gcc/arm-none-eabi/14.3.1/../../../../arm-none-eabi/lib/thumb/v8-m.main+fp/hard\libc_nano.a(libc_a-puts.o) (__swsetup_r)
C:/ST/STM32CubeIDE_2.1.1/STM32CubeIDE/plugins/com.st.stm32cube.ide.mcu.externaltools.gnu-tools-for-stm32.14.3.rel1.win32_1.0.100.202602081740/tools/bin/../lib/gcc/arm-none-eabi/14.3.1/../../../../arm-none-eabi/lib/thumb/v8-m.main+fp/hard\libc_nano.a(libc_a-memset.o)
[...]
Memory Configuration

Name             Origin             Length             Attributes
RAM              0x20000000         0x00040000         xrw
SRAM4            0x28000000         0x00004000         xrw
FLASH            0x08000000         0x00080000         xr
*default*        0x00000000         0xffffffff

Linker script and memory map

LOAD C:/ST/STM32CubeIDE_2.1.1/STM32CubeIDE/plugins/com.st.stm32cube.ide.mcu.externaltools.gnu-tools-for-stm32.14.3.rel1.win32_1.0.100.202602081740/tools/bin/../lib/gcc/arm-none-eabi/14.3.1/thumb/v8-m.main+fp/hard/crti.o
LOAD C:/ST/STM32CubeIDE_2.1.1/STM32CubeIDE/plugins/com.st.stm32cube.ide.mcu.externaltools.gnu-tools-for-stm32.14.3.rel1.win32_1.0.100.202602081740/tools/bin/../lib/gcc/arm-none-eabi/14.3.1/thumb/v8-m.main+fp/hard/crtbegin.o
LOAD C:/ST/STM32CubeIDE_2.1.1/STM32CubeIDE/plugins/com.st.stm32cube.ide.mcu.externaltools.gnu-tools-for-stm32.14.3.rel1.win32_1.0.100.202602081740/tools/bin/../lib/gcc/arm-none-eabi/14.3.1/../../../../arm-none-eabi/lib/thumb/v8-m.main+fp/hard/crt0.o
LOAD ./Application/User/Core/main.o
LOAD ./Application/User/Core/stm32u5xx_hal_msp.o
LOAD ./Application/User/Core/stm32u5xx_it.o
LOAD ./Application/User/Core/syscalls.o
LOAD ./Application/User/Core/sysmem.o
LOAD ./Application/User/Startup/startup_stm32u545cetx.o
LOAD ./Drivers/CMSIS/system_stm32u5xx.o
LOAD ./Drivers/STM32U5xx_HAL_Driver/stm32u5xx_hal.o
LOAD ./Drivers/STM32U5xx_HAL_Driver/stm32u5xx_hal_cortex.o
LOAD ./Drivers/STM32U5xx_HAL_Driver/stm32u5xx_hal_dma.o
LOAD ./Drivers/STM32U5xx_HAL_Driver/stm32u5xx_hal_dma_ex.o
LOAD ./Drivers/STM32U5xx_HAL_Driver/stm32u5xx_hal_exti.o
LOAD ./Drivers/STM32U5xx_HAL_Driver/stm32u5xx_hal_fdcan.o
LOAD ./Drivers/STM32U5xx_HAL_Driver/stm32u5xx_hal_flash.o
LOAD ./Drivers/STM32U5xx_HAL_Driver/stm32u5xx_hal_flash_ex.o
LOAD ./Drivers/STM32U5xx_HAL_Driver/stm32u5xx_hal_gpio.o
LOAD ./Drivers/STM32U5xx_HAL_Driver/stm32u5xx_hal_gtzc.o
LOAD ./Drivers/STM32U5xx_HAL_Driver/stm32u5xx_hal_i2c.o
LOAD ./Drivers/STM32U5xx_HAL_Driver/stm32u5xx_hal_i2c_ex.o
LOAD ./Drivers/STM32U5xx_HAL_Driver/stm32u5xx_hal_icache.o
LOAD ./Drivers/STM32U5xx_HAL_Driver/stm32u5xx_hal_ospi.o
LOAD ./Drivers/STM32U5xx_HAL_Driver/stm32u5xx_hal_pwr.o
LOAD ./Drivers/STM32U5xx_HAL_Driver/stm32u5xx_hal_pwr_ex.o
LOAD ./Drivers/STM32U5xx_HAL_Driver/stm32u5xx_hal_rcc.o
LOAD ./Drivers/STM32U5xx_HAL_Driver/stm32u5xx_hal_rcc_ex.o
LOAD ./Drivers/STM32U5xx_HAL_Driver/stm32u5xx_hal_spi.o
LOAD ./Drivers/STM32U5xx_HAL_Driver/stm32u5xx_hal_spi_ex.o
LOAD ./Drivers/STM32U5xx_HAL_Driver/stm32u5xx_ll_dlyb.o
START GROUP
LOAD C:/ST/STM32CubeIDE_2.1.1/STM32CubeIDE/plugins/com.st.stm32cube.ide.mcu.externaltools.gnu-tools-for-stm32.14.3.rel1.win32_1.0.100.202602081740/tools/bin/../lib/gcc/arm-none-eabi/14.3.1/../../../../arm-none-eabi/lib/thumb/v8-m.main+fp/hard\libc_nano.a
LOAD C:/ST/STM32CubeIDE_2.1.1/STM32CubeIDE/plugins/com.st.stm32cube.ide.mcu.externaltools.gnu-tools-for-stm32.14.3.rel1.win32_1.0.100.202602081740/tools/bin/../lib/gcc/arm-none-eabi/14.3.1/../../../../arm-none-eabi/lib/thumb/v8-m.main+fp/hard\libm.a
END GROUP
START GROUP
LOAD C:/ST/STM32CubeIDE_2.1.1/STM32CubeIDE/plugins/com.st.stm32cube.ide.mcu.externaltools.gnu-tools-for-stm32.14.3.rel1.win32_1.0.100.202602081740/tools/bin/../lib/gcc/arm-none-eabi/14.3.1/thumb/v8-m.main+fp/hard\libgcc.a
LOAD C:/ST/STM32CubeIDE_2.1.1/STM32CubeIDE/plugins/com.st.stm32cube.ide.mcu.externaltools.gnu-tools-for-stm32.14.3.rel1.win32_1.0.100.202602081740/tools/bin/../lib/gcc/arm-none-eabi/14.3.1/../../../../arm-none-eabi/lib/thumb/v8-m.main+fp/hard\libc_nano.a
END GROUP
START GROUP
LOAD C:/ST/STM32CubeIDE_2.1.1/STM32CubeIDE/plugins/com.st.stm32cube.ide.mcu.externaltools.gnu-tools-for-stm32.14.3.rel1.win32_1.0.100.202602081740/tools/bin/../lib/gcc/arm-none-eabi/14.3.1/thumb/v8-m.main+fp/hard\libgcc.a
LOAD C:/ST/STM32CubeIDE_2.1.1/STM32CubeIDE/plugins/com.st.stm32cube.ide.mcu.externaltools.gnu-tools-for-stm32.14.3.rel1.win32_1.0.100.202602081740/tools/bin/../lib/gcc/arm-none-eabi/14.3.1/../../../../arm-none-eabi/lib/thumb/v8-m.main+fp/hard\libc_nano.a
LOAD C:/ST/STM32CubeIDE_2.1.1/STM32CubeIDE/plugins/com.st.stm32cube.ide.mcu.externaltools.gnu-tools-for-stm32.14.3.rel1.win32_1.0.100.202602081740/tools/bin/../lib/gcc/arm-none-eabi/14.3.1/../../../../arm-none-eabi/lib/thumb/v8-m.main+fp/hard\libnosys.a
END GROUP
START GROUP
LOAD C:/ST/STM32CubeIDE_2.1.1/STM32CubeIDE/plugins/com.st.stm32cube.ide.mcu.externaltools.gnu-tools-for-stm32.14.3.rel1.win32_1.0.100.202602081740/tools/bin/../lib/gcc/arm-none-eabi/14.3.1/thumb/v8-m.main+fp/hard\libgcc.a
LOAD C:/ST/STM32CubeIDE_2.1.1/STM32CubeIDE/plugins/com.st.stm32cube.ide.mcu.externaltools.gnu-tools-for-stm32.14.3.rel1.win32_1.0.100.202602081740/tools/bin/../lib/gcc/arm-none-eabi/14.3.1/../../../../arm-none-eabi/lib/thumb/v8-m.main+fp/hard\libc_nano.a
LOAD C:/ST/STM32CubeIDE_2.1.1/STM32CubeIDE/plugins/com.st.stm32cube.ide.mcu.externaltools.gnu-tools-for-stm32.14.3.rel1.win32_1.0.100.202602081740/tools/bin/../lib/gcc/arm-none-eabi/14.3.1/../../../../arm-none-eabi/lib/thumb/v8-m.main+fp/hard\libnosys.a
END GROUP
LOAD C:/ST/STM32CubeIDE_2.1.1/STM32CubeIDE/plugins/com.st.stm32cube.ide.mcu.externaltools.gnu-tools-for-stm32.14.3.rel1.win32_1.0.100.202602081740/tools/bin/../lib/gcc/arm-none-eabi/14.3.1/thumb/v8-m.main+fp/hard/crtend.o
LOAD C:/ST/STM32CubeIDE_2.1.1/STM32CubeIDE/plugins/com.st.stm32cube.ide.mcu.externaltools.gnu-tools-for-stm32.14.3.rel1.win32_1.0.100.202602081740/tools/bin/../lib/gcc/arm-none-eabi/14.3.1/thumb/v8-m.main+fp/hard/crtn.o
                0x20040000                        _estack = (ORIGIN (RAM) + LENGTH (RAM))
                0x2003fc00                        _sstack = (_estack - _Min_Stack_Size)
                0x00000200                        _Min_Heap_Size = 0x200
                0x00000400                        _Min_Stack_Size = 0x400

.isr_vector     0x08000000      0x238
 *(.isr_vector)
 .isr_vector    0x08000000      0x238 ./Application/User/Startup/startup_stm32u545cetx.o
                0x08000000                g_pfnVectors

.text           0x08000238     0x59c0
 *(.text)
 .text          0x08000238       0x40 C:/ST/STM32CubeIDE_2.1.1/STM32CubeIDE/plugins/com.st.stm32cube.ide.mcu.externaltools.gnu-tools-for-stm32.14.3.rel1.win32_1.0.100.202602081740/tools/bin/../lib/gcc/arm-none-eabi/14.3.1/thumb/v8-m.main+fp/hard/crtbegin.o
 *(.text*)
 .text.ITM_SendChar
                0x08000278       0x4e ./Application/User/Core/main.o
 *fill*         0x080002c6        0x2 
 .text.__io_putchar
                0x080002c8       0x2c ./Application/User/Core/main.o
                0x080002c8                __io_putchar
 .text._write   0x080002f4       0x38 ./Application/User/Core/main.o
                0x080002f4                _write
 .text.FDCAN_DlcToLength
                0x0800032c       0x6c ./Application/User/Core/main.o
 .text.FDCAN1_StartReception
                0x08000398       0x64 ./Application/User/Core/main.o
 .text.HAL_FDCAN_RxFifo0Callback
                0x080003fc       0x5c ./Application/User/Core/main.o
                0x080003fc                HAL_FDCAN_RxFifo0Callback
 .text.main     0x08000458      0x128 ./Application/User/Core/main.o
                0x08000458                main
 .text.SystemClock_Config
                0x08000580       0xb0 ./Application/User/Core/main.o
                0x08000580                SystemClock_Config
 .text.MX_FDCAN1_Init
                0x08000630       0x8c ./Application/User/Core/main.o
 .text.MX_OCTOSPI1_Init
                0x080006bc       0x7c ./Application/User/Core/main.o
 .text.MX_SPI2_Init
                0x08000738       0xdc ./Application/User/Core/main.o
 .text.MX_GPIO_Init
                0x08000814       0xd4 ./Application/User/Core/main.o
 .text.Error_Handler
                0x080008e8        0xc ./Application/User/Core/main.o
                0x080008e8                Error_Handler
 .text.HAL_MspInit
                0x080008f4       0x34 ./Application/User/Core/stm32u5xx_hal_msp.o
                0x080008f4                HAL_MspInit
 .text.HAL_FDCAN_MspInit
                0x08000928       0xe4 ./Application/User/Core/stm32u5xx_hal_msp.o
                0x08000928                HAL_FDCAN_MspInit
 .text.HAL_OSPI_MspInit
                0x08000a0c      0x11c ./Application/User/Core/stm32u5xx_hal_msp.o
                0x08000a0c                HAL_OSPI_MspInit
 .text.HAL_SPI_MspInit
                0x08000b28       0xd4 ./Application/User/Core/stm32u5xx_hal_msp.o
                0x08000b28                HAL_SPI_MspInit
 .text.HardFault_CaptureState
                0x08000bfc       0x8c ./Application/User/Core/stm32u5xx_it.o
 .text.NMI_Handler
                0x08000c88        0x8 ./Application/User/Core/stm32u5xx_it.o
                0x08000c88                NMI_Handler
 .text.HardFault_Handler
                0x08000c90       0x20 ./Application/User/Core/stm32u5xx_it.o
                0x08000c90                HardFault_Handler
 .text.MemManage_Handler
                0x08000cb0        0x8 ./Application/User/Core/stm32u5xx_it.o
                0x08000cb0                MemManage_Handler
 .text.BusFault_Handler
                0x08000cb8        0x8 ./Application/User/Core/stm32u5xx_it.o
                0x08000cb8                BusFault_Handler
 .text.UsageFault_Handler
                0x08000cc0        0x8 ./Application/User/Core/stm32u5xx_it.o
                0x08000cc0                UsageFault_Handler
 .text.SVC_Handler
                0x08000cc8        0xe ./Application/User/Core/stm32u5xx_it.o
                0x08000cc8                SVC_Handler
 .text.DebugMon_Handler
                0x08000cd6        0xe ./Application/User/Core/stm32u5xx_it.o
                0x08000cd6                DebugMon_Handler
 .text.PendSV_Handler
                0x08000ce4        0xe ./Application/User/Core/stm32u5xx_it.o
                0x08000ce4                PendSV_Handler
 .text.SysTick_Handler
                0x08000cf2        0xc ./Application/User/Core/stm32u5xx_it.o
                0x08000cf2                SysTick_Handler
 *fill*         0x08000cfe        0x2 
 .text.FDCAN1_IT0_IRQHandler
                0x08000d00       0x14 ./Application/User/Core/stm32u5xx_it.o
                0x08000d00                FDCAN1_IT0_IRQHandler
 .text._read    0x08000d14       0x3a ./Application/User/Core/syscalls.o
                0x08000d14                _read
 .text._close   0x08000d4e       0x18 ./Application/User/Core/syscalls.o
                0x08000d4e                _close
 .text._fstat   0x08000d66       0x20 ./Application/User/Core/syscalls.o
                0x08000d66                _fstat
 .text._isatty  0x08000d86       0x16 ./Application/User/Core/syscalls.o
                0x08000d86                _isatty
 .text._lseek   0x08000d9c       0x1a ./Application/User/Core/syscalls.o
                0x08000d9c                _lseek
 *fill*         0x08000db6        0x2 
 .text._sbrk    0x08000db8       0x6c ./Application/User/Core/sysmem.o
                0x08000db8                _sbrk
 .text.Reset_Handler
                0x08000e24       0x50 ./Application/User/Startup/startup_stm32u545cetx.o
                0x08000e24                Reset_Handler
 .text.Default_Handler
                0x08000e74        0x2 ./Application/User/Startup/startup_stm32u545cetx.o
                0x08000e74                EXTI2_IRQHandler
                0x08000e74                TIM8_TRG_COM_IRQHandler
                0x08000e74                TIM8_CC_IRQHandler
                0x08000e74                EXTI5_IRQHandler
                0x08000e74                FLASH_S_IRQHandler
                0x08000e74                EXTI13_IRQHandler
                0x08000e74                TIM1_CC_IRQHandler
                0x08000e74                TSC_IRQHandler
                0x08000e74                TAMP_IRQHandler
                0x08000e74                TIM6_IRQHandler
                0x08000e74                EXTI12_IRQHandler
                0x08000e74                CORDIC_IRQHandler
                0x08000e74                EXTI3_IRQHandler
                0x08000e74                LPTIM4_IRQHandler
                0x08000e74                GPDMA1_Channel5_IRQHandler
                0x08000e74                EXTI8_IRQHandler
                0x08000e74                LPTIM2_IRQHandler
                0x08000e74                I2C3_ER_IRQHandler
                0x08000e74                PWR_S3WU_IRQHandler
                0x08000e74                LPDMA1_Channel3_IRQHandler
                0x08000e74                LPTIM3_IRQHandler
                0x08000e74                EXTI0_IRQHandler
                0x08000e74                I2C2_EV_IRQHandler
                0x08000e74                FPU_IRQHandler
                0x08000e74                GPDMA1_Channel3_IRQHandler
                0x08000e74                GPDMA1_Channel7_IRQHandler
                0x08000e74                FDCAN1_IT1_IRQHandler
                0x08000e74                RAMCFG_IRQHandler
                0x08000e74                GPDMA1_Channel9_IRQHandler
                0x08000e74                DCACHE1_IRQHandler
                0x08000e74                SPI1_IRQHandler
                0x08000e74                OCTOSPI1_IRQHandler
                0x08000e74                GPDMA1_Channel2_IRQHandler
                0x08000e74                TIM8_UP_IRQHandler
                0x08000e74                RCC_S_IRQHandler
                0x08000e74                MDF1_FLT1_IRQHandler
                0x08000e74                ADC1_IRQHandler
                0x08000e74                PKA_IRQHandler
                0x08000e74                EXTI15_IRQHandler
                0x08000e74                TIM17_IRQHandler
                0x08000e74                USART3_IRQHandler
                0x08000e74                RTC_IRQHandler
                0x08000e74                EXTI9_IRQHandler
                0x08000e74                UART5_IRQHandler
                0x08000e74                TIM4_IRQHandler
                0x08000e74                I2C1_EV_IRQHandler
                0x08000e74                GPDMA1_Channel12_IRQHandler
                0x08000e74                GPDMA1_Channel1_IRQHandler
                0x08000e74                TIM16_IRQHandler
                0x08000e74                GPDMA1_Channel15_IRQHandler
                0x08000e74                UART4_IRQHandler
                0x08000e74                SecureFault_Handler
                0x08000e74                TIM3_IRQHandler
                0x08000e74                RCC_IRQHandler
                0x08000e74                TIM1_TRG_COM_IRQHandler
                0x08000e74                Default_Handler
                0x08000e74                GPDMA1_Channel8_IRQHandler
                0x08000e74                FMAC_IRQHandler
                0x08000e74                OTFDEC1_IRQHandler
                0x08000e74                GPDMA1_Channel11_IRQHandler
                0x08000e74                TIM7_IRQHandler
                0x08000e74                SDMMC1_IRQHandler
                0x08000e74                SAES_IRQHandler
                0x08000e74                TIM5_IRQHandler
                0x08000e74                GPDMA1_Channel0_IRQHandler
                0x08000e74                TIM15_IRQHandler
                0x08000e74                I2C3_EV_IRQHandler
                0x08000e74                USB_IRQHandler
                0x08000e74                LPDMA1_Channel0_IRQHandler
                0x08000e74                PVD_PVM_IRQHandler
                0x08000e74                SPI2_IRQHandler
                0x08000e74                LPDMA1_Channel1_IRQHandler
                0x08000e74                EXTI14_IRQHandler
                0x08000e74                EXTI11_IRQHandler
                0x08000e74                CRS_IRQHandler
                0x08000e74                GPDMA1_Channel14_IRQHandler
                0x08000e74                LSECSSD_IRQHandler
                0x08000e74                EXTI4_IRQHandler
                0x08000e74                RTC_S_IRQHandler
                0x08000e74                GPDMA1_Channel13_IRQHandler
                0x08000e74                RNG_IRQHandler
                0x08000e74                COMP_IRQHandler
                0x08000e74                TIM1_UP_IRQHandler
                0x08000e74                ADC4_IRQHandler
                0x08000e74                WWDG_IRQHandler
                0x08000e74                I2C4_EV_IRQHandler
                0x08000e74                ADF1_IRQHandler
                0x08000e74                IWDG_IRQHandler
                0x08000e74                LPUART1_IRQHandler
                0x08000e74                MDF1_FLT0_IRQHandler
                0x08000e74                TIM2_IRQHandler
                0x08000e74                GPDMA1_Channel4_IRQHandler
                0x08000e74                EXTI7_IRQHandler
                0x08000e74                TIM1_BRK_IRQHandler
                0x08000e74                EXTI1_IRQHandler
                0x08000e74                AES_IRQHandler
                0x08000e74                DAC1_IRQHandler
                0x08000e74                GTZC_IRQHandler
                0x08000e74                GPDMA1_Channel6_IRQHandler
                0x08000e74                I2C2_ER_IRQHandler
                0x08000e74                TIM8_BRK_IRQHandler
                0x08000e74                FLASH_IRQHandler
                0x08000e74                USART1_IRQHandler
                0x08000e74                EXTI10_IRQHandler
                0x08000e74                SPI3_IRQHandler
                0x08000e74                LPDMA1_Channel2_IRQHandler
                0x08000e74                I2C1_ER_IRQHandler
                0x08000e74                EXTI6_IRQHandler
                0x08000e74                LPTIM1_IRQHandler
                0x08000e74                DCMI_PSSI_IRQHandler
                0x08000e74                I2C4_ER_IRQHandler
                0x08000e74                GPDMA1_Channel10_IRQHandler
                0x08000e74                ICACHE_IRQHandler
                0x08000e74                SAI1_IRQHandler
                0x08000e74                HASH_IRQHandler
 *fill*         0x08000e76        0x2 
 .text.SystemInit
                0x08000e78       0x70 ./Drivers/CMSIS/system_stm32u5xx.o
                0x08000e78                SystemInit
 .text.HAL_Init
                0x08000ee8       0x60 ./Drivers/STM32U5xx_HAL_Driver/stm32u5xx_hal.o
                0x08000ee8                HAL_Init
 .text.HAL_InitTick
                0x08000f48       0xec ./Drivers/STM32U5xx_HAL_Driver/stm32u5xx_hal.o
                0x08000f48                HAL_InitTick
 .text.HAL_IncTick
                0x08001034       0x28 ./Drivers/STM32U5xx_HAL_Driver/stm32u5xx_hal.o
                0x08001034                HAL_IncTick
 .text.HAL_GetTick
                0x0800105c       0x18 ./Drivers/STM32U5xx_HAL_Driver/stm32u5xx_hal.o
                0x0800105c                HAL_GetTick
 .text.__NVIC_SetPriorityGrouping
                0x08001074       0x48 ./Drivers/STM32U5xx_HAL_Driver/stm32u5xx_hal_cortex.o
 .text.__NVIC_GetPriorityGrouping
                0x080010bc       0x1c ./Drivers/STM32U5xx_HAL_Driver/stm32u5xx_hal_cortex.o
 .text.__NVIC_EnableIRQ
                0x080010d8       0x3c ./Drivers/STM32U5xx_HAL_Driver/stm32u5xx_hal_cortex.o
 .text.__NVIC_SetPriority
                0x08001114       0x54 ./Drivers/STM32U5xx_HAL_Driver/stm32u5xx_hal_cortex.o
 .text.NVIC_EncodePriority
                0x08001168       0x66 ./Drivers/STM32U5xx_HAL_Driver/stm32u5xx_hal_cortex.o
 .text.HAL_NVIC_SetPriorityGrouping
                0x080011ce       0x16 ./Drivers/STM32U5xx_HAL_Driver/stm32u5xx_hal_cortex.o
                0x080011ce                HAL_NVIC_SetPriorityGrouping
 .text.HAL_NVIC_SetPriority
                0x080011e4       0x34 ./Drivers/STM32U5xx_HAL_Driver/stm32u5xx_hal_cortex.o
                0x080011e4                HAL_NVIC_SetPriority
 .text.HAL_NVIC_EnableIRQ
                0x08001218       0x1c ./Drivers/STM32U5xx_HAL_Driver/stm32u5xx_hal_cortex.o
                0x08001218                HAL_NVIC_EnableIRQ
 .text.HAL_SYSTICK_Config
                0x08001234       0x44 ./Drivers/STM32U5xx_HAL_Driver/stm32u5xx_hal_cortex.o
                0x08001234                HAL_SYSTICK_Config
 .text.HAL_SYSTICK_CLKSourceConfig
                0x08001278       0xb0 ./Drivers/STM32U5xx_HAL_Driver/stm32u5xx_hal_cortex.o
                0x08001278                HAL_SYSTICK_CLKSourceConfig
 .text.HAL_SYSTICK_GetCLKSourceConfig
                0x08001328       0x74 ./Drivers/STM32U5xx_HAL_Driver/stm32u5xx_hal_cortex.o
                0x08001328                HAL_SYSTICK_GetCLKSourceConfig
 .text.HAL_FDCAN_Init
                0x0800139c      0x2a4 ./Drivers/STM32U5xx_HAL_Driver/stm32u5xx_hal_fdcan.o
                0x0800139c                HAL_FDCAN_Init
 .text.HAL_FDCAN_ConfigGlobalFilter
                0x08001640       0x62 ./Drivers/STM32U5xx_HAL_Driver/stm32u5xx_hal_fdcan.o
                0x08001640                HAL_FDCAN_ConfigGlobalFilter
 .text.HAL_FDCAN_Start
                0x080016a2       0x50 ./Drivers/STM32U5xx_HAL_Driver/stm32u5xx_hal_fdcan.o
                0x080016a2                HAL_FDCAN_Start
 *fill*         0x080016f2        0x2 
 .text.HAL_FDCAN_GetRxMessage
                0x080016f4      0x210 ./Drivers/STM32U5xx_HAL_Driver/stm32u5xx_hal_fdcan.o
                0x080016f4                HAL_FDCAN_GetRxMessage
 .text.HAL_FDCAN_GetProtocolStatus
                0x08001904       0xa0 ./Drivers/STM32U5xx_HAL_Driver/stm32u5xx_hal_fdcan.o
                0x08001904                HAL_FDCAN_GetProtocolStatus
 .text.HAL_FDCAN_GetErrorCounters
                0x080019a4       0x4a ./Drivers/STM32U5xx_HAL_Driver/stm32u5xx_hal_fdcan.o
                0x080019a4                HAL_FDCAN_GetErrorCounters
 .text.HAL_FDCAN_GetRxFifoFillLevel
                0x080019ee       0x3c ./Drivers/STM32U5xx_HAL_Driver/stm32u5xx_hal_fdcan.o
                0x080019ee                HAL_FDCAN_GetRxFifoFillLevel
 .text.HAL_FDCAN_ConfigInterruptLines
                0x08001a2a       0x68 ./Drivers/STM32U5xx_HAL_Driver/stm32u5xx_hal_fdcan.o
                0x08001a2a                HAL_FDCAN_ConfigInterruptLines
 .text.HAL_FDCAN_ActivateNotification
                0x08001a92      0x1cc ./Drivers/STM32U5xx_HAL_Driver/stm32u5xx_hal_fdcan.o
                0x08001a92                HAL_FDCAN_ActivateNotification
 .text.HAL_FDCAN_IRQHandler
                0x08001c5e      0x266 ./Drivers/STM32U5xx_HAL_Driver/stm32u5xx_hal_fdcan.o
                0x08001c5e                HAL_FDCAN_IRQHandler
 .text.HAL_FDCAN_TxEventFifoCallback
                0x08001ec4       0x16 ./Drivers/STM32U5xx_HAL_Driver/stm32u5xx_hal_fdcan.o
                0x08001ec4                HAL_FDCAN_TxEventFifoCallback
 .text.HAL_FDCAN_RxFifo1Callback
                0x08001eda       0x16 ./Drivers/STM32U5xx_HAL_Driver/stm32u5xx_hal_fdcan.o
                0x08001eda                HAL_FDCAN_RxFifo1Callback
 .text.HAL_FDCAN_TxFifoEmptyCallback
                0x08001ef0       0x14 ./Drivers/STM32U5xx_HAL_Driver/stm32u5xx_hal_fdcan.o
                0x08001ef0                HAL_FDCAN_TxFifoEmptyCallback
 .text.HAL_FDCAN_TxBufferCompleteCallback
                0x08001f04       0x16 ./Drivers/STM32U5xx_HAL_Driver/stm32u5xx_hal_fdcan.o
                0x08001f04                HAL_FDCAN_TxBufferCompleteCallback
 .text.HAL_FDCAN_TxBufferAbortCallback
                0x08001f1a       0x16 ./Drivers/STM32U5xx_HAL_Driver/stm32u5xx_hal_fdcan.o
                0x08001f1a                HAL_FDCAN_TxBufferAbortCallback
 .text.HAL_FDCAN_TimestampWraparoundCallback
                0x08001f30       0x14 ./Drivers/STM32U5xx_HAL_Driver/stm32u5xx_hal_fdcan.o
                0x08001f30                HAL_FDCAN_TimestampWraparoundCallback
 .text.HAL_FDCAN_TimeoutOccurredCallback
                0x08001f44       0x14 ./Drivers/STM32U5xx_HAL_Driver/stm32u5xx_hal_fdcan.o
                0x08001f44                HAL_FDCAN_TimeoutOccurredCallback
 .text.HAL_FDCAN_HighPriorityMessageCallback
                0x08001f58       0x14 ./Drivers/STM32U5xx_HAL_Driver/stm32u5xx_hal_fdcan.o
                0x08001f58                HAL_FDCAN_HighPriorityMessageCallback
 .text.HAL_FDCAN_ErrorCallback
                0x08001f6c       0x14 ./Drivers/STM32U5xx_HAL_Driver/stm32u5xx_hal_fdcan.o
                0x08001f6c                HAL_FDCAN_ErrorCallback
 .text.HAL_FDCAN_ErrorStatusCallback
                0x08001f80       0x16 ./Drivers/STM32U5xx_HAL_Driver/stm32u5xx_hal_fdcan.o
                0x08001f80                HAL_FDCAN_ErrorStatusCallback
 *fill*         0x08001f96        0x2 
 .text.FDCAN_CalcultateRamBlockAddresses
                0x08001f98       0xac ./Drivers/STM32U5xx_HAL_Driver/stm32u5xx_hal_fdcan.o
 .text.HAL_GPIO_Init
                0x08002044      0x3c0 ./Drivers/STM32U5xx_HAL_Driver/stm32u5xx_hal_gpio.o
                0x08002044                HAL_GPIO_Init
 .text.HAL_GPIO_WritePin
                0x08002404       0x30 ./Drivers/STM32U5xx_HAL_Driver/stm32u5xx_hal_gpio.o
                0x08002404                HAL_GPIO_WritePin
 .text.HAL_GPIO_TogglePin
                0x08002434       0x34 ./Drivers/STM32U5xx_HAL_Driver/stm32u5xx_hal_gpio.o
                0x08002434                HAL_GPIO_TogglePin
 .text.HAL_OSPI_Init
                0x08002468      0x178 ./Drivers/STM32U5xx_HAL_Driver/stm32u5xx_hal_ospi.o
                0x08002468                HAL_OSPI_Init
 .text.HAL_OSPI_SetTimeout
                0x080025e0       0x1e ./Drivers/STM32U5xx_HAL_Driver/stm32u5xx_hal_ospi.o
                0x080025e0                HAL_OSPI_SetTimeout
 .text.OSPI_WaitFlagStateUntilTimeout
                0x080025fe       0x7e ./Drivers/STM32U5xx_HAL_Driver/stm32u5xx_hal_ospi.o
 .text.HAL_PWREx_ControlVoltageScaling
                0x0800267c       0xfc ./Drivers/STM32U5xx_HAL_Driver/stm32u5xx_hal_pwr_ex.o
                0x0800267c                HAL_PWREx_ControlVoltageScaling
 .text.HAL_PWREx_GetVoltageRange
                0x08002778       0x1c ./Drivers/STM32U5xx_HAL_Driver/stm32u5xx_hal_pwr_ex.o
                0x08002778                HAL_PWREx_GetVoltageRange
 .text.HAL_RCC_OscConfig
                0x08002794      0xdb8 ./Drivers/STM32U5xx_HAL_Driver/stm32u5xx_hal_rcc.o
                0x08002794                HAL_RCC_OscConfig
 .text.HAL_RCC_ClockConfig
                0x0800354c      0x3e4 ./Drivers/STM32U5xx_HAL_Driver/stm32u5xx_hal_rcc.o
                0x0800354c                HAL_RCC_ClockConfig
 .text.HAL_RCC_GetSysClockFreq
                0x08003930      0x204 ./Drivers/STM32U5xx_HAL_Driver/stm32u5xx_hal_rcc.o
                0x08003930                HAL_RCC_GetSysClockFreq
 .text.HAL_RCC_GetHCLKFreq
                0x08003b34       0x34 ./Drivers/STM32U5xx_HAL_Driver/stm32u5xx_hal_rcc.o
                0x08003b34                HAL_RCC_GetHCLKFreq
 .text.RCC_SetFlashLatencyFromMSIRange
                0x08003b68      0x10c ./Drivers/STM32U5xx_HAL_Driver/stm32u5xx_hal_rcc.o
 .text.HAL_RCCEx_PeriphCLKConfig
                0x08003c74      0xa7c ./Drivers/STM32U5xx_HAL_Driver/stm32u5xx_hal_rcc_ex.o
                0x08003c74                HAL_RCCEx_PeriphCLKConfig
 .text.RCCEx_PLL2_Config
                0x080046f0      0x130 ./Drivers/STM32U5xx_HAL_Driver/stm32u5xx_hal_rcc_ex.o
 .text.RCCEx_PLL3_Config
                0x08004820      0x130 ./Drivers/STM32U5xx_HAL_Driver/stm32u5xx_hal_rcc_ex.o
 .text.HAL_SPI_Init
                0x08004950      0x22c ./Drivers/STM32U5xx_HAL_Driver/stm32u5xx_hal_spi.o
                0x08004950                HAL_SPI_Init
 .text.SPI_GetPacketSize
                0x08004b7c       0x36 ./Drivers/STM32U5xx_HAL_Driver/stm32u5xx_hal_spi.o
 .text.HAL_SPIEx_SetConfigAutonomousMode
                0x08004bb2       0x82 ./Drivers/STM32U5xx_HAL_Driver/stm32u5xx_hal_spi_ex.o
                0x08004bb2                HAL_SPIEx_SetConfigAutonomousMode
 .text.std      0x08004c34       0x6c C:/ST/STM32CubeIDE_2.1.1/STM32CubeIDE/plugins/com.st.stm32cube.ide.mcu.externaltools.gnu-tools-for-stm32.14.3.rel1.win32_1.0.100.202602081740/tools/bin/../lib/gcc/arm-none-eabi/14.3.1/../../../../arm-none-eabi/lib/thumb/v8-m.main+fp/hard\libc_nano.a(libc_a-findfp.o)
 .text.stdio_exit_handler
                0x08004ca0       0x18 C:/ST/STM32CubeIDE_2.1.1/STM32CubeIDE/plugins/com.st.stm32cube.ide.mcu.externaltools.gnu-tools-for-stm32.14.3.rel1.win32_1.0.100.202602081740/tools/bin/../lib/gcc/arm-none-eabi/14.3.1/../../../../arm-none-eabi/lib/thumb/v8-m.main+fp/hard\libc_nano.a(libc_a-findfp.o)
 .text.cleanup_stdio
                0x08004cb8       0x40 C:/ST/STM32CubeIDE_2.1.1/STM32CubeIDE/plugins/com.st.stm32cube.ide.mcu.externaltools.gnu-tools-for-stm32.14.3.rel1.win32_1.0.100.202602081740/tools/bin/../lib/gcc/arm-none-eabi/14.3.1/../../../../arm-none-eabi/lib/thumb/v8-m.main+fp/hard\libc_nano.a(libc_a-findfp.o)
 .text.global_stdio_init.part.0
                0x08004cf8       0x40 C:/ST/STM32CubeIDE_2.1.1/STM32CubeIDE/plugins/com.st.stm32cube.ide.mcu.externaltools.gnu-tools-for-stm32.14.3.rel1.win32_1.0.100.202602081740/tools/bin/../lib/gcc/arm-none-eabi/14.3.1/../../../../arm-none-eabi/lib/thumb/v8-m.main+fp/hard\libc_nano.a(libc_a-findfp.o)
 .text.__sfp_lock_acquire
                0x08004d38        0xc C:/ST/STM32CubeIDE_2.1.1/STM32CubeIDE/plugins/com.st.stm32cube.ide.mcu.externaltools.gnu-tools-for-stm32.14.3.rel1.win32_1.0.100.202602081740/tools/bin/../lib/gcc/arm-none-eabi/14.3.1/../../../../arm-none-eabi/lib/thumb/v8-m.main+fp/hard\libc_nano.a(libc_a-findfp.o)
                0x08004d38                __sfp_lock_acquire
 .text.__sfp_lock_release
                0x08004d44        0xc C:/ST/STM32CubeIDE_2.1.1/STM32CubeIDE/plugins/com.st.stm32cube.ide.mcu.externaltools.gnu-tools-for-stm32.14.3.rel1.win32_1.0.100.202602081740/tools/bin/../lib/gcc/arm-none-eabi/14.3.1/../../../../arm-none-eabi/lib/thumb/v8-m.main+fp/hard\libc_nano.a(libc_a-findfp.o)
                0x08004d44                __sfp_lock_release
 .text.__sinit  0x08004d50       0x30 C:/ST/STM32CubeIDE_2.1.1/STM32CubeIDE/plugins/com.st.stm32cube.ide.mcu.externaltools.gnu-tools-for-stm32.14.3.rel1.win32_1.0.100.202602081740/tools/bin/../lib/gcc/arm-none-eabi/14.3.1/../../../../arm-none-eabi/lib/thumb/v8-m.main+fp/hard\libc_nano.a(libc_a-findfp.o)
                0x08004d50                __sinit
 .text._fwalk_sglue
                0x08004d80       0x3c C:/ST/STM32CubeIDE_2.1.1/STM32CubeIDE/plugins/com.st.stm32cube.ide.mcu.externaltools.gnu-tools-for-stm32.14.3.rel1.win32_1.0.100.202602081740/tools/bin/../lib/gcc/arm-none-eabi/14.3.1/../../../../arm-none-eabi/lib/thumb/v8-m.main+fp/hard\libc_nano.a(libc_a-fwalk.o)
                0x08004d80                _fwalk_sglue
 .text.printf   0x08004dbc       0x24 C:/ST/STM32CubeIDE_2.1.1/STM32CubeIDE/plugins/com.st.stm32cube.ide.mcu.externaltools.gnu-tools-for-stm32.14.3.rel1.win32_1.0.100.202602081740/tools/bin/../lib/gcc/arm-none-eabi/14.3.1/../../../../arm-none-eabi/lib/thumb/v8-m.main+fp/hard\libc_nano.a(libc_a-printf.o)
                0x08004dbc                iprintf
                0x08004dbc                printf
 .text.putchar  0x08004de0       0x10 C:/ST/STM32CubeIDE_2.1.1/STM32CubeIDE/plugins/com.st.stm32cube.ide.mcu.externaltools.gnu-tools-for-stm32.14.3.rel1.win32_1.0.100.202602081740/tools/bin/../lib/gcc/arm-none-eabi/14.3.1/../../../../arm-none-eabi/lib/thumb/v8-m.main+fp/hard\libc_nano.a(libc_a-putchar.o)
                0x08004de0                putchar
 .text._puts_r  0x08004df0       0xaa C:/ST/STM32CubeIDE_2.1.1/STM32CubeIDE/plugins/com.st.stm32cube.ide.mcu.externaltools.gnu-tools-for-stm32.14.3.rel1.win32_1.0.100.202602081740/tools/bin/../lib/gcc/arm-none-eabi/14.3.1/../../../../arm-none-eabi/lib/thumb/v8-m.main+fp/hard\libc_nano.a(libc_a-puts.o)
                0x08004df0                _puts_r
 *fill*         0x08004e9a        0x2 
 .text.puts     0x08004e9c       0x10 C:/ST/STM32CubeIDE_2.1.1/STM32CubeIDE/plugins/com.st.stm32cube.ide.mcu.externaltools.gnu-tools-for-stm32.14.3.rel1.win32_1.0.100.202602081740/tools/bin/../lib/gcc/arm-none-eabi/14.3.1/../../../../arm-none-eabi/lib/thumb/v8-m.main+fp/hard\libc_nano.a(libc_a-puts.o)
                0x08004e9c                puts
 .text.__sread  0x08004eac       0x22 C:/ST/STM32CubeIDE_2.1.1/STM32CubeIDE/plugins/com.st.stm32cube.ide.mcu.externaltools.gnu-tools-for-stm32.14.3.rel1.win32_1.0.100.202602081740/tools/bin/../lib/gcc/arm-none-eabi/14.3.1/../../../../arm-none-eabi/lib/thumb/v8-m.main+fp/hard\libc_nano.a(libc_a-stdio.o)
                0x08004eac                __sread
 .text.__swrite
                0x08004ece       0x38 C:/ST/STM32CubeIDE_2.1.1/STM32CubeIDE/plugins/com.st.stm32cube.ide.mcu.externaltools.gnu-tools-for-stm32.14.3.rel1.win32_1.0.100.202602081740/tools/bin/../lib/gcc/arm-none-eabi/14.3.1/../../../../arm-none-eabi/lib/thumb/v8-m.main+fp/hard\libc_nano.a(libc_a-stdio.o)
                0x08004ece                __swrite
 .text.__sseek  0x08004f06       0x26 C:/ST/STM32CubeIDE_2.1.1/STM32CubeIDE/plugins/com.st.stm32cube.ide.mcu.externaltools.gnu-tools-for-stm32.14.3.rel1.win32_1.0.100.202602081740/tools/bin/../lib/gcc/arm-none-eabi/14.3.1/../../../../arm-none-eabi/lib/thumb/v8-m.main+fp/hard\libc_nano.a(libc_a-stdio.o)
                0x08004f06                __sseek
 .text.__sclose
                0x08004f2c        0x8 C:/ST/STM32CubeIDE_2.1.1/STM32CubeIDE/plugins/com.st.stm32cube.ide.mcu.externaltools.gnu-tools-for-stm32.14.3.rel1.win32_1.0.100.202602081740/tools/bin/../lib/gcc/arm-none-eabi/14.3.1/../../../../arm-none-eabi/lib/thumb/v8-m.main+fp/hard\libc_nano.a(libc_a-stdio.o)
                0x08004f2c                __sclose
 .text.__swbuf_r
                0x08004f34       0x7c C:/ST/STM32CubeIDE_2.1.1/STM32CubeIDE/plugins/com.st.stm32cube.ide.mcu.externaltools.gnu-tools-for-stm32.14.3.rel1.win32_1.0.100.202602081740/tools/bin/../lib/gcc/arm-none-eabi/14.3.1/../../../../arm-none-eabi/lib/thumb/v8-m.main+fp/hard\libc_nano.a(libc_a-wbuf.o)
                0x08004f34                __swbuf_r
 .text.__swsetup_r
                0x08004fb0       0xa8 C:/ST/STM32CubeIDE_2.1.1/STM32CubeIDE/plugins/com.st.stm32cube.ide.mcu.externaltools.gnu-tools-for-stm32.14.3.rel1.win32_1.0.100.202602081740/tools/bin/../lib/gcc/arm-none-eabi/14.3.1/../../../../arm-none-eabi/lib/thumb/v8-m.main+fp/hard\libc_nano.a(libc_a-wsetup.o)
                0x08004fb0                __swsetup_r
 .text.memset   0x08005058       0x10 C:/ST/STM32CubeIDE_2.1.1/STM32CubeIDE/plugins/com.st.stm32cube.ide.mcu.externaltools.gnu-tools-for-stm32.14.3.rel1.win32_1.0.100.202602081740/tools/bin/../lib/gcc/arm-none-eabi/14.3.1/../../../../arm-none-eabi/lib/thumb/v8-m.main+fp/hard\libc_nano.a(libc_a-memset.o)
                0x08005058                memset
 .text._close_r
                0x08005068       0x20 C:/ST/STM32CubeIDE_2.1.1/STM32CubeIDE/plugins/com.st.stm32cube.ide.mcu.externaltools.gnu-tools-for-stm32.14.3.rel1.win32_1.0.100.202602081740/tools/bin/../lib/gcc/arm-none-eabi/14.3.1/../../../../arm-none-eabi/lib/thumb/v8-m.main+fp/hard\libc_nano.a(libc_a-closer.o)
                0x08005068                _close_r
 .text._lseek_r
                0x08005088       0x24 C:/ST/STM32CubeIDE_2.1.1/STM32CubeIDE/plugins/com.st.stm32cube.ide.mcu.externaltools.gnu-tools-for-stm32.14.3.rel1.win32_1.0.100.202602081740/tools/bin/../lib/gcc/arm-none-eabi/14.3.1/../../../../arm-none-eabi/lib/thumb/v8-m.main+fp/hard\libc_nano.a(libc_a-lseekr.o)
                0x08005088                _lseek_r
 .text._read_r  0x080050ac       0x24 C:/ST/STM32CubeIDE_2.1.1/STM32CubeIDE/plugins/com.st.stm32cube.ide.mcu.externaltools.gnu-tools-for-stm32.14.3.rel1.win32_1.0.100.202602081740/tools/bin/../lib/gcc/arm-none-eabi/14.3.1/../../../../arm-none-eabi/lib/thumb/v8-m.main+fp/hard\libc_nano.a(libc_a-readr.o)
                0x080050ac                _read_r
 .text._write_r
                0x080050d0       0x24 C:/ST/STM32CubeIDE_2.1.1/STM32CubeIDE/plugins/com.st.stm32cube.ide.mcu.externaltools.gnu-tools-for-stm32.14.3.rel1.win32_1.0.100.202602081740/tools/bin/../lib/gcc/arm-none-eabi/14.3.1/../../../../arm-none-eabi/lib/thumb/v8-m.main+fp/hard\libc_nano.a(libc_a-writer.o)
                0x080050d0                _write_r
 .text.__errno  0x080050f4        0xc C:/ST/STM32CubeIDE_2.1.1/STM32CubeIDE/plugins/com.st.stm32cube.ide.mcu.externaltools.gnu-tools-for-stm32.14.3.rel1.win32_1.0.100.202602081740/tools/bin/../lib/gcc/arm-none-eabi/14.3.1/../../../../arm-none-eabi/lib/thumb/v8-m.main+fp/hard\libc_nano.a(libc_a-errno.o)
                0x080050f4                __errno
 .text.__libc_init_array
                0x08005100       0x48 C:/ST/STM32CubeIDE_2.1.1/STM32CubeIDE/plugins/com.st.stm32cube.ide.mcu.externaltools.gnu-tools-for-stm32.14.3.rel1.win32_1.0.100.202602081740/tools/bin/../lib/gcc/arm-none-eabi/14.3.1/../../../../arm-none-eabi/lib/thumb/v8-m.main+fp/hard\libc_nano.a(libc_a-init.o)
                0x08005100                __libc_init_array
 .text.__retarget_lock_init_recursive
                0x08005148        0x2 C:/ST/STM32CubeIDE_2.1.1/STM32CubeIDE/plugins/com.st.stm32cube.ide.mcu.externaltools.gnu-tools-for-stm32.14.3.rel1.win32_1.0.100.202602081740/tools/bin/../lib/gcc/arm-none-eabi/14.3.1/../../../../arm-none-eabi/lib/thumb/v8-m.main+fp/hard\libc_nano.a(libc_a-lock.o)
                0x08005148                __retarget_lock_init_recursive
 .text.__retarget_lock_acquire_recursive
                0x0800514a        0x2 C:/ST/STM32CubeIDE_2.1.1/STM32CubeIDE/plugins/com.st.stm32cube.ide.mcu.externaltools.gnu-tools-for-stm32.14.3.rel1.win32_1.0.100.202602081740/tools/bin/../lib/gcc/arm-none-eabi/14.3.1/../../../../arm-none-eabi/lib/thumb/v8-m.main+fp/hard\libc_nano.a(libc_a-lock.o)
                0x0800514a                __retarget_lock_acquire_recursive
 .text.__retarget_lock_release_recursive
                0x0800514c        0x2 C:/ST/STM32CubeIDE_2.1.1/STM32CubeIDE/plugins/com.st.stm32cube.ide.mcu.externaltools.gnu-tools-for-stm32.14.3.rel1.win32_1.0.100.202602081740/tools/bin/../lib/gcc/arm-none-eabi/14.3.1/../../../../arm-none-eabi/lib/thumb/v8-m.main+fp/hard\libc_nano.a(libc_a-lock.o)
                0x0800514c                __retarget_lock_release_recursive
 *fill*         0x0800514e        0x2 
 .text._free_r  0x08005150       0x94 C:/ST/STM32CubeIDE_2.1.1/STM32CubeIDE/plugins/com.st.stm32cube.ide.mcu.externaltools.gnu-tools-for-stm32.14.3.rel1.win32_1.0.100.202602081740/tools/bin/../lib/gcc/arm-none-eabi/14.3.1/../../../../arm-none-eabi/lib/thumb/v8-m.main+fp/hard\libc_nano.a(libc_a-freer.o)
                0x08005150                _free_r
 .text.sbrk_aligned
                0x080051e4       0x44 C:/ST/STM32CubeIDE_2.1.1/STM32CubeIDE/plugins/com.st.stm32cube.ide.mcu.externaltools.gnu-tools-for-stm32.14.3.rel1.win32_1.0.100.202602081740/tools/bin/../lib/gcc/arm-none-eabi/14.3.1/../../../../arm-none-eabi/lib/thumb/v8-m.main+fp/hard\libc_nano.a(libc_a-mallocr.o)
 .text._malloc_r
                0x08005228      0x100 C:/ST/STM32CubeIDE_2.1.1/STM32CubeIDE/plugins/com.st.stm32cube.ide.mcu.externaltools.gnu-tools-for-stm32.14.3.rel1.win32_1.0.100.202602081740/tools/bin/../lib/gcc/arm-none-eabi/14.3.1/../../../../arm-none-eabi/lib/thumb/v8-m.main+fp/hard\libc_nano.a(libc_a-mallocr.o)
                0x08005228                _malloc_r
 .text.__malloc_lock
                0x08005328        0xc C:/ST/STM32CubeIDE_2.1.1/STM32CubeIDE/plugins/com.st.stm32cube.ide.mcu.externaltools.gnu-tools-for-stm32.14.3.rel1.win32_1.0.100.202602081740/tools/bin/../lib/gcc/arm-none-eabi/14.3.1/../../../../arm-none-eabi/lib/thumb/v8-m.main+fp/hard\libc_nano.a(libc_a-mlock.o)
                0x08005328                __malloc_lock
 .text.__malloc_unlock
                0x08005334        0xc C:/ST/STM32CubeIDE_2.1.1/STM32CubeIDE/plugins/com.st.stm32cube.ide.mcu.externaltools.gnu-tools-for-stm32.14.3.rel1.win32_1.0.100.202602081740/tools/bin/../lib/gcc/arm-none-eabi/14.3.1/../../../../arm-none-eabi/lib/thumb/v8-m.main+fp/hard\libc_nano.a(libc_a-mlock.o)
                0x08005334                __malloc_unlock
 .text.__sfputc_r
                0x08005340       0x2e C:/ST/STM32CubeIDE_2.1.1/STM32CubeIDE/plugins/com.st.stm32cube.ide.mcu.externaltools.gnu-tools-for-stm32.14.3.rel1.win32_1.0.100.202602081740/tools/bin/../lib/gcc/arm-none-eabi/14.3.1/../../../../arm-none-eabi/lib/thumb/v8-m.main+fp/hard\libc_nano.a(libc_a-nano-vfprintf.o)
 .text.__sfputs_r
                0x0800536e       0x24 C:/ST/STM32CubeIDE_2.1.1/STM32CubeIDE/plugins/com.st.stm32cube.ide.mcu.externaltools.gnu-tools-for-stm32.14.3.rel1.win32_1.0.100.202602081740/tools/bin/../lib/gcc/arm-none-eabi/14.3.1/../../../../arm-none-eabi/lib/thumb/v8-m.main+fp/hard\libc_nano.a(libc_a-nano-vfprintf.o)
                0x0800536e                __sfputs_r
 *fill*         0x08005392        0x2 
 .text._vfprintf_r
                0x08005394      0x228 C:/ST/STM32CubeIDE_2.1.1/STM32CubeIDE/plugins/com.st.stm32cube.ide.mcu.externaltools.gnu-tools-for-stm32.14.3.rel1.win32_1.0.100.202602081740/tools/bin/../lib/gcc/arm-none-eabi/14.3.1/../../../../arm-none-eabi/lib/thumb/v8-m.main+fp/hard\libc_nano.a(libc_a-nano-vfprintf.o)
                0x08005394                _vfprintf_r
                0x08005394                _vfiprintf_r
 .text._printf_common
                0x080055bc       0xe4 C:/ST/STM32CubeIDE_2.1.1/STM32CubeIDE/plugins/com.st.stm32cube.ide.mcu.externaltools.gnu-tools-for-stm32.14.3.rel1.win32_1.0.100.202602081740/tools/bin/../lib/gcc/arm-none-eabi/14.3.1/../../../../arm-none-eabi/lib/thumb/v8-m.main+fp/hard\libc_nano.a(libc_a-nano-vfprintf_i.o)
                0x080055bc                _printf_common
 .text._printf_i
                0x080056a0      0x24c C:/ST/STM32CubeIDE_2.1.1/STM32CubeIDE/plugins/com.st.stm32cube.ide.mcu.externaltools.gnu-tools-for-stm32.14.3.rel1.win32_1.0.100.202602081740/tools/bin/../lib/gcc/arm-none-eabi/14.3.1/../../../../arm-none-eabi/lib/thumb/v8-m.main+fp/hard\libc_nano.a(libc_a-nano-vfprintf_i.o)
                0x080056a0                _printf_i
 .text.__sflush_r
                0x080058ec      0x100 C:/ST/STM32CubeIDE_2.1.1/STM32CubeIDE/plugins/com.st.stm32cube.ide.mcu.externaltools.gnu-tools-for-stm32.14.3.rel1.win32_1.0.100.202602081740/tools/bin/../lib/gcc/arm-none-eabi/14.3.1/../../../../arm-none-eabi/lib/thumb/v8-m.main+fp/hard\libc_nano.a(libc_a-fflush.o)
                0x080058ec                __sflush_r
 .text._fflush_r
                0x080059ec       0x50 C:/ST/STM32CubeIDE_2.1.1/STM32CubeIDE/plugins/com.st.stm32cube.ide.mcu.externaltools.gnu-tools-for-stm32.14.3.rel1.win32_1.0.100.202602081740/tools/bin/../lib/gcc/arm-none-eabi/14.3.1/../../../../arm-none-eabi/lib/thumb/v8-m.main+fp/hard\libc_nano.a(libc_a-fflush.o)
                0x080059ec                _fflush_r
 .text.__swhatbuf_r
                0x08005a3c       0x48 C:/ST/STM32CubeIDE_2.1.1/STM32CubeIDE/plugins/com.st.stm32cube.ide.mcu.externaltools.gnu-tools-for-stm32.14.3.rel1.win32_1.0.100.202602081740/tools/bin/../lib/gcc/arm-none-eabi/14.3.1/../../../../arm-none-eabi/lib/thumb/v8-m.main+fp/hard\libc_nano.a(libc_a-makebuf.o)
                0x08005a3c                __swhatbuf_r
 .text.__smakebuf_r
                0x08005a84       0x72 C:/ST/STM32CubeIDE_2.1.1/STM32CubeIDE/plugins/com.st.stm32cube.ide.mcu.externaltools.gnu-tools-for-stm32.14.3.rel1.win32_1.0.100.202602081740/tools/bin/../lib/gcc/arm-none-eabi/14.3.1/../../../../arm-none-eabi/lib/thumb/v8-m.main+fp/hard\libc_nano.a(libc_a-makebuf.o)
                0x08005a84                __smakebuf_r
 .text._putc_r  0x08005af6       0x68 C:/ST/STM32CubeIDE_2.1.1/STM32CubeIDE/plugins/com.st.stm32cube.ide.mcu.externaltools.gnu-tools-for-stm32.14.3.rel1.win32_1.0.100.202602081740/tools/bin/../lib/gcc/arm-none-eabi/14.3.1/../../../../arm-none-eabi/lib/thumb/v8-m.main+fp/hard\libc_nano.a(libc_a-putc.o)
                0x08005af6                _putc_r
 *fill*         0x08005b5e        0x2 
 .text._fstat_r
                0x08005b60       0x24 C:/ST/STM32CubeIDE_2.1.1/STM32CubeIDE/plugins/com.st.stm32cube.ide.mcu.externaltools.gnu-tools-for-stm32.14.3.rel1.win32_1.0.100.202602081740/tools/bin/../lib/gcc/arm-none-eabi/14.3.1/../../../../arm-none-eabi/lib/thumb/v8-m.main+fp/hard\libc_nano.a(libc_a-fstatr.o)
                0x08005b60                _fstat_r
 .text._isatty_r
                0x08005b84       0x20 C:/ST/STM32CubeIDE_2.1.1/STM32CubeIDE/plugins/com.st.stm32cube.ide.mcu.externaltools.gnu-tools-for-stm32.14.3.rel1.win32_1.0.100.202602081740/tools/bin/../lib/gcc/arm-none-eabi/14.3.1/../../../../arm-none-eabi/lib/thumb/v8-m.main+fp/hard\libc_nano.a(libc_a-isattyr.o)
                0x08005b84                _isatty_r
 .text._sbrk_r  0x08005ba4       0x20 C:/ST/STM32CubeIDE_2.1.1/STM32CubeIDE/plugins/com.st.stm32cube.ide.mcu.externaltools.gnu-tools-for-stm32.14.3.rel1.win32_1.0.100.202602081740/tools/bin/../lib/gcc/arm-none-eabi/14.3.1/../../../../arm-none-eabi/lib/thumb/v8-m.main+fp/hard\libc_nano.a(libc_a-sbrkr.o)
                0x08005ba4                _sbrk_r
 .text.memchr   0x08005bc4       0x1c C:/ST/STM32CubeIDE_2.1.1/STM32CubeIDE/plugins/com.st.stm32cube.ide.mcu.externaltools.gnu-tools-for-stm32.14.3.rel1.win32_1.0.100.202602081740/tools/bin/../lib/gcc/arm-none-eabi/14.3.1/../../../../arm-none-eabi/lib/thumb/v8-m.main+fp/hard\libc_nano.a(libc_a-memchr-stub.o)
                0x08005bc4                memchr
 *(.glue_7)
 .glue_7        0x08005be0        0x0 linker stubs
 *(.glue_7t)
 .glue_7t       0x08005be0        0x0 linker stubs
 *(.eh_frame)
 .eh_frame      0x08005be0        0x0 C:/ST/STM32CubeIDE_2.1.1/STM32CubeIDE/plugins/com.st.stm32cube.ide.mcu.externaltools.gnu-tools-for-stm32.14.3.rel1.win32_1.0.100.202602081740/tools/bin/../lib/gcc/arm-none-eabi/14.3.1/thumb/v8-m.main+fp/hard/crtbegin.o
 *(.init)
 .init          0x08005be0        0x4 C:/ST/STM32CubeIDE_2.1.1/STM32CubeIDE/plugins/com.st.stm32cube.ide.mcu.externaltools.gnu-tools-for-stm32.14.3.rel1.win32_1.0.100.202602081740/tools/bin/../lib/gcc/arm-none-eabi/14.3.1/thumb/v8-m.main+fp/hard/crti.o
                0x08005be0                _init
 .init          0x08005be4        0x8 C:/ST/STM32CubeIDE_2.1.1/STM32CubeIDE/plugins/com.st.stm32cube.ide.mcu.externaltools.gnu-tools-for-stm32.14.3.rel1.win32_1.0.100.202602081740/tools/bin/../lib/gcc/arm-none-eabi/14.3.1/thumb/v8-m.main+fp/hard/crtn.o
 *(.fini)
 .fini          0x08005bec        0x4 C:/ST/STM32CubeIDE_2.1.1/STM32CubeIDE/plugins/com.st.stm32cube.ide.mcu.externaltools.gnu-tools-for-stm32.14.3.rel1.win32_1.0.100.202602081740/tools/bin/../lib/gcc/arm-none-eabi/14.3.1/thumb/v8-m.main+fp/hard/crti.o
                0x08005bec                _fini
 .fini          0x08005bf0        0x8 C:/ST/STM32CubeIDE_2.1.1/STM32CubeIDE/plugins/com.st.stm32cube.ide.mcu.externaltools.gnu-tools-for-stm32.14.3.rel1.win32_1.0.100.202602081740/tools/bin/../lib/gcc/arm-none-eabi/14.3.1/thumb/v8-m.main+fp/hard/crtn.o
                0x08005bf8                        _etext = .

.vfp11_veneer   0x08005bf8        0x0
 .vfp11_veneer  0x08005bf8        0x0 linker stubs

.v4_bx          0x08005bf8        0x0
 .v4_bx         0x08005bf8        0x0 linker stubs

.iplt           0x08005bf8        0x0
 .iplt          0x08005bf8        0x0 C:/ST/STM32CubeIDE_2.1.1/STM32CubeIDE/plugins/com.st.stm32cube.ide.mcu.externaltools.gnu-tools-for-stm32.14.3.rel1.win32_1.0.100.202602081740/tools/bin/../lib/gcc/arm-none-eabi/14.3.1/thumb/v8-m.main+fp/hard/crtbegin.o

.rodata         0x08005bf8      0x16f
 *(.rodata)
 .rodata        0x08005bf8       0x5a ./Application/User/Core/main.o
 *(.rodata*)
 *fill*         0x08005c52        0x2 
 .rodata.AHBPrescTable
                0x08005c54       0x10 ./Drivers/CMSIS/system_stm32u5xx.o
                0x08005c54                AHBPrescTable
 .rodata.MSIRangeTable
                0x08005c64       0x40 ./Drivers/CMSIS/system_stm32u5xx.o
                0x08005c64                MSIRangeTable
 .rodata.DLCtoBytes
                0x08005ca4       0x10 ./Drivers/STM32U5xx_HAL_Driver/stm32u5xx_hal_fdcan.o
 .rodata.LPGPIO_Map
                0x08005cb4       0x80 ./Drivers/STM32U5xx_HAL_Driver/stm32u5xx_hal_gpio.o
 .rodata._vfprintf_r.str1.1
                0x08005d34       0x33 C:/ST/STM32CubeIDE_2.1.1/STM32CubeIDE/plugins/com.st.stm32cube.ide.mcu.externaltools.gnu-tools-for-stm32.14.3.rel1.win32_1.0.100.202602081740/tools/bin/../lib/gcc/arm-none-eabi/14.3.1/../../../../arm-none-eabi/lib/thumb/v8-m.main+fp/hard\libc_nano.a(libc_a-nano-vfprintf.o)
                                 0x11 (size before relaxing)
 .rodata._printf_i.str1.1
                0x08005d67       0x22 C:/ST/STM32CubeIDE_2.1.1/STM32CubeIDE/plugins/com.st.stm32cube.ide.mcu.externaltools.gnu-tools-for-stm32.14.3.rel1.win32_1.0.100.202602081740/tools/bin/../lib/gcc/arm-none-eabi/14.3.1/../../../../arm-none-eabi/lib/thumb/v8-m.main+fp/hard\libc_nano.a(libc_a-nano-vfprintf_i.o)

.ARM.extab
 *(.ARM.extab* .gnu.linkonce.armextab.*)

.ARM            0x08005d67        0x0
                0x08005d67                        __exidx_start = .
 *(.ARM.exidx*)
                0x08005d67                        __exidx_end = .

.preinit_array  0x08005d67        0x0
                0x08005d67                        PROVIDE (__preinit_array_start = .)
 *(.preinit_array*)
                0x08005d67                        PROVIDE (__preinit_array_end = .)

.init_array     0x08005d68        0x4
                0x08005d68                        PROVIDE (__init_array_start = .)
 *(SORT_BY_NAME(.init_array.*))
 *(.init_array*)
 .init_array    0x08005d68        0x4 C:/ST/STM32CubeIDE_2.1.1/STM32CubeIDE/plugins/com.st.stm32cube.ide.mcu.externaltools.gnu-tools-for-stm32.14.3.rel1.win32_1.0.100.202602081740/tools/bin/../lib/gcc/arm-none-eabi/14.3.1/thumb/v8-m.main+fp/hard/crtbegin.o
                0x08005d6c                        PROVIDE (__init_array_end = .)

.fini_array     0x08005d6c        0x4
                [!provide]                        PROVIDE (__fini_array_start = .)
 *(SORT_BY_NAME(.fini_array.*))
 *(.fini_array*)
 .fini_array    0x08005d6c        0x4 C:/ST/STM32CubeIDE_2.1.1/STM32CubeIDE/plugins/com.st.stm32cube.ide.mcu.externaltools.gnu-tools-for-stm32.14.3.rel1.win32_1.0.100.202602081740/tools/bin/../lib/gcc/arm-none-eabi/14.3.1/thumb/v8-m.main+fp/hard/crtbegin.o
                [!provide]                        PROVIDE (__fini_array_end = .)
                0x08005d70                        _sidata = LOADADDR (.data)

.rel.dyn        0x08005d70        0x0
 .rel.iplt      0x08005d70        0x0 C:/ST/STM32CubeIDE_2.1.1/STM32CubeIDE/plugins/com.st.stm32cube.ide.mcu.externaltools.gnu-tools-for-stm32.14.3.rel1.win32_1.0.100.202602081740/tools/bin/../lib/gcc/arm-none-eabi/14.3.1/thumb/v8-m.main+fp/hard/crtbegin.o

.data           0x20000000       0x68 load address 0x08005d70
                0x20000000                        _sdata = .
 *(.data)
 *(.data*)
 .data.SystemCoreClock
                0x20000000        0x4 ./Drivers/CMSIS/system_stm32u5xx.o
                0x20000000                SystemCoreClock
 .data.uwTickPrio
                0x20000004        0x4 ./Drivers/STM32U5xx_HAL_Driver/stm32u5xx_hal.o
                0x20000004                uwTickPrio
 .data.uwTickFreq
                0x20000008        0x1 ./Drivers/STM32U5xx_HAL_Driver/stm32u5xx_hal.o
                0x20000008                uwTickFreq
 *fill*         0x20000009        0x3 
 .data.__sglue  0x2000000c        0xc C:/ST/STM32CubeIDE_2.1.1/STM32CubeIDE/plugins/com.st.stm32cube.ide.mcu.externaltools.gnu-tools-for-stm32.14.3.rel1.win32_1.0.100.202602081740/tools/bin/../lib/gcc/arm-none-eabi/14.3.1/../../../../arm-none-eabi/lib/thumb/v8-m.main+fp/hard\libc_nano.a(libc_a-findfp.o)
                0x2000000c                __sglue
 .data._impure_ptr
                0x20000018        0x4 C:/ST/STM32CubeIDE_2.1.1/STM32CubeIDE/plugins/com.st.stm32cube.ide.mcu.externaltools.gnu-tools-for-stm32.14.3.rel1.win32_1.0.100.202602081740/tools/bin/../lib/gcc/arm-none-eabi/14.3.1/../../../../arm-none-eabi/lib/thumb/v8-m.main+fp/hard\libc_nano.a(libc_a-impure.o)
                0x20000018                _impure_ptr
 .data._impure_data
                0x2000001c       0x4c C:/ST/STM32CubeIDE_2.1.1/STM32CubeIDE/plugins/com.st.stm32cube.ide.mcu.externaltools.gnu-tools-for-stm32.14.3.rel1.win32_1.0.100.202602081740/tools/bin/../lib/gcc/arm-none-eabi/14.3.1/../../../../arm-none-eabi/lib/thumb/v8-m.main+fp/hard\libc_nano.a(libc_a-impure.o)
                0x2000001c                _impure_data
 *(.RamFunc)
 *(.RamFunc*)
                0x20000068                        _edata = .

.igot.plt       0x20000068        0x0 load address 0x08005dd8
 .igot.plt      0x20000068        0x0 C:/ST/STM32CubeIDE_2.1.1/STM32CubeIDE/plugins/com.st.stm32cube.ide.mcu.externaltools.gnu-tools-for-stm32.14.3.rel1.win32_1.0.100.202602081740/tools/bin/../lib/gcc/arm-none-eabi/14.3.1/thumb/v8-m.main+fp/hard/crtbegin.o

.bss            0x20000068      0x35c load address 0x08005dd8
                0x20000068                        _sbss = .
                0x20000068                        __bss_start__ = _sbss
 *(.bss)
 .bss           0x20000068       0x1c C:/ST/STM32CubeIDE_2.1.1/STM32CubeIDE/plugins/com.st.stm32cube.ide.mcu.externaltools.gnu-tools-for-stm32.14.3.rel1.win32_1.0.100.202602081740/tools/bin/../lib/gcc/arm-none-eabi/14.3.1/thumb/v8-m.main+fp/hard/crtbegin.o
 *(.bss*)
 .bss.hfdcan1   0x20000084       0x64 ./Application/User/Core/main.o
                0x20000084                hfdcan1
 .bss.hospi1    0x200000e8       0x5c ./Application/User/Core/main.o
                0x200000e8                hospi1
 .bss.hspi2     0x20000144       0x90 ./Application/User/Core/main.o
                0x20000144                hspi2
 .bss.fdcan1RxPending
                0x200001d4        0x1 ./Application/User/Core/main.o
                0x200001d4                fdcan1RxPending
 *fill*         0x200001d5        0x3 
 .bss.fdcan1RxCount
                0x200001d8        0x4 ./Application/User/Core/main.o
                0x200001d8                fdcan1RxCount
 .bss.fdcan1RxFifo0FillLevel
                0x200001dc        0x4 ./Application/User/Core/main.o
                0x200001dc                fdcan1RxFifo0FillLevel
 .bss.fdcan1RxHeader
                0x200001e0       0x28 ./Application/User/Core/main.o
                0x200001e0                fdcan1RxHeader
 .bss.fdcan1RxData
                0x20000208        0x8 ./Application/User/Core/main.o
                0x20000208                fdcan1RxData
 .bss.fdcan1ProtocolStatus
                0x20000210       0x2c ./Application/User/Core/main.o
                0x20000210                fdcan1ProtocolStatus
 .bss.fdcan1ErrorCounters
                0x2000023c       0x10 ./Application/User/Core/main.o
                0x2000023c                fdcan1ErrorCounters
 .bss.hardfault_cfsr
                0x2000024c        0x4 ./Application/User/Core/stm32u5xx_it.o
                0x2000024c                hardfault_cfsr
 .bss.hardfault_hfsr
                0x20000250        0x4 ./Application/User/Core/stm32u5xx_it.o
                0x20000250                hardfault_hfsr
 .bss.hardfault_dfsr
                0x20000254        0x4 ./Application/User/Core/stm32u5xx_it.o
                0x20000254                hardfault_dfsr
 .bss.hardfault_afsr
                0x20000258        0x4 ./Application/User/Core/stm32u5xx_it.o
                0x20000258                hardfault_afsr
 .bss.hardfault_bfar
                0x2000025c        0x4 ./Application/User/Core/stm32u5xx_it.o
                0x2000025c                hardfault_bfar
 .bss.hardfault_mmfar
                0x20000260        0x4 ./Application/User/Core/stm32u5xx_it.o
                0x20000260                hardfault_mmfar
 .bss.hardfault_icsr
                0x20000264        0x4 ./Application/User/Core/stm32u5xx_it.o
                0x20000264                hardfault_icsr
 .bss.hardfault_msp
                0x20000268        0x4 ./Application/User/Core/stm32u5xx_it.o
                0x20000268                hardfault_msp
 .bss.hardfault_psp
                0x2000026c        0x4 ./Application/User/Core/stm32u5xx_it.o
                0x2000026c                hardfault_psp
 .bss.__sbrk_heap_end
                0x20000270        0x4 ./Application/User/Core/sysmem.o
 .bss.uwTick    0x20000274        0x4 ./Drivers/STM32U5xx_HAL_Driver/stm32u5xx_hal.o
                0x20000274                uwTick
 .bss.__sf      0x20000278      0x138 C:/ST/STM32CubeIDE_2.1.1/STM32CubeIDE/plugins/com.st.stm32cube.ide.mcu.externaltools.gnu-tools-for-stm32.14.3.rel1.win32_1.0.100.202602081740/tools/bin/../lib/gcc/arm-none-eabi/14.3.1/../../../../arm-none-eabi/lib/thumb/v8-m.main+fp/hard\libc_nano.a(libc_a-findfp.o)
                0x20000278                __sf
 .bss.__stdio_exit_handler
                0x200003b0        0x4 C:/ST/STM32CubeIDE_2.1.1/STM32CubeIDE/plugins/com.st.stm32cube.ide.mcu.externaltools.gnu-tools-for-stm32.14.3.rel1.win32_1.0.100.202602081740/tools/bin/../lib/gcc/arm-none-eabi/14.3.1/../../../../arm-none-eabi/lib/thumb/v8-m.main+fp/hard\libc_nano.a(libc_a-findfp.o)
                0x200003b0                __stdio_exit_handler
 .bss.errno     0x200003b4        0x4 C:/ST/STM32CubeIDE_2.1.1/STM32CubeIDE/plugins/com.st.stm32cube.ide.mcu.externaltools.gnu-tools-for-stm32.14.3.rel1.win32_1.0.100.202602081740/tools/bin/../lib/gcc/arm-none-eabi/14.3.1/../../../../arm-none-eabi/lib/thumb/v8-m.main+fp/hard\libc_nano.a(libc_a-reent.o)
                0x200003b4                errno
 .bss.__lock___malloc_recursive_mutex
                0x200003b8        0x1 C:/ST/STM32CubeIDE_2.1.1/STM32CubeIDE/plugins/com.st.stm32cube.ide.mcu.externaltools.gnu-tools-for-stm32.14.3.rel1.win32_1.0.100.202602081740/tools/bin/../lib/gcc/arm-none-eabi/14.3.1/../../../../arm-none-eabi/lib/thumb/v8-m.main+fp/hard\libc_nano.a(libc_a-lock.o)
                0x200003b8                __lock___malloc_recursive_mutex
 .bss.__lock___sfp_recursive_mutex
                0x200003b9        0x1 C:/ST/STM32CubeIDE_2.1.1/STM32CubeIDE/plugins/com.st.stm32cube.ide.mcu.externaltools.gnu-tools-for-stm32.14.3.rel1.win32_1.0.100.202602081740/tools/bin/../lib/gcc/arm-none-eabi/14.3.1/../../../../arm-none-eabi/lib/thumb/v8-m.main+fp/hard\libc_nano.a(libc_a-lock.o)
                0x200003b9                __lock___sfp_recursive_mutex
 *fill*         0x200003ba        0x2 
 .bss.__malloc_sbrk_start
                0x200003bc        0x4 C:/ST/STM32CubeIDE_2.1.1/STM32CubeIDE/plugins/com.st.stm32cube.ide.mcu.externaltools.gnu-tools-for-stm32.14.3.rel1.win32_1.0.100.202602081740/tools/bin/../lib/gcc/arm-none-eabi/14.3.1/../../../../arm-none-eabi/lib/thumb/v8-m.main+fp/hard\libc_nano.a(libc_a-mallocr.o)
                0x200003bc                __malloc_sbrk_start
 .bss.__malloc_free_list
                0x200003c0        0x4 C:/ST/STM32CubeIDE_2.1.1/STM32CubeIDE/plugins/com.st.stm32cube.ide.mcu.externaltools.gnu-tools-for-stm32.14.3.rel1.win32_1.0.100.202602081740/tools/bin/../lib/gcc/arm-none-eabi/14.3.1/../../../../arm-none-eabi/lib/thumb/v8-m.main+fp/hard\libc_nano.a(libc_a-mallocr.o)
                0x200003c0                __malloc_free_list
 *(COMMON)
                0x200003c4                        _ebss = .
                0x200003c4                        __bss_end__ = _ebss

._user_heap_stack
                0x200003c4      0x604 load address 0x08005dd8
                0x200003c8                        . = ALIGN (0x8)
 *fill*         0x200003c4        0x4 
                [!provide]                        PROVIDE (end = .)
                0x200003c8                        PROVIDE (_end = .)
                0x200005c8                        . = (. + _Min_Heap_Size)
 *fill*         0x200003c8      0x200 
                0x200009c8                        . = (. + _Min_Stack_Size)
 *fill*         0x200005c8      0x400 
                0x200009c8                        . = ALIGN (0x8)

/DISCARD/
 libc.a(*)
 libm.a(*)
 libgcc.a(*)

.ARM.attributes
                0x00000000       0x36
 *(.ARM.attributes)
 .ARM.attributes
                0x00000000       0x26 C:/ST/STM32CubeIDE_2.1.1/STM32CubeIDE/plugins/com.st.stm32cube.ide.mcu.externaltools.gnu-tools-for-stm32.14.3.rel1.win32_1.0.100.202602081740/tools/bin/../lib/gcc/arm-none-eabi/14.3.1/thumb/v8-m.main+fp/hard/crti.o
 .ARM.attributes
                0x00000026       0x38 C:/ST/STM32CubeIDE_2.1.1/STM32CubeIDE/plugins/com.st.stm32cube.ide.mcu.externaltools.gnu-tools-for-stm32.14.3.rel1.win32_1.0.100.202602081740/tools/bin/../lib/gcc/arm-none-eabi/14.3.1/thumb/v8-m.main+fp/hard/crtbegin.o
 .ARM.attributes
                0x0000005e       0x3a ./Application/User/Core/main.o
 .ARM.attributes
                0x00000098       0x3a ./Application/User/Core/stm32u5xx_hal_msp.o
 .ARM.attributes
                0x000000d2       0x3a ./Application/User/Core/stm32u5xx_it.o
 .ARM.attributes
                0x0000010c       0x3a ./Application/User/Core/syscalls.o
 .ARM.attributes
                0x00000146       0x3a ./Application/User/Core/sysmem.o
 .ARM.attributes
                0x00000180       0x24 ./Application/User/Startup/startup_stm32u545cetx.o
 .ARM.attributes
                0x000001a4       0x3a ./Drivers/CMSIS/system_stm32u5xx.o
 .ARM.attributes
                0x000001de       0x3a ./Drivers/STM32U5xx_HAL_Driver/stm32u5xx_hal.o
 .ARM.attributes
                0x00000218       0x3a ./Drivers/STM32U5xx_HAL_Driver/stm32u5xx_hal_cortex.o
 .ARM.attributes
                0x00000252       0x3a ./Drivers/STM32U5xx_HAL_Driver/stm32u5xx_hal_fdcan.o
 .ARM.attributes
                0x0000028c       0x3a ./Drivers/STM32U5xx_HAL_Driver/stm32u5xx_hal_gpio.o
 .ARM.attributes
                0x000002c6       0x3a ./Drivers/STM32U5xx_HAL_Driver/stm32u5xx_hal_ospi.o
 .ARM.attributes
                0x00000300       0x3a ./Drivers/STM32U5xx_HAL_Driver/stm32u5xx_hal_pwr_ex.o
 .ARM.attributes
                0x0000033a       0x3a ./Drivers/STM32U5xx_HAL_Driver/stm32u5xx_hal_rcc.o
 .ARM.attributes
                0x00000374       0x3a ./Drivers/STM32U5xx_HAL_Driver/stm32u5xx_hal_rcc_ex.o
 .ARM.attributes
                0x000003ae       0x3a ./Drivers/STM32U5xx_HAL_Driver/stm32u5xx_hal_spi.o
 .ARM.attributes
                0x000003e8       0x3a ./Drivers/STM32U5xx_HAL_Driver/stm32u5xx_hal_spi_ex.o
 .ARM.attributes
                0x00000422       0x38 C:/ST/STM32CubeIDE_2.1.1/STM32CubeIDE/plugins/com.st.stm32cube.ide.mcu.externaltools.gnu-tools-for-stm32.14.3.rel1.win32_1.0.100.202602081740/tools/bin/../lib/gcc/arm-none-eabi/14.3.1/../../../../arm-none-eabi/lib/thumb/v8-m.main+fp/hard\libc_nano.a(libc_a-findfp.o)
 .ARM.attributes
                0x0000045a       0x38 C:/ST/STM32CubeIDE_2.1.1/STM32CubeIDE/plugins/com.st.stm32cube.ide.mcu.externaltools.gnu-tools-for-stm32.14.3.rel1.win32_1.0.100.202602081740/tools/bin/../lib/gcc/arm-none-eabi/14.3.1/../../../../arm-none-eabi/lib/thumb/v8-m.main+fp/hard\libc_nano.a(libc_a-fwalk.o)
 .ARM.attributes
                0x00000492       0x38 C:/ST/STM32CubeIDE_2.1.1/STM32CubeIDE/plugins/com.st.stm32cube.ide.mcu.externaltools.gnu-tools-for-stm32.14.3.rel1.win32_1.0.100.202602081740/tools/bin/../lib/gcc/arm-none-eabi/14.3.1/../../../../arm-none-eabi/lib/thumb/v8-m.main+fp/hard\libc_nano.a(libc_a-printf.o)
 .ARM.attributes
                0x000004ca       0x38 C:/ST/STM32CubeIDE_2.1.1/STM32CubeIDE/plugins/com.st.stm32cube.ide.mcu.externaltools.gnu-tools-for-stm32.14.3.rel1.win32_1.0.100.202602081740/tools/bin/../lib/gcc/arm-none-eabi/14.3.1/../../../../arm-none-eabi/lib/thumb/v8-m.main+fp/hard\libc_nano.a(libc_a-putchar.o)
 .ARM.attributes
                0x00000502       0x38 C:/ST/STM32CubeIDE_2.1.1/STM32CubeIDE/plugins/com.st.stm32cube.ide.mcu.externaltools.gnu-tools-for-stm32.14.3.rel1.win32_1.0.100.202602081740/tools/bin/../lib/gcc/arm-none-eabi/14.3.1/../../../../arm-none-eabi/lib/thumb/v8-m.main+fp/hard\libc_nano.a(libc_a-puts.o)
 .ARM.attributes
                0x0000053a       0x38 C:/ST/STM32CubeIDE_2.1.1/STM32CubeIDE/plugins/com.st.stm32cube.ide.mcu.externaltools.gnu-tools-for-stm32.14.3.rel1.win32_1.0.100.202602081740/tools/bin/../lib/gcc/arm-none-eabi/14.3.1/../../../../arm-none-eabi/lib/thumb/v8-m.main+fp/hard\libc_nano.a(libc_a-stdio.o)
 .ARM.attributes
                0x00000572       0x38 C:/ST/STM32CubeIDE_2.1.1/STM32CubeIDE/plugins/com.st.stm32cube.ide.mcu.externaltools.gnu-tools-for-stm32.14.3.rel1.win32_1.0.100.202602081740/tools/bin/../lib/gcc/arm-none-eabi/14.3.1/../../../../arm-none-eabi/lib/thumb/v8-m.main+fp/hard\libc_nano.a(libc_a-wbuf.o)
 .ARM.attributes
                0x000005aa       0x38 C:/ST/STM32CubeIDE_2.1.1/STM32CubeIDE/plugins/com.st.stm32cube.ide.mcu.externaltools.gnu-tools-for-stm32.14.3.rel1.win32_1.0.100.202602081740/tools/bin/../lib/gcc/arm-none-eabi/14.3.1/../../../../arm-none-eabi/lib/thumb/v8-m.main+fp/hard\libc_nano.a(libc_a-wsetup.o)
 .ARM.attributes
                0x000005e2       0x38 C:/ST/STM32CubeIDE_2.1.1/STM32CubeIDE/plugins/com.st.stm32cube.ide.mcu.externaltools.gnu-tools-for-stm32.14.3.rel1.win32_1.0.100.202602081740/tools/bin/../lib/gcc/arm-none-eabi/14.3.1/../../../../arm-none-eabi/lib/thumb/v8-m.main+fp/hard\libc_nano.a(libc_a-memset.o)
 .ARM.attributes
                0x0000061a       0x38 C:/ST/STM32CubeIDE_2.1.1/STM32CubeIDE/plugins/com.st.stm32cube.ide.mcu.externaltools.gnu-tools-for-stm32.14.3.rel1.win32_1.0.100.202602081740/tools/bin/../lib/gcc/arm-none-eabi/14.3.1/../../../../arm-none-eabi/lib/thumb/v8-m.main+fp/hard\libc_nano.a(libc_a-closer.o)
 .ARM.attributes
                0x00000652       0x38 C:/ST/STM32CubeIDE_2.1.1/STM32CubeIDE/plugins/com.st.stm32cube.ide.mcu.externaltools.gnu-tools-for-stm32.14.3.rel1.win32_1.0.100.202602081740/tools/bin/../lib/gcc/arm-none-eabi/14.3.1/../../../../arm-none-eabi/lib/thumb/v8-m.main+fp/hard\libc_nano.a(libc_a-reent.o)
 .ARM.attributes
                0x0000068a       0x38 C:/ST/STM32CubeIDE_2.1.1/STM32CubeIDE/plugins/com.st.stm32cube.ide.mcu.externaltools.gnu-tools-for-stm32.14.3.rel1.win32_1.0.100.202602081740/tools/bin/../lib/gcc/arm-none-eabi/14.3.1/../../../../arm-none-eabi/lib/thumb/v8-m.main+fp/hard\libc_nano.a(libc_a-impure.o)
 .ARM.attributes
                0x000006c2       0x38 C:/ST/STM32CubeIDE_2.1.1/STM32CubeIDE/plugins/com.st.stm32cube.ide.mcu.externaltools.gnu-tools-for-stm32.14.3.rel1.win32_1.0.100.202602081740/tools/bin/../lib/gcc/arm-none-eabi/14.3.1/../../../../arm-none-eabi/lib/thumb/v8-m.main+fp/hard\libc_nano.a(libc_a-lseekr.o)
 .ARM.attributes
                0x000006fa       0x38 C:/ST/STM32CubeIDE_2.1.1/STM32CubeIDE/plugins/com.st.stm32cube.ide.mcu.externaltools.gnu-tools-for-stm32.14.3.rel1.win32_1.0.100.202602081740/tools/bin/../lib/gcc/arm-none-eabi/14.3.1/../../../../arm-none-eabi/lib/thumb/v8-m.main+fp/hard\libc_nano.a(libc_a-readr.o)
 .ARM.attributes
                0x00000732       0x38 C:/ST/STM32CubeIDE_2.1.1/STM32CubeIDE/plugins/com.st.stm32cube.ide.mcu.externaltools.gnu-tools-for-stm32.14.3.rel1.win32_1.0.100.202602081740/tools/bin/../lib/gcc/arm-none-eabi/14.3.1/../../../../arm-none-eabi/lib/thumb/v8-m.main+fp/hard\libc_nano.a(libc_a-writer.o)
 .ARM.attributes
                0x0000076a       0x38 C:/ST/STM32CubeIDE_2.1.1/STM32CubeIDE/plugins/com.st.stm32cube.ide.mcu.externaltools.gnu-tools-for-stm32.14.3.rel1.win32_1.0.100.202602081740/tools/bin/../lib/gcc/arm-none-eabi/14.3.1/../../../../arm-none-eabi/lib/thumb/v8-m.main+fp/hard\libc_nano.a(libc_a-errno.o)
 .ARM.attributes
                0x000007a2       0x38 C:/ST/STM32CubeIDE_2.1.1/STM32CubeIDE/plugins/com.st.stm32cube.ide.mcu.externaltools.gnu-tools-for-stm32.14.3.rel1.win32_1.0.100.202602081740/tools/bin/../lib/gcc/arm-none-eabi/14.3.1/../../../../arm-none-eabi/lib/thumb/v8-m.main+fp/hard\libc_nano.a(libc_a-init.o)
 .ARM.attributes
                0x000007da       0x38 C:/ST/STM32CubeIDE_2.1.1/STM32CubeIDE/plugins/com.st.stm32cube.ide.mcu.externaltools.gnu-tools-for-stm32.14.3.rel1.win32_1.0.100.202602081740/tools/bin/../lib/gcc/arm-none-eabi/14.3.1/../../../../arm-none-eabi/lib/thumb/v8-m.main+fp/hard\libc_nano.a(libc_a-lock.o)
 .ARM.attributes
                0x00000812       0x38 C:/ST/STM32CubeIDE_2.1.1/STM32CubeIDE/plugins/com.st.stm32cube.ide.mcu.externaltools.gnu-tools-for-stm32.14.3.rel1.win32_1.0.100.202602081740/tools/bin/../lib/gcc/arm-none-eabi/14.3.1/../../../../arm-none-eabi/lib/thumb/v8-m.main+fp/hard\libc_nano.a(libc_a-freer.o)
 .ARM.attributes
                0x0000084a       0x38 C:/ST/STM32CubeIDE_2.1.1/STM32CubeIDE/plugins/com.st.stm32cube.ide.mcu.externaltools.gnu-tools-for-stm32.14.3.rel1.win32_1.0.100.202602081740/tools/bin/../lib/gcc/arm-none-eabi/14.3.1/../../../../arm-none-eabi/lib/thumb/v8-m.main+fp/hard\libc_nano.a(libc_a-mallocr.o)
 .ARM.attributes
                0x00000882       0x38 C:/ST/STM32CubeIDE_2.1.1/STM32CubeIDE/plugins/com.st.stm32cube.ide.mcu.externaltools.gnu-tools-for-stm32.14.3.rel1.win32_1.0.100.202602081740/tools/bin/../lib/gcc/arm-none-eabi/14.3.1/../../../../arm-none-eabi/lib/thumb/v8-m.main+fp/hard\libc_nano.a(libc_a-mlock.o)
 .ARM.attributes
                0x000008ba       0x38 C:/ST/STM32CubeIDE_2.1.1/STM32CubeIDE/plugins/com.st.stm32cube.ide.mcu.externaltools.gnu-tools-for-stm32.14.3.rel1.win32_1.0.100.202602081740/tools/bin/../lib/gcc/arm-none-eabi/14.3.1/../../../../arm-none-eabi/lib/thumb/v8-m.main+fp/hard\libc_nano.a(libc_a-nano-vfprintf.o)
 .ARM.attributes
                0x000008f2       0x38 C:/ST/STM32CubeIDE_2.1.1/STM32CubeIDE/plugins/com.st.stm32cube.ide.mcu.externaltools.gnu-tools-for-stm32.14.3.rel1.win32_1.0.100.202602081740/tools/bin/../lib/gcc/arm-none-eabi/14.3.1/../../../../arm-none-eabi/lib/thumb/v8-m.main+fp/hard\libc_nano.a(libc_a-nano-vfprintf_i.o)
 .ARM.attributes
                0x0000092a       0x38 C:/ST/STM32CubeIDE_2.1.1/STM32CubeIDE/plugins/com.st.stm32cube.ide.mcu.externaltools.gnu-tools-for-stm32.14.3.rel1.win32_1.0.100.202602081740/tools/bin/../lib/gcc/arm-none-eabi/14.3.1/../../../../arm-none-eabi/lib/thumb/v8-m.main+fp/hard\libc_nano.a(libc_a-fflush.o)
 .ARM.attributes
                0x00000962       0x38 C:/ST/STM32CubeIDE_2.1.1/STM32CubeIDE/plugins/com.st.stm32cube.ide.mcu.externaltools.gnu-tools-for-stm32.14.3.rel1.win32_1.0.100.202602081740/tools/bin/../lib/gcc/arm-none-eabi/14.3.1/../../../../arm-none-eabi/lib/thumb/v8-m.main+fp/hard\libc_nano.a(libc_a-makebuf.o)
 .ARM.attributes
                0x0000099a       0x38 C:/ST/STM32CubeIDE_2.1.1/STM32CubeIDE/plugins/com.st.stm32cube.ide.mcu.externaltools.gnu-tools-for-stm32.14.3.rel1.win32_1.0.100.202602081740/tools/bin/../lib/gcc/arm-none-eabi/14.3.1/../../../../arm-none-eabi/lib/thumb/v8-m.main+fp/hard\libc_nano.a(libc_a-putc.o)
 .ARM.attributes
                0x000009d2       0x38 C:/ST/STM32CubeIDE_2.1.1/STM32CubeIDE/plugins/com.st.stm32cube.ide.mcu.externaltools.gnu-tools-for-stm32.14.3.rel1.win32_1.0.100.202602081740/tools/bin/../lib/gcc/arm-none-eabi/14.3.1/../../../../arm-none-eabi/lib/thumb/v8-m.main+fp/hard\libc_nano.a(libc_a-fstatr.o)
 .ARM.attributes
                0x00000a0a       0x38 C:/ST/STM32CubeIDE_2.1.1/STM32CubeIDE/plugins/com.st.stm32cube.ide.mcu.externaltools.gnu-tools-for-stm32.14.3.rel1.win32_1.0.100.202602081740/tools/bin/../lib/gcc/arm-none-eabi/14.3.1/../../../../arm-none-eabi/lib/thumb/v8-m.main+fp/hard\libc_nano.a(libc_a-isattyr.o)
 .ARM.attributes
                0x00000a42       0x38 C:/ST/STM32CubeIDE_2.1.1/STM32CubeIDE/plugins/com.st.stm32cube.ide.mcu.externaltools.gnu-tools-for-stm32.14.3.rel1.win32_1.0.100.202602081740/tools/bin/../lib/gcc/arm-none-eabi/14.3.1/../../../../arm-none-eabi/lib/thumb/v8-m.main+fp/hard\libc_nano.a(libc_a-sbrkr.o)
 .ARM.attributes
                0x00000a7a       0x38 C:/ST/STM32CubeIDE_2.1.1/STM32CubeIDE/plugins/com.st.stm32cube.ide.mcu.externaltools.gnu-tools-for-stm32.14.3.rel1.win32_1.0.100.202602081740/tools/bin/../lib/gcc/arm-none-eabi/14.3.1/../../../../arm-none-eabi/lib/thumb/v8-m.main+fp/hard\libc_nano.a(libc_a-memchr-stub.o)
 .ARM.attributes
                0x00000ab2       0x26 C:/ST/STM32CubeIDE_2.1.1/STM32CubeIDE/plugins/com.st.stm32cube.ide.mcu.externaltools.gnu-tools-for-stm32.14.3.rel1.win32_1.0.100.202602081740/tools/bin/../lib/gcc/arm-none-eabi/14.3.1/thumb/v8-m.main+fp/hard/crtn.o
OUTPUT(MX proj stm32u545cet.elf elf32-littlearm)
LOAD linker stubs
LOAD C:/ST/STM32CubeIDE_2.1.1/STM32CubeIDE/plugins/com.st.stm32cube.ide.mcu.externaltools.gnu-tools-for-stm32.14.3.rel1.win32_1.0.100.202602081740/tools/bin/../lib/gcc/arm-none-eabi/14.3.1/../../../../arm-none-eabi/lib/thumb/v8-m.main+fp/hard\libc.a
LOAD C:/ST/STM32CubeIDE_2.1.1/STM32CubeIDE/plugins/com.st.stm32cube.ide.mcu.externaltools.gnu-tools-for-stm32.14.3.rel1.win32_1.0.100.202602081740/tools/bin/../lib/gcc/arm-none-eabi/14.3.1/../../../../arm-none-eabi/lib/thumb/v8-m.main+fp/hard\libm.a
LOAD C:/ST/STM32CubeIDE_2.1.1/STM32CubeIDE/plugins/com.st.stm32cube.ide.mcu.externaltools.gnu-tools-for-stm32.14.3.rel1.win32_1.0.100.202602081740/tools/bin/../lib/gcc/arm-none-eabi/14.3.1/thumb/v8-m.main+fp/hard\libgcc.a

.debug_info     0x00000000    0x116df
 .debug_info    0x00000000     0x2312 ./Application/User/Core/main.o
 .debug_info    0x00002312     0x1f74 ./Application/User/Core/stm32u5xx_hal_msp.o
 .debug_info    0x00004286      0xb1a ./Application/User/Core/stm32u5xx_it.o
 .debug_info    0x00004da0      0x6a3 ./Application/User/Core/syscalls.o
 .debug_info    0x00005443      0x168 ./Application/User/Core/sysmem.o
 .debug_info    0x000055ab       0x30 ./Application/User/Startup/startup_stm32u545cetx.o
 .debug_info    0x000055db      0x929 ./Drivers/CMSIS/system_stm32u5xx.o
 .debug_info    0x00005f04     0x111c ./Drivers/STM32U5xx_HAL_Driver/stm32u5xx_hal.o
 .debug_info    0x00007020     0x160f ./Drivers/STM32U5xx_HAL_Driver/stm32u5xx_hal_cortex.o
 .debug_info    0x0000862f     0x1920 ./Drivers/STM32U5xx_HAL_Driver/stm32u5xx_hal_fdcan.o
 .debug_info    0x00009f4f      0x859 ./Drivers/STM32U5xx_HAL_Driver/stm32u5xx_hal_gpio.o
 .debug_info    0x0000a7a8     0x1a47 ./Drivers/STM32U5xx_HAL_Driver/stm32u5xx_hal_ospi.o
 .debug_info    0x0000c1ef      0xddc ./Drivers/STM32U5xx_HAL_Driver/stm32u5xx_hal_pwr_ex.o
 .debug_info    0x0000cfcb     0x114d ./Drivers/STM32U5xx_HAL_Driver/stm32u5xx_hal_rcc.o
 .debug_info    0x0000e118     0x1569 ./Drivers/STM32U5xx_HAL_Driver/stm32u5xx_hal_rcc_ex.o
 .debug_info    0x0000f681     0x15c7 ./Drivers/STM32U5xx_HAL_Driver/stm32u5xx_hal_spi.o
 .debug_info    0x00010c48      0xa97 ./Drivers/STM32U5xx_HAL_Driver/stm32u5xx_hal_spi_ex.o

.debug_abbrev   0x00000000     0x2474
 .debug_abbrev  0x00000000      0x381 ./Application/User/Core/main.o
 .debug_abbrev  0x00000381      0x24f ./Application/User/Core/stm32u5xx_hal_msp.o
 .debug_abbrev  0x000005d0      0x215 ./Application/User/Core/stm32u5xx_it.o
 .debug_abbrev  0x000007e5      0x1b6 ./Application/User/Core/syscalls.o
 .debug_abbrev  0x0000099b       0xbc ./Application/User/Core/sysmem.o
 .debug_abbrev  0x00000a57       0x24 ./Application/User/Startup/startup_stm32u545cetx.o
 .debug_abbrev  0x00000a7b      0x129 ./Drivers/CMSIS/system_stm32u5xx.o
 .debug_abbrev  0x00000ba4      0x2a3 ./Drivers/STM32U5xx_HAL_Driver/stm32u5xx_hal.o
 .debug_abbrev  0x00000e47      0x327 ./Drivers/STM32U5xx_HAL_Driver/stm32u5xx_hal_cortex.o
 .debug_abbrev  0x0000116e      0x20b ./Drivers/STM32U5xx_HAL_Driver/stm32u5xx_hal_fdcan.o
 .debug_abbrev  0x00001379      0x25a ./Drivers/STM32U5xx_HAL_Driver/stm32u5xx_hal_gpio.o
 .debug_abbrev  0x000015d3      0x303 ./Drivers/STM32U5xx_HAL_Driver/stm32u5xx_hal_ospi.o
 .debug_abbrev  0x000018d6      0x215 ./Drivers/STM32U5xx_HAL_Driver/stm32u5xx_hal_pwr_ex.o
 .debug_abbrev  0x00001aeb      0x2c9 ./Drivers/STM32U5xx_HAL_Driver/stm32u5xx_hal_rcc.o
 .debug_abbrev  0x00001db4      0x23d ./Drivers/STM32U5xx_HAL_Driver/stm32u5xx_hal_rcc_ex.o
 .debug_abbrev  0x00001ff1      0x2bc ./Drivers/STM32U5xx_HAL_Driver/stm32u5xx_hal_spi.o
 .debug_abbrev  0x000022ad      0x1c7 ./Drivers/STM32U5xx_HAL_Driver/stm32u5xx_hal_spi_ex.o

.debug_aranges  0x00000000      0xec0
 .debug_aranges
                0x00000000       0x80 ./Application/User/Core/main.o
 .debug_aranges
                0x00000080       0x50 ./Application/User/Core/stm32u5xx_hal_msp.o
 .debug_aranges
                0x000000d0       0x70 ./Application/User/Core/stm32u5xx_it.o
 .debug_aranges
                0x00000140       0xa8 ./Application/User/Core/syscalls.o
 .debug_aranges
                0x000001e8       0x20 ./Application/User/Core/sysmem.o
 .debug_aranges
                0x00000208       0x28 ./Application/User/Startup/startup_stm32u545cetx.o
 .debug_aranges
                0x00000230       0x28 ./Drivers/CMSIS/system_stm32u5xx.o
 .debug_aranges
                0x00000258      0x148 ./Drivers/STM32U5xx_HAL_Driver/stm32u5xx_hal.o
 .debug_aranges
                0x000003a0      0x140 ./Drivers/STM32U5xx_HAL_Driver/stm32u5xx_hal_cortex.o
 .debug_aranges
                0x000004e0      0x208 ./Drivers/STM32U5xx_HAL_Driver/stm32u5xx_hal_fdcan.o
 .debug_aranges
                0x000006e8       0x78 ./Drivers/STM32U5xx_HAL_Driver/stm32u5xx_hal_gpio.o
 .debug_aranges
                0x00000760      0x188 ./Drivers/STM32U5xx_HAL_Driver/stm32u5xx_hal_ospi.o
 .debug_aranges
                0x000008e8      0x1e0 ./Drivers/STM32U5xx_HAL_Driver/stm32u5xx_hal_pwr_ex.o
 .debug_aranges
                0x00000ac8       0xa8 ./Drivers/STM32U5xx_HAL_Driver/stm32u5xx_hal_rcc.o
 .debug_aranges
                0x00000b70      0x160 ./Drivers/STM32U5xx_HAL_Driver/stm32u5xx_hal_rcc_ex.o
 .debug_aranges
                0x00000cd0      0x1a8 ./Drivers/STM32U5xx_HAL_Driver/stm32u5xx_hal_spi.o
 .debug_aranges
                0x00000e78       0x48 ./Drivers/STM32U5xx_HAL_Driver/stm32u5xx_hal_spi_ex.o

.debug_rnglists
                0x00000000      0xb1e
 .debug_rnglists
                0x00000000       0x60 ./Application/User/Core/main.o
 .debug_rnglists
                0x00000060       0x3a ./Application/User/Core/stm32u5xx_hal_msp.o
 .debug_rnglists
                0x0000009a       0x50 ./Application/User/Core/stm32u5xx_it.o
 .debug_rnglists
                0x000000ea       0x79 ./Application/User/Core/syscalls.o
 .debug_rnglists
                0x00000163       0x13 ./Application/User/Core/sysmem.o
 .debug_rnglists
                0x00000176       0x19 ./Application/User/Startup/startup_stm32u545cetx.o
 .debug_rnglists
                0x0000018f       0x1a ./Drivers/CMSIS/system_stm32u5xx.o
 .debug_rnglists
                0x000001a9       0xf3 ./Drivers/STM32U5xx_HAL_Driver/stm32u5xx_hal.o
 .debug_rnglists
                0x0000029c       0xec ./Drivers/STM32U5xx_HAL_Driver/stm32u5xx_hal_cortex.o
 .debug_rnglists
                0x00000388      0x18d ./Drivers/STM32U5xx_HAL_Driver/stm32u5xx_hal_fdcan.o
 .debug_rnglists
                0x00000515       0x5a ./Drivers/STM32U5xx_HAL_Driver/stm32u5xx_hal_gpio.o
 .debug_rnglists
                0x0000056f      0x132 ./Drivers/STM32U5xx_HAL_Driver/stm32u5xx_hal_ospi.o
 .debug_rnglists
                0x000006a1      0x16e ./Drivers/STM32U5xx_HAL_Driver/stm32u5xx_hal_pwr_ex.o
 .debug_rnglists
                0x0000080f       0x7f ./Drivers/STM32U5xx_HAL_Driver/stm32u5xx_hal_rcc.o
 .debug_rnglists
                0x0000088e      0x113 ./Drivers/STM32U5xx_HAL_Driver/stm32u5xx_hal_rcc_ex.o
 .debug_rnglists
                0x000009a1      0x148 ./Drivers/STM32U5xx_HAL_Driver/stm32u5xx_hal_spi.o
 .debug_rnglists
                0x00000ae9       0x35 ./Drivers/STM32U5xx_HAL_Driver/stm32u5xx_hal_spi_ex.o

.debug_macro    0x00000000    0x2e77a
 .debug_macro   0x00000000      0x2c5 ./Application/User/Core/main.o
 .debug_macro   0x000002c5      0xade ./Application/User/Core/main.o
 .debug_macro   0x00000da3      0x201 ./Application/User/Core/main.o
 .debug_macro   0x00000fa4       0x2e ./Application/User/Core/main.o
 .debug_macro   0x00000fd2       0x42 ./Application/User/Core/main.o
 .debug_macro   0x00001014       0x22 ./Application/User/Core/main.o
 .debug_macro   0x00001036       0x8e ./Application/User/Core/main.o
 .debug_macro   0x000010c4       0x51 ./Application/User/Core/main.o
 .debug_macro   0x00001115      0x103 ./Application/User/Core/main.o
 .debug_macro   0x00001218       0x6a ./Application/User/Core/main.o
 .debug_macro   0x00001282      0x1df ./Application/User/Core/main.o
 .debug_macro   0x00001461       0x1c ./Application/User/Core/main.o
 .debug_macro   0x0000147d       0x29 ./Application/User/Core/main.o
 .debug_macro   0x000014a6       0xfb ./Application/User/Core/main.o
 .debug_macro   0x000015a1     0x1685 ./Application/User/Core/main.o
 .debug_macro   0x00002c26       0x5e ./Application/User/Core/main.o
 .debug_macro   0x00002c84    0x1e737 ./Application/User/Core/main.o
 .debug_macro   0x000213bb       0x6d ./Application/User/Core/main.o
 .debug_macro   0x00021428     0x393e ./Application/User/Core/main.o
 .debug_macro   0x00024d66      0x190 ./Application/User/Core/main.o
 .debug_macro   0x00024ef6       0x61 ./Application/User/Core/main.o
 .debug_macro   0x00024f57       0x2a ./Application/User/Core/main.o
 .debug_macro   0x00024f81       0x43 ./Application/User/Core/main.o
 .debug_macro   0x00024fc4       0x34 ./Application/User/Core/main.o
 .debug_macro   0x00024ff8      0x364 ./Application/User/Core/main.o
 .debug_macro   0x0002535c       0x16 ./Application/User/Core/main.o
 .debug_macro   0x00025372       0x4a ./Application/User/Core/main.o
 .debug_macro   0x000253bc       0x34 ./Application/User/Core/main.o
 .debug_macro   0x000253f0       0x10 ./Application/User/Core/main.o
 .debug_macro   0x00025400       0x58 ./Application/User/Core/main.o
 .debug_macro   0x00025458       0x8e ./Application/User/Core/main.o
 .debug_macro   0x000254e6       0x1c ./Application/User/Core/main.o
 .debug_macro   0x00025502      0x17e ./Application/User/Core/main.o
 .debug_macro   0x00025680      0x19b ./Application/User/Core/main.o
 .debug_macro   0x0002581b       0x5d ./Application/User/Core/main.o
 .debug_macro   0x00025878     0x1933 ./Application/User/Core/main.o
 .debug_macro   0x000271ab      0x796 ./Application/User/Core/main.o
 .debug_macro   0x00027941      0x166 ./Application/User/Core/main.o
 .debug_macro   0x00027aa7      0x250 ./Application/User/Core/main.o
 .debug_macro   0x00027cf7      0x574 ./Application/User/Core/main.o
 .debug_macro   0x0002826b      0x440 ./Application/User/Core/main.o
 .debug_macro   0x000286ab       0xd6 ./Application/User/Core/main.o
 .debug_macro   0x00028781      0x1cd ./Application/User/Core/main.o
 .debug_macro   0x0002894e      0x42b ./Application/User/Core/main.o
 .debug_macro   0x00028d79       0x95 ./Application/User/Core/main.o
 .debug_macro   0x00028e0e      0x11c ./Application/User/Core/main.o
 .debug_macro   0x00028f2a      0x525 ./Application/User/Core/main.o
 .debug_macro   0x0002944f      0x448 ./Application/User/Core/main.o
 .debug_macro   0x00029897       0x1c ./Application/User/Core/main.o
 .debug_macro   0x000298b3      0x48d ./Application/User/Core/main.o
 .debug_macro   0x00029d40      0x5cf ./Application/User/Core/main.o
 .debug_macro   0x0002a30f       0xee ./Application/User/Core/main.o
 .debug_macro   0x0002a3fd       0xeb ./Application/User/Core/main.o
 .debug_macro   0x0002a4e8      0x1b8 ./Application/User/Core/main.o
 .debug_macro   0x0002a6a0      0x6bd ./Application/User/Core/main.o
 .debug_macro   0x0002ad5d      0x361 ./Application/User/Core/main.o
 .debug_macro   0x0002b0be       0x1c ./Application/User/Core/main.o
 .debug_macro   0x0002b0da       0x1c ./Application/User/Core/main.o
 .debug_macro   0x0002b0f6       0x3c ./Application/User/Core/main.o
 .debug_macro   0x0002b132       0x10 ./Application/User/Core/main.o
 .debug_macro   0x0002b142       0x1c ./Application/User/Core/main.o
 .debug_macro   0x0002b15e       0x16 ./Application/User/Core/main.o
 .debug_macro   0x0002b174      0x146 ./Application/User/Core/main.o
 .debug_macro   0x0002b2ba      0x291 ./Application/User/Core/stm32u5xx_hal_msp.o
 .debug_macro   0x0002b54b      0x29b ./Application/User/Core/stm32u5xx_it.o
 .debug_macro   0x0002b7e6      0x274 ./Application/User/Core/syscalls.o
 .debug_macro   0x0002ba5a       0x5b ./Application/User/Core/syscalls.o
 .debug_macro   0x0002bab5       0x94 ./Application/User/Core/syscalls.o
 .debug_macro   0x0002bb49       0x57 ./Application/User/Core/syscalls.o
 .debug_macro   0x0002bba0       0x10 ./Application/User/Core/syscalls.o
 .debug_macro   0x0002bbb0       0x10 ./Application/User/Core/syscalls.o
 .debug_macro   0x0002bbc0       0x10 ./Application/User/Core/syscalls.o
 .debug_macro   0x0002bbd0       0x10 ./Application/User/Core/syscalls.o
 .debug_macro   0x0002bbe0       0x1c ./Application/User/Core/syscalls.o
 .debug_macro   0x0002bbfc       0x52 ./Application/User/Core/syscalls.o
 .debug_macro   0x0002bc4e       0x22 ./Application/User/Core/syscalls.o
 .debug_macro   0x0002bc70       0x10 ./Application/User/Core/syscalls.o
 .debug_macro   0x0002bc80       0x52 ./Application/User/Core/syscalls.o
 .debug_macro   0x0002bcd2       0xcf ./Application/User/Core/syscalls.o
 .debug_macro   0x0002bda1       0x1c ./Application/User/Core/syscalls.o
 .debug_macro   0x0002bdbd       0x3d ./Application/User/Core/syscalls.o
 .debug_macro   0x0002bdfa       0x35 ./Application/User/Core/syscalls.o
 .debug_macro   0x0002be2f      0x12c ./Application/User/Core/syscalls.o
 .debug_macro   0x0002bf5b       0x16 ./Application/User/Core/syscalls.o
 .debug_macro   0x0002bf71       0x16 ./Application/User/Core/syscalls.o
 .debug_macro   0x0002bf87       0x29 ./Application/User/Core/syscalls.o
 .debug_macro   0x0002bfb0       0x10 ./Application/User/Core/syscalls.o
 .debug_macro   0x0002bfc0      0x242 ./Application/User/Core/syscalls.o
 .debug_macro   0x0002c202       0x10 ./Application/User/Core/syscalls.o
 .debug_macro   0x0002c212      0x18a ./Application/User/Core/syscalls.o
 .debug_macro   0x0002c39c       0x16 ./Application/User/Core/syscalls.o
 .debug_macro   0x0002c3b2       0xce ./Application/User/Core/syscalls.o
 .debug_macro   0x0002c480      0x112 ./Application/User/Core/sysmem.o
 .debug_macro   0x0002c592      0x23c ./Application/User/Core/sysmem.o
 .debug_macro   0x0002c7ce      0x289 ./Drivers/CMSIS/system_stm32u5xx.o
 .debug_macro   0x0002ca57      0x2a6 ./Drivers/STM32U5xx_HAL_Driver/stm32u5xx_hal.o
 .debug_macro   0x0002ccfd      0x282 ./Drivers/STM32U5xx_HAL_Driver/stm32u5xx_hal_cortex.o
 .debug_macro   0x0002cf7f      0x394 ./Drivers/STM32U5xx_HAL_Driver/stm32u5xx_hal_fdcan.o
 .debug_macro   0x0002d313      0x2b7 ./Drivers/STM32U5xx_HAL_Driver/stm32u5xx_hal_gpio.o
 .debug_macro   0x0002d5ca      0x2c9 ./Drivers/STM32U5xx_HAL_Driver/stm32u5xx_hal_ospi.o
 .debug_macro   0x0002d893      0x2ad ./Drivers/STM32U5xx_HAL_Driver/stm32u5xx_hal_pwr_ex.o
 .debug_macro   0x0002db40      0x388 ./Drivers/STM32U5xx_HAL_Driver/stm32u5xx_hal_rcc.o
 .debug_macro   0x0002dec8      0x3a6 ./Drivers/STM32U5xx_HAL_Driver/stm32u5xx_hal_rcc_ex.o
 .debug_macro   0x0002e26e      0x28a ./Drivers/STM32U5xx_HAL_Driver/stm32u5xx_hal_spi.o
 .debug_macro   0x0002e4f8      0x282 ./Drivers/STM32U5xx_HAL_Driver/stm32u5xx_hal_spi_ex.o

.debug_line     0x00000000    0x11644
 .debug_line    0x00000000      0xcad ./Application/User/Core/main.o
 .debug_line    0x00000cad      0xa37 ./Application/User/Core/stm32u5xx_hal_msp.o
 .debug_line    0x000016e4      0xa35 ./Application/User/Core/stm32u5xx_it.o
 .debug_line    0x00002119      0x8be ./Application/User/Core/syscalls.o
 .debug_line    0x000029d7      0x59a ./Application/User/Core/sysmem.o
 .debug_line    0x00002f71       0x7b ./Application/User/Startup/startup_stm32u545cetx.o
 .debug_line    0x00002fec      0x9f6 ./Drivers/CMSIS/system_stm32u5xx.o
 .debug_line    0x000039e2      0xd9b ./Drivers/STM32U5xx_HAL_Driver/stm32u5xx_hal.o
 .debug_line    0x0000477d      0xf45 ./Drivers/STM32U5xx_HAL_Driver/stm32u5xx_hal_cortex.o
 .debug_line    0x000056c2     0x1a64 ./Drivers/STM32U5xx_HAL_Driver/stm32u5xx_hal_fdcan.o
 .debug_line    0x00007126      0xea4 ./Drivers/STM32U5xx_HAL_Driver/stm32u5xx_hal_gpio.o
 .debug_line    0x00007fca     0x18d3 ./Drivers/STM32U5xx_HAL_Driver/stm32u5xx_hal_ospi.o
 .debug_line    0x0000989d     0x11ee ./Drivers/STM32U5xx_HAL_Driver/stm32u5xx_hal_pwr_ex.o
 .debug_line    0x0000aa8b     0x1782 ./Drivers/STM32U5xx_HAL_Driver/stm32u5xx_hal_rcc.o
 .debug_line    0x0000c20d     0x232e ./Drivers/STM32U5xx_HAL_Driver/stm32u5xx_hal_rcc_ex.o
 .debug_line    0x0000e53b     0x2634 ./Drivers/STM32U5xx_HAL_Driver/stm32u5xx_hal_spi.o
 .debug_line    0x00010b6f      0xad5 ./Drivers/STM32U5xx_HAL_Driver/stm32u5xx_hal_spi_ex.o

.debug_str      0x00000000   0x123a79
 .debug_str     0x00000000   0x123a79 ./Application/User/Core/main.o
                             0x11a6a4 (size before relaxing)
 .debug_str     0x00123a79   0x11a404 ./Application/User/Core/stm32u5xx_hal_msp.o
 .debug_str     0x00123a79   0x119157 ./Application/User/Core/stm32u5xx_it.o
 .debug_str     0x00123a79     0x99b6 ./Application/User/Core/syscalls.o
 .debug_str     0x00123a79     0x7760 ./Application/User/Core/sysmem.o
 .debug_str     0x00123a79       0xb5 ./Application/User/Startup/startup_stm32u545cetx.o
 .debug_str     0x00123a79   0x118e83 ./Drivers/CMSIS/system_stm32u5xx.o
 .debug_str     0x00123a79   0x119c22 ./Drivers/STM32U5xx_HAL_Driver/stm32u5xx_hal.o
 .debug_str     0x00123a79   0x119a63 ./Drivers/STM32U5xx_HAL_Driver/stm32u5xx_hal_cortex.o
 .debug_str     0x00123a79   0x11a277 ./Drivers/STM32U5xx_HAL_Driver/stm32u5xx_hal_fdcan.o
 .debug_str     0x00123a79   0x118ea8 ./Drivers/STM32U5xx_HAL_Driver/stm32u5xx_hal_gpio.o
 .debug_str     0x00123a79   0x119ac9 ./Drivers/STM32U5xx_HAL_Driver/stm32u5xx_hal_ospi.o
 .debug_str     0x00123a79   0x119523 ./Drivers/STM32U5xx_HAL_Driver/stm32u5xx_hal_pwr_ex.o
 .debug_str     0x00123a79   0x11a4e8 ./Drivers/STM32U5xx_HAL_Driver/stm32u5xx_hal_rcc.o
 .debug_str     0x00123a79   0x11b656 ./Drivers/STM32U5xx_HAL_Driver/stm32u5xx_hal_rcc_ex.o
 .debug_str     0x00123a79   0x119777 ./Drivers/STM32U5xx_HAL_Driver/stm32u5xx_hal_spi.o
 .debug_str     0x00123a79   0x1192e7 ./Drivers/STM32U5xx_HAL_Driver/stm32u5xx_hal_spi_ex.o

.comment        0x00000000       0x43
 .comment       0x00000000       0x43 ./Application/User/Core/main.o
                                 0x44 (size before relaxing)
 .comment       0x00000043       0x44 ./Application/User/Core/stm32u5xx_hal_msp.o
 .comment       0x00000043       0x44 ./Application/User/Core/stm32u5xx_it.o
 .comment       0x00000043       0x44 ./Application/User/Core/syscalls.o
 .comment       0x00000043       0x44 ./Application/User/Core/sysmem.o
 .comment       0x00000043       0x44 ./Drivers/CMSIS/system_stm32u5xx.o
 .comment       0x00000043       0x44 ./Drivers/STM32U5xx_HAL_Driver/stm32u5xx_hal.o
 .comment       0x00000043       0x44 ./Drivers/STM32U5xx_HAL_Driver/stm32u5xx_hal_cortex.o
 .comment       0x00000043       0x44 ./Drivers/STM32U5xx_HAL_Driver/stm32u5xx_hal_fdcan.o
 .comment       0x00000043       0x44 ./Drivers/STM32U5xx_HAL_Driver/stm32u5xx_hal_gpio.o
 .comment       0x00000043       0x44 ./Drivers/STM32U5xx_HAL_Driver/stm32u5xx_hal_ospi.o
 .comment       0x00000043       0x44 ./Drivers/STM32U5xx_HAL_Driver/stm32u5xx_hal_pwr_ex.o
 .comment       0x00000043       0x44 ./Drivers/STM32U5xx_HAL_Driver/stm32u5xx_hal_rcc.o
 .comment       0x00000043       0x44 ./Drivers/STM32U5xx_HAL_Driver/stm32u5xx_hal_rcc_ex.o
 .comment       0x00000043       0x44 ./Drivers/STM32U5xx_HAL_Driver/stm32u5xx_hal_spi.o
 .comment       0x00000043       0x44 ./Drivers/STM32U5xx_HAL_Driver/stm32u5xx_hal_spi_ex.o

.debug_frame    0x00000000     0x41a0
 .debug_frame   0x00000000      0x1c8 ./Application/User/Core/main.o
 .debug_frame   0x000001c8      0x118 ./Application/User/Core/stm32u5xx_hal_msp.o
 .debug_frame   0x000002e0      0x13c ./Application/User/Core/stm32u5xx_it.o
 .debug_frame   0x0000041c      0x288 ./Application/User/Core/syscalls.o
 .debug_frame   0x000006a4       0x34 ./Application/User/Core/sysmem.o
 .debug_frame   0x000006d8       0x50 ./Drivers/CMSIS/system_stm32u5xx.o
 .debug_frame   0x00000728      0x480 ./Drivers/STM32U5xx_HAL_Driver/stm32u5xx_hal.o
 .debug_frame   0x00000ba8      0x508 ./Drivers/STM32U5xx_HAL_Driver/stm32u5xx_hal_cortex.o
 .debug_frame   0x000010b0      0x8d0 ./Drivers/STM32U5xx_HAL_Driver/stm32u5xx_hal_fdcan.o
 .debug_frame   0x00001980      0x1c0 ./Drivers/STM32U5xx_HAL_Driver/stm32u5xx_hal_gpio.o
 .debug_frame   0x00001b40      0x6bc ./Drivers/STM32U5xx_HAL_Driver/stm32u5xx_hal_ospi.o
 .debug_frame   0x000021fc      0x6f4 ./Drivers/STM32U5xx_HAL_Driver/stm32u5xx_hal_pwr_ex.o
 .debug_frame   0x000028f0      0x268 ./Drivers/STM32U5xx_HAL_Driver/stm32u5xx_hal_rcc.o
 .debug_frame   0x00002b58      0x590 ./Drivers/STM32U5xx_HAL_Driver/stm32u5xx_hal_rcc_ex.o
 .debug_frame   0x000030e8      0x73c ./Drivers/STM32U5xx_HAL_Driver/stm32u5xx_hal_spi.o
 .debug_frame   0x00003824       0xe8 ./Drivers/STM32U5xx_HAL_Driver/stm32u5xx_hal_spi_ex.o
 .debug_frame   0x0000390c      0x144 C:/ST/STM32CubeIDE_2.1.1/STM32CubeIDE/plugins/com.st.stm32cube.ide.mcu.externaltools.gnu-tools-for-stm32.14.3.rel1.win32_1.0.100.202602081740/tools/bin/../lib/gcc/arm-none-eabi/14.3.1/../../../../arm-none-eabi/lib/thumb/v8-m.main+fp/hard\libc_nano.a(libc_a-findfp.o)
 .debug_frame   0x00003a50       0x34 C:/ST/STM32CubeIDE_2.1.1/STM32CubeIDE/plugins/com.st.stm32cube.ide.mcu.externaltools.gnu-tools-for-stm32.14.3.rel1.win32_1.0.100.202602081740/tools/bin/../lib/gcc/arm-none-eabi/14.3.1/../../../../arm-none-eabi/lib/thumb/v8-m.main+fp/hard\libc_nano.a(libc_a-fwalk.o)
 .debug_frame   0x00003a84       0x64 C:/ST/STM32CubeIDE_2.1.1/STM32CubeIDE/plugins/com.st.stm32cube.ide.mcu.externaltools.gnu-tools-for-stm32.14.3.rel1.win32_1.0.100.202602081740/tools/bin/../lib/gcc/arm-none-eabi/14.3.1/../../../../arm-none-eabi/lib/thumb/v8-m.main+fp/hard\libc_nano.a(libc_a-printf.o)
 .debug_frame   0x00003ae8       0x30 C:/ST/STM32CubeIDE_2.1.1/STM32CubeIDE/plugins/com.st.stm32cube.ide.mcu.externaltools.gnu-tools-for-stm32.14.3.rel1.win32_1.0.100.202602081740/tools/bin/../lib/gcc/arm-none-eabi/14.3.1/../../../../arm-none-eabi/lib/thumb/v8-m.main+fp/hard\libc_nano.a(libc_a-putchar.o)
 .debug_frame   0x00003b18       0x3c C:/ST/STM32CubeIDE_2.1.1/STM32CubeIDE/plugins/com.st.stm32cube.ide.mcu.externaltools.gnu-tools-for-stm32.14.3.rel1.win32_1.0.100.202602081740/tools/bin/../lib/gcc/arm-none-eabi/14.3.1/../../../../arm-none-eabi/lib/thumb/v8-m.main+fp/hard\libc_nano.a(libc_a-puts.o)