D:/Onedrive/Inventions/Company_ideas/genos-racing/Code_Space/MX proj stm32u545cet/Core/Src/main.c:77:13:FDCAN1_StartReception	5
D:/Onedrive/Inventions/Company_ideas/genos-racing/Code_Space/MX proj stm32u545cet/Core/Src/main.c:108:6:HAL_FDCAN_RxFifo0Callback	4
D:/Onedrive/Inventions/Company_ideas/genos-racing/Code_Space/MX proj stm32u545cet/Core/Src/main.c:126:5:main	4
D:/Onedrive/Inventions/Company_ideas/genos-racing/Code_Space/MX proj stm32u545cet/Core/Src/main.c:197:6:SystemClock_Config	4
D:/Onedrive/Inventions/Company_ideas/genos-racing/Code_Space/MX proj stm32u545cet/Core/Src/main.c:250:13:MX_FDCAN1_Init	2
D:/Onedrive/Inventions/Company_ideas/genos-racing/Code_Space/MX proj stm32u545cet/Core/Src/main.c:293:13:MX_OCTOSPI1_Init	2
D:/Onedrive/Inventions/Company_ideas/genos-racing/Code_Space/MX proj stm32u545cet/Core/Src/main.c:334:13:MX_SPI2_Init	3
D:/Onedrive/Inventions/Company_ideas/genos-racing/Code_Space/MX proj stm32u545cet/Core/Src/main.c:391:13:MX_GPIO_Init	1
D:/Onedrive/Inventions/Company_ideas/genos-racing/Code_Space/MX proj stm32u545cet/Core/Src/main.c:436:6:Error_Handler	1
