../../Drivers/CMSIS/Include/core_cm33.h:3212:26:ITM_SendChar	16	static,ignoring_inline_asm
D:/Onedrive/Inventions/Company_ideas/genos-racing/Code_Space/MX proj stm32u545cet/Core/Src/main.c:80:5:__io_putchar	16	static
D:/Onedrive/Inventions/Company_ideas/genos-racing/Code_Space/MX proj stm32u545cet/Core/Src/main.c:90:5:_write	32	static
D:/Onedrive/Inventions/Company_ideas/genos-racing/Code_Space/MX proj stm32u545cet/Core/Src/main.c:104:17:FDCAN_DlcToLength	16	static
D:/Onedrive/Inventions/Company_ideas/genos-racing/Code_Space/MX proj stm32u545cet/Core/Src/main.c:121:13:FDCAN1_StartReception	16	static
D:/Onedrive/Inventions/Company_ideas/genos-racing/Code_Space/MX proj stm32u545cet/Core/Src/main.c:152:6:HAL_FDCAN_RxFifo0Callback	16	static
D:/Onedrive/Inventions/Company_ideas/genos-racing/Code_Space/MX proj stm32u545cet/Core/Src/main.c:170:5:main	16	static
D:/Onedrive/Inventions/Company_ideas/genos-racing/Code_Space/MX proj stm32u545cet/Core/Src/main.c:267:6:SystemClock_Config	128	static
D:/Onedrive/Inventions/Company_ideas/genos-racing/Code_Space/MX proj stm32u545cet/Core/Src/main.c:320:13:MX_FDCAN1_Init	8	static
D:/Onedrive/Inventions/Company_ideas/genos-racing/Code_Space/MX proj stm32u545cet/Core/Src/main.c:363:13:MX_OCTOSPI1_Init	8	static
D:/Onedrive/Inventions/Company_ideas/genos-racing/Code_Space/MX proj stm32u545cet/Core/Src/main.c:404:13:MX_SPI2_Init	24	static
D:/Onedrive/Inventions/Company_ideas/genos-racing/Code_Space/MX proj stm32u545cet/Core/Src/main.c:461:13:MX_GPIO_Init	40	static
D:/Onedrive/Inventions/Company_ideas/genos-racing/Code_Space/MX proj stm32u545cet/Core/Src/main.c:506:6:Error_Handler	4	static,ignoring_inline_asm
