D:/Onedrive/Inventions/Company_ideas/genos-racing/Code_Space/MX proj stm32u545cet/Core/Src/main.c:77:13:FDCAN1_StartReception	16	static
D:/Onedrive/Inventions/Company_ideas/genos-racing/Code_Space/MX proj stm32u545cet/Core/Src/main.c:108:6:HAL_FDCAN_RxFifo0Callback	16	static
D:/Onedrive/Inventions/Company_ideas/genos-racing/Code_Space/MX proj stm32u545cet/Core/Src/main.c:126:5:main	16	static
D:/Onedrive/Inventions/Company_ideas/genos-racing/Code_Space/MX proj stm32u545cet/Core/Src/main.c:197:6:SystemClock_Config	128	static
D:/Onedrive/Inventions/Company_ideas/genos-racing/Code_Space/MX proj stm32u545cet/Core/Src/main.c:250:13:MX_FDCAN1_Init	8	static
D:/Onedrive/Inventions/Company_ideas/genos-racing/Code_Space/MX proj stm32u545cet/Core/Src/main.c:293:13:MX_OCTOSPI1_Init	8	static
D:/Onedrive/Inventions/Company_ideas/genos-racing/Code_Space/MX proj stm32u545cet/Core/Src/main.c:334:13:MX_SPI2_Init	24	static
D:/Onedrive/Inventions/Company_ideas/genos-racing/Code_Space/MX proj stm32u545cet/Core/Src/main.c:391:13:MX_GPIO_Init	40	static
D:/Onedrive/Inventions/Company_ideas/genos-racing/Code_Space/MX proj stm32u545cet/Core/Src/main.c:436:6:Error_Handler	4	static,ignoring_inline_asm
